Archive member included to satisfy reference by file (symbol)

C:/ST/STM32CubeIDE_1.15.1/STM32CubeIDE/plugins/com.st.stm32cube.ide.mcu.externaltools.gnu-tools-for-stm32.12.3.rel1.win32_1.0.200.202406191623/tools/bin/../lib/gcc/arm-none-eabi/12.3.1/../../../../arm-none-eabi/lib/thumb/v6-m/nofp\libc_nano.a(libc_a-exit.o)
                              C:/ST/STM32CubeIDE_1.15.1/STM32CubeIDE/plugins/com.st.stm32cube.ide.mcu.externaltools.gnu-tools-for-stm32.12.3.rel1.win32_1.0.200.202406191623/tools/bin/../lib/gcc/arm-none-eabi/12.3.1/../../../../arm-none-eabi/lib/thumb/v6-m/nofp/crt0.o (exit)
C:/ST/STM32CubeIDE_1.15.1/STM32CubeIDE/plugins/com.st.stm32cube.ide.mcu.externaltools.gnu-tools-for-stm32.12.3.rel1.win32_1.0.200.202406191623/tools/bin/../lib/gcc/arm-none-eabi/12.3.1/../../../../arm-none-eabi/lib/thumb/v6-m/nofp\libc_nano.a(libc_a-findfp.o)
                              C:/ST/STM32CubeIDE_1.15.1/STM32CubeIDE/plugins/com.st.stm32cube.ide.mcu.externaltools.gnu-tools-for-stm32.12.3.rel1.win32_1.0.200.202406191623/tools/bin/../lib/gcc/arm-none-eabi/12.3.1/../../../../arm-none-eabi/lib/thumb/v6-m/nofp\libc_nano.a(libc_a-exit.o) (__stdio_exit_handler)
C:/ST/STM32CubeIDE_1.15.1/STM32CubeIDE/plugins/com.st.stm32cube.ide.mcu.externaltools.gnu-tools-for-stm32.12.3.rel1.win32_1.0.200.202406191623/tools/bin/../lib/gcc/arm-none-eabi/12.3.1/../../../../arm-none-eabi/lib/thumb/v6-m/nofp\libc_nano.a(libc_a-fwalk.o)
                              C:/ST/STM32CubeIDE_1.15.1/STM32CubeIDE/plugins/com.st.stm32cube.ide.mcu.externaltools.gnu-tools-for-stm32.12.3.rel1.win32_1.0.200.202406191623/tools/bin/../lib/gcc/arm-none-eabi/12.3.1/../../../../arm-none-eabi/lib/thumb/v6-m/nofp\libc_nano.a(libc_a-findfp.o) (_fwalk_sglue)
C:/ST/STM32CubeIDE_1.15.1/STM32CubeIDE/plugins/com.st.stm32cube.ide.mcu.externaltools.gnu-tools-for-stm32.12.3.rel1.win32_1.0.200.202406191623/tools/bin/../lib/gcc/arm-none-eabi/12.3.1/../../../../arm-none-eabi/lib/thumb/v6-m/nofp\libc_nano.a(libc_a-stdio.o)
                              C:/ST/STM32CubeIDE_1.15.1/STM32CubeIDE/plugins/com.st.stm32cube.ide.mcu.externaltools.gnu-tools-for-stm32.12.3.rel1.win32_1.0.200.202406191623/tools/bin/../lib/gcc/arm-none-eabi/12.3.1/../../../../arm-none-eabi/lib/thumb/v6-m/nofp\libc_nano.a(libc_a-findfp.o) (__sread)
C:/ST/STM32CubeIDE_1.15.1/STM32CubeIDE/plugins/com.st.stm32cube.ide.mcu.externaltools.gnu-tools-for-stm32.12.3.rel1.win32_1.0.200.202406191623/tools/bin/../lib/gcc/arm-none-eabi/12.3.1/../../../../arm-none-eabi/lib/thumb/v6-m/nofp\libc_nano.a(libc_a-memset.o)
                              C:/ST/STM32CubeIDE_1.15.1/STM32CubeIDE/plugins/com.st.stm32cube.ide.mcu.externaltools.gnu-tools-for-stm32.12.3.rel1.win32_1.0.200.202406191623/tools/bin/../lib/gcc/arm-none-eabi/12.3.1/../../../../arm-none-eabi/lib/thumb/v6-m/nofp/crt0.o (memset)
C:/ST/STM32CubeIDE_1.15.1/STM32CubeIDE/plugins/com.st.stm32cube.ide.mcu.externaltools.gnu-tools-for-stm32.12.3.rel1.win32_1.0.200.202406191623/tools/bin/../lib/gcc/arm-none-eabi/12.3.1/../../../../arm-none-eabi/lib/thumb/v6-m/nofp\libc_nano.a(libc_a-closer.o)
                              C:/ST/STM32CubeIDE_1.15.1/STM32CubeIDE/plugins/com.st.stm32cube.ide.mcu.externaltools.gnu-tools-for-stm32.12.3.rel1.win32_1.0.200.202406191623/tools/bin/../lib/gcc/arm-none-eabi/12.3.1/../../../../arm-none-eabi/lib/thumb/v6-m/nofp\libc_nano.a(libc_a-stdio.o) (_close_r)
C:/ST/STM32CubeIDE_1.15.1/STM32CubeIDE/plugins/com.st.stm32cube.ide.mcu.externaltools.gnu-tools-for-stm32.12.3.rel1.win32_1.0.200.202406191623/tools/bin/../lib/gcc/arm-none-eabi/12.3.1/../../../../arm-none-eabi/lib/thumb/v6-m/nofp\libc_nano.a(libc_a-reent.o)
                              C:/ST/STM32CubeIDE_1.15.1/STM32CubeIDE/plugins/com.st.stm32cube.ide.mcu.externaltools.gnu-tools-for-stm32.12.3.rel1.win32_1.0.200.202406191623/tools/bin/../lib/gcc/arm-none-eabi/12.3.1/../../../../arm-none-eabi/lib/thumb/v6-m/nofp\libc_nano.a(libc_a-closer.o) (errno)
C:/ST/STM32CubeIDE_1.15.1/STM32CubeIDE/plugins/com.st.stm32cube.ide.mcu.externaltools.gnu-tools-for-stm32.12.3.rel1.win32_1.0.200.202406191623/tools/bin/../lib/gcc/arm-none-eabi/12.3.1/../../../../arm-none-eabi/lib/thumb/v6-m/nofp\libc_nano.a(libc_a-impure.o)
                              C:/ST/STM32CubeIDE_1.15.1/STM32CubeIDE/plugins/com.st.stm32cube.ide.mcu.externaltools.gnu-tools-for-stm32.12.3.rel1.win32_1.0.200.202406191623/tools/bin/../lib/gcc/arm-none-eabi/12.3.1/../../../../arm-none-eabi/lib/thumb/v6-m/nofp\libc_nano.a(libc_a-reent.o) (_impure_ptr)
C:/ST/STM32CubeIDE_1.15.1/STM32CubeIDE/plugins/com.st.stm32cube.ide.mcu.externaltools.gnu-tools-for-stm32.12.3.rel1.win32_1.0.200.202406191623/tools/bin/../lib/gcc/arm-none-eabi/12.3.1/../../../../arm-none-eabi/lib/thumb/v6-m/nofp\libc_nano.a(libc_a-lseekr.o)
[...]
Memory Configuration

Name             Origin             Length             Attributes
RAM              0x20000000         0x00008000         xrw
FLASH            0x08000000         0x00040000         xr
*default*        0x00000000         0xffffffff

Linker script and memory map

LOAD C:/ST/STM32CubeIDE_1.15.1/STM32CubeIDE/plugins/com.st.stm32cube.ide.mcu.externaltools.gnu-tools-for-stm32.12.3.rel1.win32_1.0.200.202406191623/tools/bin/../lib/gcc/arm-none-eabi/12.3.1/thumb/v6-m/nofp/crti.o
LOAD C:/ST/STM32CubeIDE_1.15.1/STM32CubeIDE/plugins/com.st.stm32cube.ide.mcu.externaltools.gnu-tools-for-stm32.12.3.rel1.win32_1.0.200.202406191623/tools/bin/../lib/gcc/arm-none-eabi/12.3.1/thumb/v6-m/nofp/crtbegin.o
LOAD C:/ST/STM32CubeIDE_1.15.1/STM32CubeIDE/plugins/com.st.stm32cube.ide.mcu.externaltools.gnu-tools-for-stm32.12.3.rel1.win32_1.0.200.202406191623/tools/bin/../lib/gcc/arm-none-eabi/12.3.1/../../../../arm-none-eabi/lib/thumb/v6-m/nofp/crt0.o
LOAD ./Core/Src/main.o
LOAD ./Core/Src/psu.o
LOAD ./Core/Src/stm32f0xx_hal_msp.o
LOAD ./Core/Src/stm32f0xx_it.o
LOAD ./Core/Src/syscalls.o
LOAD ./Core/Src/sysmem.o
LOAD ./Core/Src/system_stm32f0xx.o
LOAD ./Core/Startup/startup_stm32f030cctx.o
LOAD ./Drivers/ST7735/fonts.o
LOAD ./Drivers/ST7735/st7735.o
LOAD ./Drivers/STM32F0xx_HAL_Driver/Src/stm32f0xx_hal.o
LOAD ./Drivers/STM32F0xx_HAL_Driver/Src/stm32f0xx_hal_adc.o
LOAD ./Drivers/STM32F0xx_HAL_Driver/Src/stm32f0xx_hal_adc_ex.o
LOAD ./Drivers/STM32F0xx_HAL_Driver/Src/stm32f0xx_hal_cortex.o
LOAD ./Drivers/STM32F0xx_HAL_Driver/Src/stm32f0xx_hal_crc.o
LOAD ./Drivers/STM32F0xx_HAL_Driver/Src/stm32f0xx_hal_crc_ex.o
LOAD ./Drivers/STM32F0xx_HAL_Driver/Src/stm32f0xx_hal_dma.o
LOAD ./Drivers/STM32F0xx_HAL_Driver/Src/stm32f0xx_hal_exti.o
LOAD ./Drivers/STM32F0xx_HAL_Driver/Src/stm32f0xx_hal_flash.o
LOAD ./Drivers/STM32F0xx_HAL_Driver/Src/stm32f0xx_hal_flash_ex.o
LOAD ./Drivers/STM32F0xx_HAL_Driver/Src/stm32f0xx_hal_gpio.o
LOAD ./Drivers/STM32F0xx_HAL_Driver/Src/stm32f0xx_hal_i2c.o
LOAD ./Drivers/STM32F0xx_HAL_Driver/Src/stm32f0xx_hal_i2c_ex.o
LOAD ./Drivers/STM32F0xx_HAL_Driver/Src/stm32f0xx_hal_pwr.o
LOAD ./Drivers/STM32F0xx_HAL_Driver/Src/stm32f0xx_hal_pwr_ex.o
LOAD ./Drivers/STM32F0xx_HAL_Driver/Src/stm32f0xx_hal_rcc.o
LOAD ./Drivers/STM32F0xx_HAL_Driver/Src/stm32f0xx_hal_rcc_ex.o
LOAD ./Drivers/STM32F0xx_HAL_Driver/Src/stm32f0xx_hal_rtc.o
LOAD ./Drivers/STM32F0xx_HAL_Driver/Src/stm32f0xx_hal_rtc_ex.o
LOAD ./Drivers/STM32F0xx_HAL_Driver/Src/stm32f0xx_hal_spi.o
LOAD ./Drivers/STM32F0xx_HAL_Driver/Src/stm32f0xx_hal_spi_ex.o
LOAD ./Drivers/STM32F0xx_HAL_Driver/Src/stm32f0xx_hal_tim.o
LOAD ./Drivers/STM32F0xx_HAL_Driver/Src/stm32f0xx_hal_tim_ex.o
START GROUP
LOAD C:/ST/STM32CubeIDE_1.15.1/STM32CubeIDE/plugins/com.st.stm32cube.ide.mcu.externaltools.gnu-tools-for-stm32.12.3.rel1.win32_1.0.200.202406191623/tools/bin/../lib/gcc/arm-none-eabi/12.3.1/../../../../arm-none-eabi/lib/thumb/v6-m/nofp\libc_nano.a
LOAD C:/ST/STM32CubeIDE_1.15.1/STM32CubeIDE/plugins/com.st.stm32cube.ide.mcu.externaltools.gnu-tools-for-stm32.12.3.rel1.win32_1.0.200.202406191623/tools/bin/../lib/gcc/arm-none-eabi/12.3.1/../../../../arm-none-eabi/lib/thumb/v6-m/nofp\libm.a
END GROUP
START GROUP
LOAD C:/ST/STM32CubeIDE_1.15.1/STM32CubeIDE/plugins/com.st.stm32cube.ide.mcu.externaltools.gnu-tools-for-stm32.12.3.rel1.win32_1.0.200.202406191623/tools/bin/../lib/gcc/arm-none-eabi/12.3.1/thumb/v6-m/nofp\libgcc.a
LOAD C:/ST/STM32CubeIDE_1.15.1/STM32CubeIDE/plugins/com.st.stm32cube.ide.mcu.externaltools.gnu-tools-for-stm32.12.3.rel1.win32_1.0.200.202406191623/tools/bin/../lib/gcc/arm-none-eabi/12.3.1/../../../../arm-none-eabi/lib/thumb/v6-m/nofp\libc_nano.a
END GROUP
START GROUP
LOAD C:/ST/STM32CubeIDE_1.15.1/STM32CubeIDE/plugins/com.st.stm32cube.ide.mcu.externaltools.gnu-tools-for-stm32.12.3.rel1.win32_1.0.200.202406191623/tools/bin/../lib/gcc/arm-none-eabi/12.3.1/thumb/v6-m/nofp\libgcc.a
LOAD C:/ST/STM32CubeIDE_1.15.1/STM32CubeIDE/plugins/com.st.stm32cube.ide.mcu.externaltools.gnu-tools-for-stm32.12.3.rel1.win32_1.0.200.202406191623/tools/bin/../lib/gcc/arm-none-eabi/12.3.1/../../../../arm-none-eabi/lib/thumb/v6-m/nofp\libc_nano.a
LOAD C:/ST/STM32CubeIDE_1.15.1/STM32CubeIDE/plugins/com.st.stm32cube.ide.mcu.externaltools.gnu-tools-for-stm32.12.3.rel1.win32_1.0.200.202406191623/tools/bin/../lib/gcc/arm-none-eabi/12.3.1/../../../../arm-none-eabi/lib/thumb/v6-m/nofp\libnosys.a
END GROUP
START GROUP
LOAD C:/ST/STM32CubeIDE_1.15.1/STM32CubeIDE/plugins/com.st.stm32cube.ide.mcu.externaltools.gnu-tools-for-stm32.12.3.rel1.win32_1.0.200.202406191623/tools/bin/../lib/gcc/arm-none-eabi/12.3.1/thumb/v6-m/nofp\libgcc.a
LOAD C:/ST/STM32CubeIDE_1.15.1/STM32CubeIDE/plugins/com.st.stm32cube.ide.mcu.externaltools.gnu-tools-for-stm32.12.3.rel1.win32_1.0.200.202406191623/tools/bin/../lib/gcc/arm-none-eabi/12.3.1/../../../../arm-none-eabi/lib/thumb/v6-m/nofp\libc_nano.a
LOAD C:/ST/STM32CubeIDE_1.15.1/STM32CubeIDE/plugins/com.st.stm32cube.ide.mcu.externaltools.gnu-tools-for-stm32.12.3.rel1.win32_1.0.200.202406191623/tools/bin/../lib/gcc/arm-none-eabi/12.3.1/../../../../arm-none-eabi/lib/thumb/v6-m/nofp\libnosys.a
END GROUP
LOAD C:/ST/STM32CubeIDE_1.15.1/STM32CubeIDE/plugins/com.st.stm32cube.ide.mcu.externaltools.gnu-tools-for-stm32.12.3.rel1.win32_1.0.200.202406191623/tools/bin/../lib/gcc/arm-none-eabi/12.3.1/thumb/v6-m/nofp/crtend.o
LOAD C:/ST/STM32CubeIDE_1.15.1/STM32CubeIDE/plugins/com.st.stm32cube.ide.mcu.externaltools.gnu-tools-for-stm32.12.3.rel1.win32_1.0.200.202406191623/tools/bin/../lib/gcc/arm-none-eabi/12.3.1/thumb/v6-m/nofp/crtn.o
                0x20008000                        _estack = (ORIGIN (RAM) + LENGTH (RAM))
                0x00000200                        _Min_Heap_Size = 0x200
                0x00000400                        _Min_Stack_Size = 0x400

.isr_vector     0x08000000       0xbc
                0x08000000                        . = ALIGN (0x4)
 *(.isr_vector)
 .isr_vector    0x08000000       0xbc ./Core/Startup/startup_stm32f030cctx.o
                0x08000000                g_pfnVectors
                0x080000bc                        . = ALIGN (0x4)

.text           0x080000bc     0xebac
                0x080000bc                        . = ALIGN (0x4)
 *(.text)
 .text          0x080000bc       0x48 C:/ST/STM32CubeIDE_1.15.1/STM32CubeIDE/plugins/com.st.stm32cube.ide.mcu.externaltools.gnu-tools-for-stm32.12.3.rel1.win32_1.0.200.202406191623/tools/bin/../lib/gcc/arm-none-eabi/12.3.1/thumb/v6-m/nofp/crtbegin.o
 .text          0x08000104      0x114 C:/ST/STM32CubeIDE_1.15.1/STM32CubeIDE/plugins/com.st.stm32cube.ide.mcu.externaltools.gnu-tools-for-stm32.12.3.rel1.win32_1.0.200.202406191623/tools/bin/../lib/gcc/arm-none-eabi/12.3.1/thumb/v6-m/nofp\libgcc.a(_udivsi3.o)
                0x08000104                __aeabi_uidiv
                0x08000104                __udivsi3
                0x08000210                __aeabi_uidivmod
 .text          0x08000218      0x1d4 C:/ST/STM32CubeIDE_1.15.1/STM32CubeIDE/plugins/com.st.stm32cube.ide.mcu.externaltools.gnu-tools-for-stm32.12.3.rel1.win32_1.0.200.202406191623/tools/bin/../lib/gcc/arm-none-eabi/12.3.1/thumb/v6-m/nofp\libgcc.a(_divsi3.o)
                0x08000218                __divsi3
                0x08000218                __aeabi_idiv
                0x080003e4                __aeabi_idivmod
 .text          0x080003ec        0x4 C:/ST/STM32CubeIDE_1.15.1/STM32CubeIDE/plugins/com.st.stm32cube.ide.mcu.externaltools.gnu-tools-for-stm32.12.3.rel1.win32_1.0.200.202406191623/tools/bin/../lib/gcc/arm-none-eabi/12.3.1/thumb/v6-m/nofp\libgcc.a(_dvmd_tls.o)
                0x080003ec                __aeabi_idiv0
                0x080003ec                __aeabi_ldiv0
 .text          0x080003f0       0x7c C:/ST/STM32CubeIDE_1.15.1/STM32CubeIDE/plugins/com.st.stm32cube.ide.mcu.externaltools.gnu-tools-for-stm32.12.3.rel1.win32_1.0.200.202406191623/tools/bin/../lib/gcc/arm-none-eabi/12.3.1/thumb/v6-m/nofp\libgcc.a(_arm_cmpdf2.o)
                0x080003f0                __aeabi_cdrcmple
                0x08000400                __aeabi_cdcmple
                0x08000400                __aeabi_cdcmpeq
                0x08000410                __aeabi_dcmpeq
                0x0800041c                __aeabi_dcmplt
                0x08000430                __aeabi_dcmple
                0x08000444                __aeabi_dcmpgt
                0x08000458                __aeabi_dcmpge
 .text          0x0800046c       0x74 C:/ST/STM32CubeIDE_1.15.1/STM32CubeIDE/plugins/com.st.stm32cube.ide.mcu.externaltools.gnu-tools-for-stm32.12.3.rel1.win32_1.0.200.202406191623/tools/bin/../lib/gcc/arm-none-eabi/12.3.1/thumb/v6-m/nofp\libgcc.a(_arm_cmpsf2.o)
                0x0800046c                __aeabi_cfrcmple
                0x08000474                __aeabi_cfcmpeq
                0x08000474                __aeabi_cfcmple
                0x08000484                __aeabi_fcmpeq
                0x08000490                __aeabi_fcmplt
                0x080004a4                __aeabi_fcmple
                0x080004b8                __aeabi_fcmpgt
                0x080004cc                __aeabi_fcmpge
 .text          0x080004e0       0x30 C:/ST/STM32CubeIDE_1.15.1/STM32CubeIDE/plugins/com.st.stm32cube.ide.mcu.externaltools.gnu-tools-for-stm32.12.3.rel1.win32_1.0.200.202406191623/tools/bin/../lib/gcc/arm-none-eabi/12.3.1/thumb/v6-m/nofp\libgcc.a(_fixunssfsi.o)
                0x080004e0                __fixunssfsi
                0x080004e0                __aeabi_f2uiz
 .text          0x08000510      0x314 C:/ST/STM32CubeIDE_1.15.1/STM32CubeIDE/plugins/com.st.stm32cube.ide.mcu.externaltools.gnu-tools-for-stm32.12.3.rel1.win32_1.0.200.202406191623/tools/bin/../lib/gcc/arm-none-eabi/12.3.1/thumb/v6-m/nofp\libgcc.a(addsf3.o)
                0x08000510                __aeabi_fadd
 .text          0x08000824      0x240 C:/ST/STM32CubeIDE_1.15.1/STM32CubeIDE/plugins/com.st.stm32cube.ide.mcu.externaltools.gnu-tools-for-stm32.12.3.rel1.win32_1.0.200.202406191623/tools/bin/../lib/gcc/arm-none-eabi/12.3.1/thumb/v6-m/nofp\libgcc.a(divsf3.o)
                0x08000824                __aeabi_fdiv
 .text          0x08000a64       0x50 C:/ST/STM32CubeIDE_1.15.1/STM32CubeIDE/plugins/com.st.stm32cube.ide.mcu.externaltools.gnu-tools-for-stm32.12.3.rel1.win32_1.0.200.202406191623/tools/bin/../lib/gcc/arm-none-eabi/12.3.1/thumb/v6-m/nofp\libgcc.a(eqsf2.o)
                0x08000a64                __eqsf2
                0x08000a64                __nesf2
 .text          0x08000ab4       0xa0 C:/ST/STM32CubeIDE_1.15.1/STM32CubeIDE/plugins/com.st.stm32cube.ide.mcu.externaltools.gnu-tools-for-stm32.12.3.rel1.win32_1.0.200.202406191623/tools/bin/../lib/gcc/arm-none-eabi/12.3.1/thumb/v6-m/nofp\libgcc.a(gesf2.o)
                0x08000ab4                __gesf2
                0x08000ab4                __gtsf2
 .text          0x08000b54       0x9c C:/ST/STM32CubeIDE_1.15.1/STM32CubeIDE/plugins/com.st.stm32cube.ide.mcu.externaltools.gnu-tools-for-stm32.12.3.rel1.win32_1.0.200.202406191623/tools/bin/../lib/gcc/arm-none-eabi/12.3.1/thumb/v6-m/nofp\libgcc.a(lesf2.o)
                0x08000b54                __ltsf2
                0x08000b54                __lesf2
 .text          0x08000bf0      0x27c C:/ST/STM32CubeIDE_1.15.1/STM32CubeIDE/plugins/com.st.stm32cube.ide.mcu.externaltools.gnu-tools-for-stm32.12.3.rel1.win32_1.0.200.202406191623/tools/bin/../lib/gcc/arm-none-eabi/12.3.1/thumb/v6-m/nofp\libgcc.a(mulsf3.o)
                0x08000bf0                __aeabi_fmul
 .text          0x08000e6c      0x348 C:/ST/STM32CubeIDE_1.15.1/STM32CubeIDE/plugins/com.st.stm32cube.ide.mcu.externaltools.gnu-tools-for-stm32.12.3.rel1.win32_1.0.200.202406191623/tools/bin/../lib/gcc/arm-none-eabi/12.3.1/thumb/v6-m/nofp\libgcc.a(subsf3.o)
                0x08000e6c                __aeabi_fsub
 .text          0x080011b4       0x40 C:/ST/STM32CubeIDE_1.15.1/STM32CubeIDE/plugins/com.st.stm32cube.ide.mcu.externaltools.gnu-tools-for-stm32.12.3.rel1.win32_1.0.200.202406191623/tools/bin/../lib/gcc/arm-none-eabi/12.3.1/thumb/v6-m/nofp\libgcc.a(fixsfsi.o)
                0x080011b4                __aeabi_f2iz
 .text          0x080011f4       0x98 C:/ST/STM32CubeIDE_1.15.1/STM32CubeIDE/plugins/com.st.stm32cube.ide.mcu.externaltools.gnu-tools-for-stm32.12.3.rel1.win32_1.0.200.202406191623/tools/bin/../lib/gcc/arm-none-eabi/12.3.1/thumb/v6-m/nofp\libgcc.a(floatsisf.o)
                0x080011f4                __aeabi_i2f
 .text          0x0800128c      0x6c8 C:/ST/STM32CubeIDE_1.15.1/STM32CubeIDE/plugins/com.st.stm32cube.ide.mcu.externaltools.gnu-tools-for-stm32.12.3.rel1.win32_1.0.200.202406191623/tools/bin/../lib/gcc/arm-none-eabi/12.3.1/thumb/v6-m/nofp\libgcc.a(adddf3.o)
                0x0800128c                __aeabi_dadd
 .text          0x08001954      0x634 C:/ST/STM32CubeIDE_1.15.1/STM32CubeIDE/plugins/com.st.stm32cube.ide.mcu.externaltools.gnu-tools-for-stm32.12.3.rel1.win32_1.0.200.202406191623/tools/bin/../lib/gcc/arm-none-eabi/12.3.1/thumb/v6-m/nofp\libgcc.a(divdf3.o)
                0x08001954                __aeabi_ddiv
 .text          0x08001f88       0x88 C:/ST/STM32CubeIDE_1.15.1/STM32CubeIDE/plugins/com.st.stm32cube.ide.mcu.externaltools.gnu-tools-for-stm32.12.3.rel1.win32_1.0.200.202406191623/tools/bin/../lib/gcc/arm-none-eabi/12.3.1/thumb/v6-m/nofp\libgcc.a(eqdf2.o)
                0x08001f88                __nedf2
                0x08001f88                __eqdf2
 .text          0x08002010       0xe8 C:/ST/STM32CubeIDE_1.15.1/STM32CubeIDE/plugins/com.st.stm32cube.ide.mcu.externaltools.gnu-tools-for-stm32.12.3.rel1.win32_1.0.200.202406191623/tools/bin/../lib/gcc/arm-none-eabi/12.3.1/thumb/v6-m/nofp\libgcc.a(gedf2.o)
                0x08002010                __gedf2
                0x08002010                __gtdf2
 .text          0x080020f8       0xe4 C:/ST/STM32CubeIDE_1.15.1/STM32CubeIDE/plugins/com.st.stm32cube.ide.mcu.externaltools.gnu-tools-for-stm32.12.3.rel1.win32_1.0.200.202406191623/tools/bin/../lib/gcc/arm-none-eabi/12.3.1/thumb/v6-m/nofp\libgcc.a(ledf2.o)
                0x080020f8                __ledf2
                0x080020f8                __ltdf2
 .text          0x080021dc      0x590 C:/ST/STM32CubeIDE_1.15.1/STM32CubeIDE/plugins/com.st.stm32cube.ide.mcu.externaltools.gnu-tools-for-stm32.12.3.rel1.win32_1.0.200.202406191623/tools/bin/../lib/gcc/arm-none-eabi/12.3.1/thumb/v6-m/nofp\libgcc.a(muldf3.o)
                0x080021dc                __aeabi_dmul
 .text          0x0800276c      0x738 C:/ST/STM32CubeIDE_1.15.1/STM32CubeIDE/plugins/com.st.stm32cube.ide.mcu.externaltools.gnu-tools-for-stm32.12.3.rel1.win32_1.0.200.202406191623/tools/bin/../lib/gcc/arm-none-eabi/12.3.1/thumb/v6-m/nofp\libgcc.a(subdf3.o)
                0x0800276c                __aeabi_dsub
 .text          0x08002ea4       0x5c C:/ST/STM32CubeIDE_1.15.1/STM32CubeIDE/plugins/com.st.stm32cube.ide.mcu.externaltools.gnu-tools-for-stm32.12.3.rel1.win32_1.0.200.202406191623/tools/bin/../lib/gcc/arm-none-eabi/12.3.1/thumb/v6-m/nofp\libgcc.a(floatsidf.o)
                0x08002ea4                __aeabi_i2d
 .text          0x08002f00       0x90 C:/ST/STM32CubeIDE_1.15.1/STM32CubeIDE/plugins/com.st.stm32cube.ide.mcu.externaltools.gnu-tools-for-stm32.12.3.rel1.win32_1.0.200.202406191623/tools/bin/../lib/gcc/arm-none-eabi/12.3.1/thumb/v6-m/nofp\libgcc.a(extendsfdf2.o)
                0x08002f00                __aeabi_f2d
 .text          0x08002f90      0x108 C:/ST/STM32CubeIDE_1.15.1/STM32CubeIDE/plugins/com.st.stm32cube.ide.mcu.externaltools.gnu-tools-for-stm32.12.3.rel1.win32_1.0.200.202406191623/tools/bin/../lib/gcc/arm-none-eabi/12.3.1/thumb/v6-m/nofp\libgcc.a(truncdfsf2.o)
                0x08002f90                __aeabi_d2f
 .text          0x08003098       0x3c C:/ST/STM32CubeIDE_1.15.1/STM32CubeIDE/plugins/com.st.stm32cube.ide.mcu.externaltools.gnu-tools-for-stm32.12.3.rel1.win32_1.0.200.202406191623/tools/bin/../lib/gcc/arm-none-eabi/12.3.1/thumb/v6-m/nofp\libgcc.a(_clzsi2.o)
                0x08003098                __clzsi2
 *(.text*)
 .text.main     0x080030d4      0x950 ./Core/Src/main.o
                0x080030d4                main
 .text.SystemClock_Config
                0x08003a24       0xd8 ./Core/Src/main.o
                0x08003a24                SystemClock_Config
 .text.MX_ADC_Init
                0x08003afc       0xec ./Core/Src/main.o
 .text.MX_CRC_Init
                0x08003be8       0x40 ./Core/Src/main.o
 .text.MX_I2C1_Init
                0x08003c28       0x80 ./Core/Src/main.o
 .text.MX_I2C2_Init
                0x08003ca8       0x80 ./Core/Src/main.o
 .text.MX_RTC_Init
                0x08003d28       0x4c ./Core/Src/main.o
 .text.MX_SPI1_Init
                0x08003d74       0x7c ./Core/Src/main.o
 .text.MX_TIM1_Init
                0x08003df0      0x128 ./Core/Src/main.o
 .text.MX_TIM3_Init
                0x08003f18       0xc8 ./Core/Src/main.o
 .text.MX_TIM6_Init
                0x08003fe0       0x44 ./Core/Src/main.o
 .text.MX_DMA_Init
                0x08004024       0x4c ./Core/Src/main.o
 .text.MX_GPIO_Init
                0x08004070      0x190 ./Core/Src/main.o
 .text.HAL_TIM_PeriodElapsedCallback
                0x08004200       0xfc ./Core/Src/main.o
                0x08004200                HAL_TIM_PeriodElapsedCallback
 .text.menu_handler
                0x080042fc      0xb70 ./Core/Src/main.o
                0x080042fc                menu_handler
 .text.device_settings
                0x08004e6c      0x964 ./Core/Src/main.o
                0x08004e6c                device_settings
 .text.HAL_I2C_SlaveRxCpltCallback
                0x080057d0      0x154 ./Core/Src/main.o
                0x080057d0                HAL_I2C_SlaveRxCpltCallback
 .text.Error_Handler
                0x08005924        0xc ./Core/Src/main.o
                0x08005924                Error_Handler
 .text.i_DAC10_Set
                0x08005930      0x1ac ./Core/Src/psu.o
                0x08005930                i_DAC10_Set
 .text.v_DAC10_Set
                0x08005adc      0x1b4 ./Core/Src/psu.o
                0x08005adc                v_DAC10_Set
 .text.get_adcs
                0x08005c90      0x2bc ./Core/Src/psu.o
                0x08005c90                get_adcs
 .text.float_to_char
                0x08005f4c      0x17c ./Core/Src/psu.o
                0x08005f4c                float_to_char
 .text.draw_main_st
                0x080060c8      0x228 ./Core/Src/psu.o
                0x080060c8                draw_main_st
 .text.get_time
                0x080062f0      0x170 ./Core/Src/psu.o
                0x080062f0                get_time
 .text.draw_main_dy
                0x08006460      0x6ac ./Core/Src/psu.o
                0x08006460                draw_main_dy
 .text.save_settings
                0x08006b0c      0x428 ./Core/Src/psu.o
                0x08006b0c                save_settings
 .text.err_flash_writing
                0x08006f34       0x50 ./Core/Src/psu.o
                0x08006f34                err_flash_writing
 .text.HAL_MspInit
                0x08006f84       0x48 ./Core/Src/stm32f0xx_hal_msp.o
                0x08006f84                HAL_MspInit
 .text.HAL_ADC_MspInit
                0x08006fcc      0x118 ./Core/Src/stm32f0xx_hal_msp.o
                0x08006fcc                HAL_ADC_MspInit
 .text.HAL_CRC_MspInit
                0x080070e4       0x3c ./Core/Src/stm32f0xx_hal_msp.o
                0x080070e4                HAL_CRC_MspInit
 .text.HAL_I2C_MspInit
                0x08007120      0x120 ./Core/Src/stm32f0xx_hal_msp.o
                0x08007120                HAL_I2C_MspInit
 .text.HAL_RTC_MspInit
                0x08007240       0x30 ./Core/Src/stm32f0xx_hal_msp.o
                0x08007240                HAL_RTC_MspInit
 .text.HAL_SPI_MspInit
                0x08007270      0x118 ./Core/Src/stm32f0xx_hal_msp.o
                0x08007270                HAL_SPI_MspInit
 .text.HAL_TIM_PWM_MspInit
                0x08007388       0x40 ./Core/Src/stm32f0xx_hal_msp.o
                0x08007388                HAL_TIM_PWM_MspInit
 .text.HAL_TIM_Encoder_MspInit
                0x080073c8       0x98 ./Core/Src/stm32f0xx_hal_msp.o
                0x080073c8                HAL_TIM_Encoder_MspInit
 .text.HAL_TIM_Base_MspInit
                0x08007460       0x4c ./Core/Src/stm32f0xx_hal_msp.o
                0x08007460                HAL_TIM_Base_MspInit
 .text.HAL_TIM_MspPostInit
                0x080074ac       0x80 ./Core/Src/stm32f0xx_hal_msp.o
                0x080074ac                HAL_TIM_MspPostInit
 .text.NMI_Handler
                0x0800752c        0x8 ./Core/Src/stm32f0xx_it.o
                0x0800752c                NMI_Handler
 .text.HardFault_Handler
                0x08007534        0x8 ./Core/Src/stm32f0xx_it.o
                0x08007534                HardFault_Handler
 .text.SVC_Handler
                0x0800753c        0xa ./Core/Src/stm32f0xx_it.o
                0x0800753c                SVC_Handler
 .text.PendSV_Handler
                0x08007546        0xa ./Core/Src/stm32f0xx_it.o
                0x08007546                PendSV_Handler
 .text.SysTick_Handler
                0x08007550        0xe ./Core/Src/stm32f0xx_it.o
                0x08007550                SysTick_Handler
 *fill*         0x0800755e        0x2 
 .text.DMA1_Channel1_IRQHandler
                0x08007560       0x18 ./Core/Src/stm32f0xx_it.o
                0x08007560                DMA1_Channel1_IRQHandler
 .text.DMA1_Channel2_3_IRQHandler
                0x08007578       0x18 ./Core/Src/stm32f0xx_it.o
                0x08007578                DMA1_Channel2_3_IRQHandler
 .text.ADC1_IRQHandler
                0x08007590       0x18 ./Core/Src/stm32f0xx_it.o
                0x08007590                ADC1_IRQHandler
 .text.TIM6_IRQHandler
                0x080075a8       0x18 ./Core/Src/stm32f0xx_it.o
                0x080075a8                TIM6_IRQHandler
 .text.I2C2_IRQHandler
                0x080075c0       0x30 ./Core/Src/stm32f0xx_it.o
                0x080075c0                I2C2_IRQHandler
 .text.SystemInit
                0x080075f0        0xa ./Core/Src/system_stm32f0xx.o
                0x080075f0                SystemInit
 *fill*         0x080075fa        0x2 
 .text.Reset_Handler
                0x080075fc       0x50 ./Core/Startup/startup_stm32f030cctx.o
                0x080075fc                Reset_Handler
 .text.Default_Handler
                0x0800764c        0x2 ./Core/Startup/startup_stm32f030cctx.o
                0x0800764c                TIM1_CC_IRQHandler
                0x0800764c                I2C1_IRQHandler
                0x0800764c                SPI1_IRQHandler
                0x0800764c                EXTI2_3_IRQHandler
                0x0800764c                USART3_6_IRQHandler
                0x0800764c                TIM17_IRQHandler
                0x0800764c                RTC_IRQHandler
                0x0800764c                TIM16_IRQHandler
                0x0800764c                TIM3_IRQHandler
                0x0800764c                EXTI4_15_IRQHandler
                0x0800764c                RCC_IRQHandler
                0x0800764c                Default_Handler
                0x0800764c                TIM14_IRQHandler
                0x0800764c                DMA1_Channel4_5_IRQHandler
                0x0800764c                TIM7_IRQHandler
                0x0800764c                TIM15_IRQHandler
                0x0800764c                EXTI0_1_IRQHandler
                0x0800764c                SPI2_IRQHandler
                0x0800764c                WWDG_IRQHandler
                0x0800764c                USART2_IRQHandler
                0x0800764c                FLASH_IRQHandler
                0x0800764c                USART1_IRQHandler
                0x0800764c                TIM1_BRK_UP_TRG_COM_IRQHandler
 .text.ST7735_GPIO_Init
                0x0800764e        0xa ./Drivers/ST7735/st7735.o
 .text.ST7735_Reset
                0x08007658       0x20 ./Drivers/ST7735/st7735.o
 .text.ST7735_WriteCommand
                0x08007678       0x30 ./Drivers/ST7735/st7735.o
 .text.ST7735_WriteData
                0x080076a8       0x3c ./Drivers/ST7735/st7735.o
 .text.ST7735_ExecuteCommandList
                0x080076e4       0xc8 ./Drivers/ST7735/st7735.o
 .text.ST7735_SetAddressWindow
                0x080077ac       0xb0 ./Drivers/ST7735/st7735.o
 .text.ST7735_WriteChar
                0x0800785c      0x138 ./Drivers/ST7735/st7735.o
 .text.ST7735_Init
                0x08007994       0x48 ./Drivers/ST7735/st7735.o
                0x08007994                ST7735_Init
 .text.ST7735_DrawString
                0x080079dc      0x12c ./Drivers/ST7735/st7735.o
                0x080079dc                ST7735_DrawString
 .text.ST7735_DrawChar
                0x08007b08       0x7a ./Drivers/ST7735/st7735.o
                0x08007b08                ST7735_DrawChar
 *fill*         0x08007b82        0x2 
 .text.ST7735_FillRectangle
                0x08007b84      0x21c ./Drivers/ST7735/st7735.o
                0x08007b84                ST7735_FillRectangle
 .text.ST7735_FillScreen
                0x08007da0       0x3c ./Drivers/ST7735/st7735.o
                0x08007da0                ST7735_FillScreen
 .text.ST7735_DrawImage
                0x08007ddc       0xe4 ./Drivers/ST7735/st7735.o
                0x08007ddc                ST7735_DrawImage
 .text.ST7735_DrawRect
                0x08007ec0       0xb8 ./Drivers/ST7735/st7735.o
                0x08007ec0                ST7735_DrawRect
 .text.ST7735_DrawFastVLine
                0x08007f78       0xa0 ./Drivers/ST7735/st7735.o
                0x08007f78                ST7735_DrawFastVLine
 .text.ST7735_DrawFastHLine
                0x08008018       0x9c ./Drivers/ST7735/st7735.o
                0x08008018                ST7735_DrawFastHLine
 .text.ST7735_SetRotation
                0x080080b4      0x158 ./Drivers/ST7735/st7735.o
                0x080080b4                ST7735_SetRotation
 .text.HAL_Init
                0x0800820c       0x28 ./Drivers/STM32F0xx_HAL_Driver/Src/stm32f0xx_hal.o
                0x0800820c                HAL_Init
 .text.HAL_InitTick
                0x08008234       0x68 ./Drivers/STM32F0xx_HAL_Driver/Src/stm32f0xx_hal.o
                0x08008234                HAL_InitTick
 .text.HAL_IncTick
                0x0800829c       0x24 ./Drivers/STM32F0xx_HAL_Driver/Src/stm32f0xx_hal.o
                0x0800829c                HAL_IncTick
 .text.HAL_GetTick
                0x080082c0       0x14 ./Drivers/STM32F0xx_HAL_Driver/Src/stm32f0xx_hal.o
                0x080082c0                HAL_GetTick
 .text.HAL_Delay
                0x080082d4       0x48 ./Drivers/STM32F0xx_HAL_Driver/Src/stm32f0xx_hal.o
                0x080082d4                HAL_Delay
 .text.HAL_ADC_Init
                0x0800831c      0x280 ./Drivers/STM32F0xx_HAL_Driver/Src/stm32f0xx_hal_adc.o
                0x0800831c                HAL_ADC_Init
 .text.HAL_ADC_Start_DMA
                0x0800859c      0x104 ./Drivers/STM32F0xx_HAL_Driver/Src/stm32f0xx_hal_adc.o
                0x0800859c                HAL_ADC_Start_DMA
 .text.HAL_ADC_IRQHandler
                0x080086a0      0x148 ./Drivers/STM32F0xx_HAL_Driver/Src/stm32f0xx_hal_adc.o
                0x080086a0                HAL_ADC_IRQHandler
 .text.HAL_ADC_ConvCpltCallback
                0x080087e8       0x10 ./Drivers/STM32F0xx_HAL_Driver/Src/stm32f0xx_hal_adc.o
                0x080087e8                HAL_ADC_ConvCpltCallback
 .text.HAL_ADC_ConvHalfCpltCallback
                0x080087f8       0x10 ./Drivers/STM32F0xx_HAL_Driver/Src/stm32f0xx_hal_adc.o
                0x080087f8                HAL_ADC_ConvHalfCpltCallback
 .text.HAL_ADC_LevelOutOfWindowCallback
                0x08008808       0x10 ./Drivers/STM32F0xx_HAL_Driver/Src/stm32f0xx_hal_adc.o
                0x08008808                HAL_ADC_LevelOutOfWindowCallback
 .text.HAL_ADC_ErrorCallback
                0x08008818       0x10 ./Drivers/STM32F0xx_HAL_Driver/Src/stm32f0xx_hal_adc.o
                0x08008818                HAL_ADC_ErrorCallback
 .text.HAL_ADC_ConfigChannel
                0x08008828      0x1ec ./Drivers/STM32F0xx_HAL_Driver/Src/stm32f0xx_hal_adc.o
                0x08008828                HAL_ADC_ConfigChannel
 .text.ADC_Enable
                0x08008a14      0x108 ./Drivers/STM32F0xx_HAL_Driver/Src/stm32f0xx_hal_adc.o
 .text.ADC_DMAConvCplt
                0x08008b1c       0xb4 ./Drivers/STM32F0xx_HAL_Driver/Src/stm32f0xx_hal_adc.o
 .text.ADC_DMAHalfConvCplt
                0x08008bd0       0x1e ./Drivers/STM32F0xx_HAL_Driver/Src/stm32f0xx_hal_adc.o
 .text.ADC_DMAError
                0x08008bee       0x36 ./Drivers/STM32F0xx_HAL_Driver/Src/stm32f0xx_hal_adc.o
 .text.HAL_ADCEx_Calibration_Start
                0x08008c24      0x150 ./Drivers/STM32F0xx_HAL_Driver/Src/stm32f0xx_hal_adc_ex.o
                0x08008c24                HAL_ADCEx_Calibration_Start
 .text.__NVIC_EnableIRQ
                0x08008d74       0x34 ./Drivers/STM32F0xx_HAL_Driver/Src/stm32f0xx_hal_cortex.o
 .text.__NVIC_SetPriority
                0x08008da8       0xdc ./Drivers/STM32F0xx_HAL_Driver/Src/stm32f0xx_hal_cortex.o
 .text.SysTick_Config
                0x08008e84       0x48 ./Drivers/STM32F0xx_HAL_Driver/Src/stm32f0xx_hal_cortex.o
 .text.HAL_NVIC_SetPriority
                0x08008ecc       0x2a ./Drivers/STM32F0xx_HAL_Driver/Src/stm32f0xx_hal_cortex.o
                0x08008ecc                HAL_NVIC_SetPriority
 .text.HAL_NVIC_EnableIRQ
                0x08008ef6       0x20 ./Drivers/STM32F0xx_HAL_Driver/Src/stm32f0xx_hal_cortex.o
                0x08008ef6                HAL_NVIC_EnableIRQ
 .text.HAL_SYSTICK_Config
                0x08008f16       0x1a ./Drivers/STM32F0xx_HAL_Driver/Src/stm32f0xx_hal_cortex.o
                0x08008f16                HAL_SYSTICK_Config
 .text.HAL_CRC_Init
                0x08008f30       0x8e ./Drivers/STM32F0xx_HAL_Driver/Src/stm32f0xx_hal_crc.o
                0x08008f30                HAL_CRC_Init
 .text.HAL_CRC_Calculate
                0x08008fbe       0x9e ./Drivers/STM32F0xx_HAL_Driver/Src/stm32f0xx_hal_crc.o
                0x08008fbe                HAL_CRC_Calculate
 .text.CRC_Handle_8
                0x0800905c      0x122 ./Drivers/STM32F0xx_HAL_Driver/Src/stm32f0xx_hal_crc.o
 .text.CRC_Handle_16
                0x0800917e       0x6e ./Drivers/STM32F0xx_HAL_Driver/Src/stm32f0xx_hal_crc.o
 .text.HAL_DMA_Init
                0x080091ec       0x90 ./Drivers/STM32F0xx_HAL_Driver/Src/stm32f0xx_hal_dma.o
                0x080091ec                HAL_DMA_Init
 .text.HAL_DMA_Start_IT
                0x0800927c       0xcc ./Drivers/STM32F0xx_HAL_Driver/Src/stm32f0xx_hal_dma.o
                0x0800927c                HAL_DMA_Start_IT
 .text.HAL_DMA_Abort_IT
                0x08009348       0x8a ./Drivers/STM32F0xx_HAL_Driver/Src/stm32f0xx_hal_dma.o
                0x08009348                HAL_DMA_Abort_IT
 .text.HAL_DMA_IRQHandler
                0x080093d2      0x144 ./Drivers/STM32F0xx_HAL_Driver/Src/stm32f0xx_hal_dma.o
                0x080093d2                HAL_DMA_IRQHandler
 .text.HAL_DMA_GetState
                0x08009516       0x18 ./Drivers/STM32F0xx_HAL_Driver/Src/stm32f0xx_hal_dma.o
                0x08009516                HAL_DMA_GetState
 .text.DMA_SetConfig
                0x0800952e       0x58 ./Drivers/STM32F0xx_HAL_Driver/Src/stm32f0xx_hal_dma.o
 *fill*         0x08009586        0x2 
 .text.DMA_CalcBaseAndBitshift
                0x08009588       0x38 ./Drivers/STM32F0xx_HAL_Driver/Src/stm32f0xx_hal_dma.o
 .text.HAL_FLASH_Program
                0x080095c0      0x12c ./Drivers/STM32F0xx_HAL_Driver/Src/stm32f0xx_hal_flash.o
                0x080095c0                HAL_FLASH_Program
 .text.HAL_FLASH_Unlock
                0x080096ec       0x4c ./Drivers/STM32F0xx_HAL_Driver/Src/stm32f0xx_hal_flash.o
                0x080096ec                HAL_FLASH_Unlock
 .text.HAL_FLASH_Lock
                0x08009738       0x1c ./Drivers/STM32F0xx_HAL_Driver/Src/stm32f0xx_hal_flash.o
                0x08009738                HAL_FLASH_Lock
 .text.FLASH_Program_HalfWord
                0x08009754       0x38 ./Drivers/STM32F0xx_HAL_Driver/Src/stm32f0xx_hal_flash.o
 .text.FLASH_WaitForLastOperation
                0x0800978c       0x80 ./Drivers/STM32F0xx_HAL_Driver/Src/stm32f0xx_hal_flash.o
                0x0800978c                FLASH_WaitForLastOperation
 .text.FLASH_SetErrorCode
                0x0800980c       0x60 ./Drivers/STM32F0xx_HAL_Driver/Src/stm32f0xx_hal_flash.o
 .text.HAL_FLASHEx_Erase
                0x0800986c       0xec ./Drivers/STM32F0xx_HAL_Driver/Src/stm32f0xx_hal_flash_ex.o
                0x0800986c                HAL_FLASHEx_Erase
 .text.FLASH_MassErase
                0x08009958       0x30 ./Drivers/STM32F0xx_HAL_Driver/Src/stm32f0xx_hal_flash_ex.o
 .text.FLASH_PageErase
                0x08009988       0x3c ./Drivers/STM32F0xx_HAL_Driver/Src/stm32f0xx_hal_flash_ex.o
                0x08009988                FLASH_PageErase
 .text.HAL_GPIO_Init
                0x080099c4      0x2e0 ./Drivers/STM32F0xx_HAL_Driver/Src/stm32f0xx_hal_gpio.o
                0x080099c4                HAL_GPIO_Init
 .text.HAL_GPIO_ReadPin
                0x08009ca4       0x3a ./Drivers/STM32F0xx_HAL_Driver/Src/stm32f0xx_hal_gpio.o
                0x08009ca4                HAL_GPIO_ReadPin
 .text.HAL_GPIO_WritePin
                0x08009cde       0x3a ./Drivers/STM32F0xx_HAL_Driver/Src/stm32f0xx_hal_gpio.o
                0x08009cde                HAL_GPIO_WritePin
 .text.HAL_I2C_Init
                0x08009d18      0x14c ./Drivers/STM32F0xx_HAL_Driver/Src/stm32f0xx_hal_i2c.o
                0x08009d18                HAL_I2C_Init
 .text.HAL_I2C_Master_Transmit
                0x08009e64      0x254 ./Drivers/STM32F0xx_HAL_Driver/Src/stm32f0xx_hal_i2c.o
                0x08009e64                HAL_I2C_Master_Transmit
 .text.HAL_I2C_Master_Receive
                0x0800a0b8      0x210 ./Drivers/STM32F0xx_HAL_Driver/Src/stm32f0xx_hal_i2c.o
                0x0800a0b8                HAL_I2C_Master_Receive
 .text.HAL_I2C_Slave_Transmit_IT
                0x0800a2c8       0xe8 ./Drivers/STM32F0xx_HAL_Driver/Src/stm32f0xx_hal_i2c.o
                0x0800a2c8                HAL_I2C_Slave_Transmit_IT
 .text.HAL_I2C_Slave_Receive_IT
                0x0800a3b0       0xac ./Drivers/STM32F0xx_HAL_Driver/Src/stm32f0xx_hal_i2c.o
                0x0800a3b0                HAL_I2C_Slave_Receive_IT
 .text.HAL_I2C_EV_IRQHandler
                0x0800a45c       0x34 ./Drivers/STM32F0xx_HAL_Driver/Src/stm32f0xx_hal_i2c.o
                0x0800a45c                HAL_I2C_EV_IRQHandler
 .text.HAL_I2C_ER_IRQHandler
                0x0800a490       0xb2 ./Drivers/STM32F0xx_HAL_Driver/Src/stm32f0xx_hal_i2c.o
                0x0800a490                HAL_I2C_ER_IRQHandler
 .text.HAL_I2C_MasterTxCpltCallback
                0x0800a542       0x10 ./Drivers/STM32F0xx_HAL_Driver/Src/stm32f0xx_hal_i2c.o
                0x0800a542                HAL_I2C_MasterTxCpltCallback
 .text.HAL_I2C_MasterRxCpltCallback
                0x0800a552       0x10 ./Drivers/STM32F0xx_HAL_Driver/Src/stm32f0xx_hal_i2c.o
                0x0800a552                HAL_I2C_MasterRxCpltCallback
 .text.HAL_I2C_SlaveTxCpltCallback
                0x0800a562       0x10 ./Drivers/STM32F0xx_HAL_Driver/Src/stm32f0xx_hal_i2c.o
                0x0800a562                HAL_I2C_SlaveTxCpltCallback
 .text.HAL_I2C_AddrCallback
                0x0800a572       0x20 ./Drivers/STM32F0xx_HAL_Driver/Src/stm32f0xx_hal_i2c.o
                0x0800a572                HAL_I2C_AddrCallback
 .text.HAL_I2C_ListenCpltCallback
                0x0800a592       0x10 ./Drivers/STM32F0xx_HAL_Driver/Src/stm32f0xx_hal_i2c.o
                0x0800a592                HAL_I2C_ListenCpltCallback
 .text.HAL_I2C_MemTxCpltCallback
                0x0800a5a2       0x10 ./Drivers/STM32F0xx_HAL_Driver/Src/stm32f0xx_hal_i2c.o
                0x0800a5a2                HAL_I2C_MemTxCpltCallback
 .text.HAL_I2C_MemRxCpltCallback
                0x0800a5b2       0x10 ./Drivers/STM32F0xx_HAL_Driver/Src/stm32f0xx_hal_i2c.o
                0x0800a5b2                HAL_I2C_MemRxCpltCallback
 .text.HAL_I2C_ErrorCallback
                0x0800a5c2       0x10 ./Drivers/STM32F0xx_HAL_Driver/Src/stm32f0xx_hal_i2c.o
                0x0800a5c2                HAL_I2C_ErrorCallback
 .text.HAL_I2C_AbortCpltCallback
                0x0800a5d2       0x10 ./Drivers/STM32F0xx_HAL_Driver/Src/stm32f0xx_hal_i2c.o
                0x0800a5d2                HAL_I2C_AbortCpltCallback
 *fill*         0x0800a5e2        0x2 
 .text.I2C_Slave_ISR_IT
                0x0800a5e4      0x200 ./Drivers/STM32F0xx_HAL_Driver/Src/stm32f0xx_hal_i2c.o
 .text.I2C_Master_ISR_DMA
                0x0800a7e4      0x214 ./Drivers/STM32F0xx_HAL_Driver/Src/stm32f0xx_hal_i2c.o
 .text.I2C_Mem_ISR_DMA
                0x0800a9f8      0x294 ./Drivers/STM32F0xx_HAL_Driver/Src/stm32f0xx_hal_i2c.o
 .text.I2C_Slave_ISR_DMA
                0x0800ac8c      0x1d0 ./Drivers/STM32F0xx_HAL_Driver/Src/stm32f0xx_hal_i2c.o
 .text.I2C_ITAddrCplt
                0x0800ae5c      0x148 ./Drivers/STM32F0xx_HAL_Driver/Src/stm32f0xx_hal_i2c.o
 .text.I2C_ITMasterSeqCplt
                0x0800afa4       0x82 ./Drivers/STM32F0xx_HAL_Driver/Src/stm32f0xx_hal_i2c.o
 *fill*         0x0800b026        0x2 
 .text.I2C_ITSlaveSeqCplt
                0x0800b028       0xc8 ./Drivers/STM32F0xx_HAL_Driver/Src/stm32f0xx_hal_i2c.o
 .text.I2C_ITMasterCplt
                0x0800b0f0      0x19c ./Drivers/STM32F0xx_HAL_Driver/Src/stm32f0xx_hal_i2c.o
 .text.I2C_ITSlaveCplt
                0x0800b28c      0x310 ./Drivers/STM32F0xx_HAL_Driver/Src/stm32f0xx_hal_i2c.o
 .text.I2C_ITListenCplt
                0x0800b59c       0xb0 ./Drivers/STM32F0xx_HAL_Driver/Src/stm32f0xx_hal_i2c.o
 .text.I2C_ITError
                0x0800b64c      0x204 ./Drivers/STM32F0xx_HAL_Driver/Src/stm32f0xx_hal_i2c.o
 .text.I2C_TreatErrorCallback
                0x0800b850       0x52 ./Drivers/STM32F0xx_HAL_Driver/Src/stm32f0xx_hal_i2c.o
 .text.I2C_Flush_TXDR
                0x0800b8a2       0x44 ./Drivers/STM32F0xx_HAL_Driver/Src/stm32f0xx_hal_i2c.o
 .text.I2C_DMAAbort
                0x0800b8e6       0x3e ./Drivers/STM32F0xx_HAL_Driver/Src/stm32f0xx_hal_i2c.o
 .text.I2C_WaitOnFlagUntilTimeout
                0x0800b924       0xb0 ./Drivers/STM32F0xx_HAL_Driver/Src/stm32f0xx_hal_i2c.o
 .text.I2C_WaitOnTXISFlagUntilTimeout
                0x0800b9d4       0x8c ./Drivers/STM32F0xx_HAL_Driver/Src/stm32f0xx_hal_i2c.o
 .text.I2C_WaitOnSTOPFlagUntilTimeout
                0x0800ba60       0x86 ./Drivers/STM32F0xx_HAL_Driver/Src/stm32f0xx_hal_i2c.o
 *fill*         0x0800bae6        0x2 
 .text.I2C_WaitOnRXNEFlagUntilTimeout
                0x0800bae8      0x13c ./Drivers/STM32F0xx_HAL_Driver/Src/stm32f0xx_hal_i2c.o
 .text.I2C_IsErrorOccurred
                0x0800bc24      0x1f0 ./Drivers/STM32F0xx_HAL_Driver/Src/stm32f0xx_hal_i2c.o
 .text.I2C_TransferConfig
                0x0800be14       0x74 ./Drivers/STM32F0xx_HAL_Driver/Src/stm32f0xx_hal_i2c.o
 .text.I2C_Enable_IRQ
                0x0800be88      0x114 ./Drivers/STM32F0xx_HAL_Driver/Src/stm32f0xx_hal_i2c.o
 .text.I2C_Disable_IRQ
                0x0800bf9c       0xc6 ./Drivers/STM32F0xx_HAL_Driver/Src/stm32f0xx_hal_i2c.o
 *fill*         0x0800c062        0x2 
 .text.HAL_I2CEx_ConfigAnalogFilter
                0x0800c064       0x98 ./Drivers/STM32F0xx_HAL_Driver/Src/stm32f0xx_hal_i2c_ex.o
                0x0800c064                HAL_I2CEx_ConfigAnalogFilter
 .text.HAL_I2CEx_ConfigDigitalFilter
                0x0800c0fc       0x98 ./Drivers/STM32F0xx_HAL_Driver/Src/stm32f0xx_hal_i2c_ex.o
                0x0800c0fc                HAL_I2CEx_ConfigDigitalFilter
 .text.HAL_RCC_OscConfig
                0x0800c194      0x63c ./Drivers/STM32F0xx_HAL_Driver/Src/stm32f0xx_hal_rcc.o
                0x0800c194                HAL_RCC_OscConfig
 .text.HAL_RCC_ClockConfig
                0x0800c7d0      0x19c ./Drivers/STM32F0xx_HAL_Driver/Src/stm32f0xx_hal_rcc.o
                0x0800c7d0                HAL_RCC_ClockConfig
 .text.HAL_RCC_GetSysClockFreq
                0x0800c96c       0xb0 ./Drivers/STM32F0xx_HAL_Driver/Src/stm32f0xx_hal_rcc.o
                0x0800c96c                HAL_RCC_GetSysClockFreq
 .text.HAL_RCCEx_PeriphCLKConfig
                0x0800ca1c      0x19c ./Drivers/STM32F0xx_HAL_Driver/Src/stm32f0xx_hal_rcc_ex.o
                0x0800ca1c                HAL_RCCEx_PeriphCLKConfig
 .text.HAL_RTC_Init
                0x0800cbb8      0x130 ./Drivers/STM32F0xx_HAL_Driver/Src/stm32f0xx_hal_rtc.o
                0x0800cbb8                HAL_RTC_Init
 .text.HAL_RTC_SetTime
                0x0800cce8      0x14c ./Drivers/STM32F0xx_HAL_Driver/Src/stm32f0xx_hal_rtc.o
                0x0800cce8                HAL_RTC_SetTime
 .text.HAL_RTC_GetTime
                0x0800ce34       0xbc ./Drivers/STM32F0xx_HAL_Driver/Src/stm32f0xx_hal_rtc.o
                0x0800ce34                HAL_RTC_GetTime
 .text.HAL_RTC_GetDate
                0x0800cef0       0xa0 ./Drivers/STM32F0xx_HAL_Driver/Src/stm32f0xx_hal_rtc.o
                0x0800cef0                HAL_RTC_GetDate
 .text.HAL_RTC_WaitForSynchro
                0x0800cf90       0x50 ./Drivers/STM32F0xx_HAL_Driver/Src/stm32f0xx_hal_rtc.o
                0x0800cf90                HAL_RTC_WaitForSynchro
 .text.RTC_EnterInitMode
                0x0800cfe0       0x86 ./Drivers/STM32F0xx_HAL_Driver/Src/stm32f0xx_hal_rtc.o
                0x0800cfe0                RTC_EnterInitMode
 .text.RTC_ExitInitMode
                0x0800d066       0x52 ./Drivers/STM32F0xx_HAL_Driver/Src/stm32f0xx_hal_rtc.o
                0x0800d066                RTC_ExitInitMode
 .text.RTC_ByteToBcd2
                0x0800d0b8       0x42 ./Drivers/STM32F0xx_HAL_Driver/Src/stm32f0xx_hal_rtc.o
                0x0800d0b8                RTC_ByteToBcd2
 .text.RTC_Bcd2ToByte
                0x0800d0fa       0x3e ./Drivers/STM32F0xx_HAL_Driver/Src/stm32f0xx_hal_rtc.o
                0x0800d0fa                RTC_Bcd2ToByte
 .text.HAL_SPI_Init
                0x0800d138      0x170 ./Drivers/STM32F0xx_HAL_Driver/Src/stm32f0xx_hal_spi.o
                0x0800d138                HAL_SPI_Init
 .text.HAL_SPI_Transmit
                0x0800d2a8      0x2be ./Drivers/STM32F0xx_HAL_Driver/Src/stm32f0xx_hal_spi.o
                0x0800d2a8                HAL_SPI_Transmit
 *fill*         0x0800d566        0x2 
 .text.HAL_SPI_Transmit_DMA
                0x0800d568      0x204 ./Drivers/STM32F0xx_HAL_Driver/Src/stm32f0xx_hal_spi.o
                0x0800d568                HAL_SPI_Transmit_DMA
 .text.HAL_SPI_TxCpltCallback
                0x0800d76c       0x10 ./Drivers/STM32F0xx_HAL_Driver/Src/stm32f0xx_hal_spi.o
                0x0800d76c                HAL_SPI_TxCpltCallback
 .text.HAL_SPI_TxHalfCpltCallback
                0x0800d77c       0x10 ./Drivers/STM32F0xx_HAL_Driver/Src/stm32f0xx_hal_spi.o
                0x0800d77c                HAL_SPI_TxHalfCpltCallback
 .text.HAL_SPI_ErrorCallback
                0x0800d78c       0x10 ./Drivers/STM32F0xx_HAL_Driver/Src/stm32f0xx_hal_spi.o
                0x0800d78c                HAL_SPI_ErrorCallback
 .text.SPI_DMATransmitCplt
                0x0800d79c       0xac ./Drivers/STM32F0xx_HAL_Driver/Src/stm32f0xx_hal_spi.o
 .text.SPI_DMAHalfTransmitCplt
                0x0800d848       0x1e ./Drivers/STM32F0xx_HAL_Driver/Src/stm32f0xx_hal_spi.o
 .text.SPI_DMAError
                0x0800d866       0x42 ./Drivers/STM32F0xx_HAL_Driver/Src/stm32f0xx_hal_spi.o
 .text.SPI_WaitFlagStateUntilTimeout
                0x0800d8a8      0x11c ./Drivers/STM32F0xx_HAL_Driver/Src/stm32f0xx_hal_spi.o
 .text.SPI_WaitFifoStateUntilTimeout
                0x0800d9c4      0x144 ./Drivers/STM32F0xx_HAL_Driver/Src/stm32f0xx_hal_spi.o
 .text.SPI_EndRxTxTransaction
                0x0800db08       0x8c ./Drivers/STM32F0xx_HAL_Driver/Src/stm32f0xx_hal_spi.o
 .text.HAL_TIM_Base_Init
                0x0800db94       0xa0 ./Drivers/STM32F0xx_HAL_Driver/Src/stm32f0xx_hal_tim.o
                0x0800db94                HAL_TIM_Base_Init
 .text.HAL_TIM_Base_Start_IT
                0x0800dc34       0x98 ./Drivers/STM32F0xx_HAL_Driver/Src/stm32f0xx_hal_tim.o
                0x0800dc34                HAL_TIM_Base_Start_IT
 .text.HAL_TIM_PWM_Init
                0x0800dccc       0xa0 ./Drivers/STM32F0xx_HAL_Driver/Src/stm32f0xx_hal_tim.o
                0x0800dccc                HAL_TIM_PWM_Init
 .text.HAL_TIM_PWM_Start
                0x0800dd6c      0x164 ./Drivers/STM32F0xx_HAL_Driver/Src/stm32f0xx_hal_tim.o
                0x0800dd6c                HAL_TIM_PWM_Start
 .text.HAL_TIM_Encoder_Init
                0x0800ded0      0x150 ./Drivers/STM32F0xx_HAL_Driver/Src/stm32f0xx_hal_tim.o
                0x0800ded0                HAL_TIM_Encoder_Init
 .text.HAL_TIM_Encoder_Start
                0x0800e020      0x148 ./Drivers/STM32F0xx_HAL_Driver/Src/stm32f0xx_hal_tim.o
                0x0800e020                HAL_TIM_Encoder_Start
 .text.HAL_TIM_IRQHandler
                0x0800e168      0x1dc ./Drivers/STM32F0xx_HAL_Driver/Src/stm32f0xx_hal_tim.o
                0x0800e168                HAL_TIM_IRQHandler
 .text.HAL_TIM_PWM_ConfigChannel
                0x0800e344      0x18c ./Drivers/STM32F0xx_HAL_Driver/Src/stm32f0xx_hal_tim.o
                0x0800e344                HAL_TIM_PWM_ConfigChannel
 .text.HAL_TIM_OC_DelayElapsedCallback
                0x0800e4d0       0x10 ./Drivers/STM32F0xx_HAL_Driver/Src/stm32f0xx_hal_tim.o
                0x0800e4d0                HAL_TIM_OC_DelayElapsedCallback
 .text.HAL_TIM_IC_CaptureCallback
                0x0800e4e0       0x10 ./Drivers/STM32F0xx_HAL_Driver/Src/stm32f0xx_hal_tim.o
                0x0800e4e0                HAL_TIM_IC_CaptureCallback
 .text.HAL_TIM_PWM_PulseFinishedCallback
                0x0800e4f0       0x10 ./Drivers/STM32F0xx_HAL_Driver/Src/stm32f0xx_hal_tim.o
                0x0800e4f0                HAL_TIM_PWM_PulseFinishedCallback
 .text.HAL_TIM_TriggerCallback
                0x0800e500       0x10 ./Drivers/STM32F0xx_HAL_Driver/Src/stm32f0xx_hal_tim.o
                0x0800e500                HAL_TIM_TriggerCallback
 .text.TIM_Base_SetConfig
                0x0800e510      0x108 ./Drivers/STM32F0xx_HAL_Driver/Src/stm32f0xx_hal_tim.o
                0x0800e510                TIM_Base_SetConfig
 .text.TIM_OC1_SetConfig
                0x0800e618      0x110 ./Drivers/STM32F0xx_HAL_Driver/Src/stm32f0xx_hal_tim.o
 .text.TIM_OC2_SetConfig
                0x0800e728      0x108 ./Drivers/STM32F0xx_HAL_Driver/Src/stm32f0xx_hal_tim.o
                0x0800e728                TIM_OC2_SetConfig
 .text.TIM_OC3_SetConfig
                0x0800e830      0x10c ./Drivers/STM32F0xx_HAL_Driver/Src/stm32f0xx_hal_tim.o
 .text.TIM_OC4_SetConfig
                0x0800e93c       0xd4 ./Drivers/STM32F0xx_HAL_Driver/Src/stm32f0xx_hal_tim.o
 .text.TIM_CCxChannelCmd
                0x0800ea10       0x46 ./Drivers/STM32F0xx_HAL_Driver/Src/stm32f0xx_hal_tim.o
                0x0800ea10                TIM_CCxChannelCmd
 *fill*         0x0800ea56        0x2 
 .text.HAL_TIMEx_MasterConfigSynchronization
                0x0800ea58       0xb0 ./Drivers/STM32F0xx_HAL_Driver/Src/stm32f0xx_hal_tim_ex.o
                0x0800ea58                HAL_TIMEx_MasterConfigSynchronization
 .text.HAL_TIMEx_ConfigBreakDeadTime
                0x0800eb08       0xbc ./Drivers/STM32F0xx_HAL_Driver/Src/stm32f0xx_hal_tim_ex.o
                0x0800eb08                HAL_TIMEx_ConfigBreakDeadTime
 .text.HAL_TIMEx_CommutCallback
                0x0800ebc4       0x10 ./Drivers/STM32F0xx_HAL_Driver/Src/stm32f0xx_hal_tim_ex.o
                0x0800ebc4                HAL_TIMEx_CommutCallback
 .text.HAL_TIMEx_BreakCallback
                0x0800ebd4       0x10 ./Drivers/STM32F0xx_HAL_Driver/Src/stm32f0xx_hal_tim_ex.o
                0x0800ebd4                HAL_TIMEx_BreakCallback
 .text.memset   0x0800ebe4       0x10 C:/ST/STM32CubeIDE_1.15.1/STM32CubeIDE/plugins/com.st.stm32cube.ide.mcu.externaltools.gnu-tools-for-stm32.12.3.rel1.win32_1.0.200.202406191623/tools/bin/../lib/gcc/arm-none-eabi/12.3.1/../../../../arm-none-eabi/lib/thumb/v6-m/nofp\libc_nano.a(libc_a-memset.o)
                0x0800ebe4                memset
 .text.__libc_init_array
                0x0800ebf4       0x48 C:/ST/STM32CubeIDE_1.15.1/STM32CubeIDE/plugins/com.st.stm32cube.ide.mcu.externaltools.gnu-tools-for-stm32.12.3.rel1.win32_1.0.200.202406191623/tools/bin/../lib/gcc/arm-none-eabi/12.3.1/../../../../arm-none-eabi/lib/thumb/v6-m/nofp\libc_nano.a(libc_a-init.o)
                0x0800ebf4                __libc_init_array
 .text.memcpy   0x0800ec3c       0x12 C:/ST/STM32CubeIDE_1.15.1/STM32CubeIDE/plugins/com.st.stm32cube.ide.mcu.externaltools.gnu-tools-for-stm32.12.3.rel1.win32_1.0.200.202406191623/tools/bin/../lib/gcc/arm-none-eabi/12.3.1/../../../../arm-none-eabi/lib/thumb/v6-m/nofp\libc_nano.a(libc_a-memcpy-stub.o)
                0x0800ec3c                memcpy
 *(.glue_7)
 .glue_7        0x0800ec4e        0x0 linker stubs
 *(.glue_7t)
 .glue_7t       0x0800ec4e        0x0 linker stubs
 *(.eh_frame)
 *fill*         0x0800ec4e        0x2 
 .eh_frame      0x0800ec50        0x0 C:/ST/STM32CubeIDE_1.15.1/STM32CubeIDE/plugins/com.st.stm32cube.ide.mcu.externaltools.gnu-tools-for-stm32.12.3.rel1.win32_1.0.200.202406191623/tools/bin/../lib/gcc/arm-none-eabi/12.3.1/thumb/v6-m/nofp/crtbegin.o
 *(.init)
 .init          0x0800ec50        0x4 C:/ST/STM32CubeIDE_1.15.1/STM32CubeIDE/plugins/com.st.stm32cube.ide.mcu.externaltools.gnu-tools-for-stm32.12.3.rel1.win32_1.0.200.202406191623/tools/bin/../lib/gcc/arm-none-eabi/12.3.1/thumb/v6-m/nofp/crti.o
                0x0800ec50                _init
 .init          0x0800ec54        0x8 C:/ST/STM32CubeIDE_1.15.1/STM32CubeIDE/plugins/com.st.stm32cube.ide.mcu.externaltools.gnu-tools-for-stm32.12.3.rel1.win32_1.0.200.202406191623/tools/bin/../lib/gcc/arm-none-eabi/12.3.1/thumb/v6-m/nofp/crtn.o
 *(.fini)
 .fini          0x0800ec5c        0x4 C:/ST/STM32CubeIDE_1.15.1/STM32CubeIDE/plugins/com.st.stm32cube.ide.mcu.externaltools.gnu-tools-for-stm32.12.3.rel1.win32_1.0.200.202406191623/tools/bin/../lib/gcc/arm-none-eabi/12.3.1/thumb/v6-m/nofp/crti.o
                0x0800ec5c                _fini
 .fini          0x0800ec60        0x8 C:/ST/STM32CubeIDE_1.15.1/STM32CubeIDE/plugins/com.st.stm32cube.ide.mcu.externaltools.gnu-tools-for-stm32.12.3.rel1.win32_1.0.200.202406191623/tools/bin/../lib/gcc/arm-none-eabi/12.3.1/thumb/v6-m/nofp/crtn.o
                0x0800ec68                        . = ALIGN (0x4)
                0x0800ec68                        _etext = .

.vfp11_veneer   0x0800ec68        0x0
 .vfp11_veneer  0x0800ec68        0x0 linker stubs

.v4_bx          0x0800ec68        0x0
 .v4_bx         0x0800ec68        0x0 linker stubs

.iplt           0x0800ec68        0x0
 .iplt          0x0800ec68        0x0 C:/ST/STM32CubeIDE_1.15.1/STM32CubeIDE/plugins/com.st.stm32cube.ide.mcu.externaltools.gnu-tools-for-stm32.12.3.rel1.win32_1.0.200.202406191623/tools/bin/../lib/gcc/arm-none-eabi/12.3.1/thumb/v6-m/nofp/crtbegin.o

.rodata         0x0800ec68     0xcb2c
                0x0800ec68                        . = ALIGN (0x4)
 *(.rodata)
 .rodata        0x0800ec68       0xa3 ./Core/Src/main.o
 *fill*         0x0800ed0b        0x1 
 .rodata        0x0800ed0c       0xc8 ./Core/Src/psu.o
 .rodata        0x0800edd4       0x7c C:/ST/STM32CubeIDE_1.15.1/STM32CubeIDE/plugins/com.st.stm32cube.ide.mcu.externaltools.gnu-tools-for-stm32.12.3.rel1.win32_1.0.200.202406191623/tools/bin/../lib/gcc/arm-none-eabi/12.3.1/thumb/v6-m/nofp\libgcc.a(divsf3.o)
 .rodata        0x0800ee50       0x40 C:/ST/STM32CubeIDE_1.15.1/STM32CubeIDE/plugins/com.st.stm32cube.ide.mcu.externaltools.gnu-tools-for-stm32.12.3.rel1.win32_1.0.200.202406191623/tools/bin/../lib/gcc/arm-none-eabi/12.3.1/thumb/v6-m/nofp\libgcc.a(divdf3.o)
 *(.rodata*)
 .rodata.logo_160x128
                0x0800ee90     0xa000 ./Core/Src/main.o
                0x0800ee90                logo_160x128
 .rodata.menu_handler
                0x08018e90       0x30 ./Core/Src/main.o
 .rodata.device_settings
                0x08018ec0       0x18 ./Core/Src/main.o
 .rodata.AHBPrescTable
                0x08018ed8       0x10 ./Core/Src/system_stm32f0xx.o
                0x08018ed8                AHBPrescTable
 .rodata.Font7x10
                0x08018ee8      0x76c ./Drivers/ST7735/fonts.o
 .rodata.Font11x18
                0x08019654      0xd5c ./Drivers/ST7735/fonts.o
 .rodata.Font16x26
                0x0801a3b0     0x134c ./Drivers/ST7735/fonts.o
 .rodata.init_cmds1
                0x0801b6fc       0x3b ./Drivers/ST7735/st7735.o
 *fill*         0x0801b737        0x1 
 .rodata.init_cmds2
                0x0801b738        0xd ./Drivers/ST7735/st7735.o
 *fill*         0x0801b745        0x3 
 .rodata.init_cmds3
                0x0801b748       0x2b ./Drivers/ST7735/st7735.o
 *fill*         0x0801b773        0x1 
 .rodata.aPLLMULFactorTable.1
                0x0801b774       0x10 ./Drivers/STM32F0xx_HAL_Driver/Src/stm32f0xx_hal_rcc.o
 .rodata.aPredivFactorTable.0
                0x0801b784       0x10 ./Drivers/STM32F0xx_HAL_Driver/Src/stm32f0xx_hal_rcc.o
                0x0801b794                        . = ALIGN (0x4)

.ARM.extab      0x0801b794        0x0
                0x0801b794                        . = ALIGN (0x4)
 *(.ARM.extab* .gnu.linkonce.armextab.*)
                0x0801b794                        . = ALIGN (0x4)

.ARM            0x0801b794        0x0
                0x0801b794                        . = ALIGN (0x4)
                0x0801b794                        __exidx_start = .
 *(.ARM.exidx*)
                0x0801b794                        __exidx_end = .
                0x0801b794                        . = ALIGN (0x4)

.preinit_array  0x0801b794        0x0
                0x0801b794                        . = ALIGN (0x4)
                0x0801b794                        PROVIDE (__preinit_array_start = .)
 *(.preinit_array*)
                0x0801b794                        PROVIDE (__preinit_array_end = .)
                0x0801b794                        . = ALIGN (0x4)

.init_array     0x0801b794        0x4
                0x0801b794                        . = ALIGN (0x4)
                0x0801b794                        PROVIDE (__init_array_start = .)
 *(SORT_BY_NAME(.init_array.*))
 *(.init_array*)
 .init_array    0x0801b794        0x4 C:/ST/STM32CubeIDE_1.15.1/STM32CubeIDE/plugins/com.st.stm32cube.ide.mcu.externaltools.gnu-tools-for-stm32.12.3.rel1.win32_1.0.200.202406191623/tools/bin/../lib/gcc/arm-none-eabi/12.3.1/thumb/v6-m/nofp/crtbegin.o
                0x0801b798                        PROVIDE (__init_array_end = .)
                0x0801b798                        . = ALIGN (0x4)

.fini_array     0x0801b798        0x4
                0x0801b798                        . = ALIGN (0x4)
                [!provide]                        PROVIDE (__fini_array_start = .)
 *(SORT_BY_NAME(.fini_array.*))
 *(.fini_array*)
 .fini_array    0x0801b798        0x4 C:/ST/STM32CubeIDE_1.15.1/STM32CubeIDE/plugins/com.st.stm32cube.ide.mcu.externaltools.gnu-tools-for-stm32.12.3.rel1.win32_1.0.200.202406191623/tools/bin/../lib/gcc/arm-none-eabi/12.3.1/thumb/v6-m/nofp/crtbegin.o
                [!provide]                        PROVIDE (__fini_array_end = .)
                0x0801b79c                        . = ALIGN (0x4)
                0x0801b79c                        _sidata = LOADADDR (.data)

.rel.dyn        0x0801b79c        0x0
 .rel.iplt      0x0801b79c        0x0 C:/ST/STM32CubeIDE_1.15.1/STM32CubeIDE/plugins/com.st.stm32cube.ide.mcu.externaltools.gnu-tools-for-stm32.12.3.rel1.win32_1.0.200.202406191623/tools/bin/../lib/gcc/arm-none-eabi/12.3.1/thumb/v6-m/nofp/crtbegin.o

.data           0x20000000       0x58 load address 0x0801b79c
                0x20000000                        . = ALIGN (0x4)
                0x20000000                        _sdata = .
 *(.data)
 *(.data*)
 .data.vdd      0x20000000        0x4 ./Core/Src/main.o
                0x20000000                vdd
 .data.scaleU   0x20000004        0x4 ./Core/Src/main.o
                0x20000004                scaleU
 .data.scaleI   0x20000008        0x4 ./Core/Src/main.o
                0x20000008                scaleI
 .data.scaleUsp
                0x2000000c        0x4 ./Core/Src/main.o
                0x2000000c                scaleUsp
 .data.scaleIsp
                0x20000010        0x4 ./Core/Src/main.o
                0x20000010                scaleIsp
 .data.mnu_sel  0x20000014        0x1 ./Core/Src/main.o
                0x20000014                mnu_sel
 *fill*         0x20000015        0x1 
 .data.lcd_pwm_bl
                0x20000016        0x2 ./Core/Src/main.o
                0x20000016                lcd_pwm_bl
 .data.uSP      0x20000018        0x4 ./Core/Src/main.o
                0x20000018                uSP
 .data.iSP      0x2000001c        0x4 ./Core/Src/main.o
                0x2000001c                iSP
 .data.onTd100  0x20000020        0x1 ./Core/Src/main.o
                0x20000020                onTd100
 .data.onTd10   0x20000021        0x1 ./Core/Src/main.o
                0x20000021                onTd10
 .data.onTd1    0x20000022        0x1 ./Core/Src/main.o
                0x20000022                onTd1
 .data.onTh10   0x20000023        0x1 ./Core/Src/main.o
                0x20000023                onTh10
 .data.onTh1    0x20000024        0x1 ./Core/Src/main.o
                0x20000024                onTh1
 .data.onTm10   0x20000025        0x1 ./Core/Src/main.o
                0x20000025                onTm10
 .data.onTm1    0x20000026        0x1 ./Core/Src/main.o
                0x20000026                onTm1
 .data.onTs10   0x20000027        0x1 ./Core/Src/main.o
                0x20000027                onTs10
 .data.onTs1    0x20000028        0x1 ./Core/Src/main.o
                0x20000028                onTs1
 *fill*         0x20000029        0x3 
 .data.SystemCoreClock
                0x2000002c        0x4 ./Core/Src/system_stm32f0xx.o
                0x2000002c                SystemCoreClock
 .data.Font_7x10
                0x20000030        0x8 ./Drivers/ST7735/fonts.o
                0x20000030                Font_7x10
 .data.Font_11x18
                0x20000038        0x8 ./Drivers/ST7735/fonts.o
                0x20000038                Font_11x18
 .data.Font_16x26
                0x20000040        0x8 ./Drivers/ST7735/fonts.o
                0x20000040                Font_16x26
 .data._data_rotation
                0x20000048        0x4 ./Drivers/ST7735/st7735.o
 .data._height  0x2000004c        0x2 ./Drivers/ST7735/st7735.o
 .data._width   0x2000004e        0x2 ./Drivers/ST7735/st7735.o
 .data.uwTickPrio
                0x20000050        0x4 ./Drivers/STM32F0xx_HAL_Driver/Src/stm32f0xx_hal.o
                0x20000050                uwTickPrio
 .data.uwTickFreq
                0x20000054        0x1 ./Drivers/STM32F0xx_HAL_Driver/Src/stm32f0xx_hal.o
                0x20000054                uwTickFreq
 *(.RamFunc)
 *(.RamFunc*)
                0x20000058                        . = ALIGN (0x4)
 *fill*         0x20000055        0x3 
                0x20000058                        _edata = .

.igot.plt       0x20000058        0x0 load address 0x0801b7f4
 .igot.plt      0x20000058        0x0 C:/ST/STM32CubeIDE_1.15.1/STM32CubeIDE/plugins/com.st.stm32cube.ide.mcu.externaltools.gnu-tools-for-stm32.12.3.rel1.win32_1.0.200.202406191623/tools/bin/../lib/gcc/arm-none-eabi/12.3.1/thumb/v6-m/nofp/crtbegin.o
                0x20000058                        . = ALIGN (0x4)

.bss            0x20000058      0x498 load address 0x0801b7f4
                0x20000058                        _sbss = .
                0x20000058                        __bss_start__ = _sbss
 *(.bss)
 .bss           0x20000058       0x1c C:/ST/STM32CubeIDE_1.15.1/STM32CubeIDE/plugins/com.st.stm32cube.ide.mcu.externaltools.gnu-tools-for-stm32.12.3.rel1.win32_1.0.200.202406191623/tools/bin/../lib/gcc/arm-none-eabi/12.3.1/thumb/v6-m/nofp/crtbegin.o
 *(.bss*)
 .bss.hadc      0x20000074       0x40 ./Core/Src/main.o
                0x20000074                hadc
 .bss.hdma_adc  0x200000b4       0x44 ./Core/Src/main.o
                0x200000b4                hdma_adc
 .bss.hcrc      0x200000f8       0x1c ./Core/Src/main.o
                0x200000f8                hcrc
 .bss.hi2c1     0x20000114       0x54 ./Core/Src/main.o
                0x20000114                hi2c1
 .bss.hi2c2     0x20000168       0x54 ./Core/Src/main.o
                0x20000168                hi2c2
 .bss.hrtc      0x200001bc       0x20 ./Core/Src/main.o
                0x200001bc                hrtc
 .bss.hspi1     0x200001dc       0x64 ./Core/Src/main.o
                0x200001dc                hspi1
 .bss.hdma_spi1_tx
                0x20000240       0x44 ./Core/Src/main.o
                0x20000240                hdma_spi1_tx
 .bss.htim1     0x20000284       0x48 ./Core/Src/main.o
                0x20000284                htim1
 .bss.htim3     0x200002cc       0x48 ./Core/Src/main.o
                0x200002cc                htim3
 .bss.htim6     0x20000314       0x48 ./Core/Src/main.o
                0x20000314                htim6
 .bss.adc_RAW   0x2000035c        0x6 ./Core/Src/main.o
                0x2000035c                adc_RAW
 *fill*         0x20000362        0x2 
 .bss.constU    0x20000364        0x4 ./Core/Src/main.o
                0x20000364                constU
 .bss.constI    0x20000368        0x4 ./Core/Src/main.o
                0x20000368                constI
 .bss.outU      0x2000036c        0x4 ./Core/Src/main.o
                0x2000036c                outU
 .bss.outI      0x20000370        0x4 ./Core/Src/main.o
                0x20000370                outI
 .bss.temp_MCU  0x20000374        0x4 ./Core/Src/main.o
                0x20000374                temp_MCU
 .bss.float_for_LCD
                0x20000378        0xb ./Core/Src/main.o
                0x20000378                float_for_LCD
 .bss.enc       0x20000383        0x1 ./Core/Src/main.o
                0x20000383                enc
 .bss.btn       0x20000384        0x1 ./Core/Src/main.o
                0x20000384                btn
 .bss.ds_mnu_sel
                0x20000385        0x1 ./Core/Src/main.o
                0x20000385                ds_mnu_sel
 .bss.enc_cnt   0x20000386        0x2 ./Core/Src/main.o
                0x20000386                enc_cnt
 .bss.btn_cnt   0x20000388        0x1 ./Core/Src/main.o
                0x20000388                btn_cnt
 *fill*         0x20000389        0x3 
 .bss.ptr       0x2000038c        0x4 ./Core/Src/main.o
                0x2000038c                ptr
 .bss.on_off    0x20000390        0x1 ./Core/Src/main.o
                0x20000390                on_off
 .bss.mod_sel_MS
                0x20000391        0x1 ./Core/Src/main.o
                0x20000391                mod_sel_MS
 .bss.mem_sel   0x20000392        0x1 ./Core/Src/main.o
                0x20000392                mem_sel
 *fill*         0x20000393        0x1 
 .bss.uint_spU  0x20000394        0x2 ./Core/Src/main.o
                0x20000394                uint_spU
 .bss.uint_spI  0x20000396        0x2 ./Core/Src/main.o
                0x20000396                uint_spI
 .bss.masterTxBuf
                0x20000398       0x10 ./Core/Src/main.o
                0x20000398                masterTxBuf
 .bss.masterRxBuf
                0x200003a8       0x10 ./Core/Src/main.o
                0x200003a8                masterRxBuf
 .bss.slaveTxBuf
                0x200003b8       0x10 ./Core/Src/main.o
                0x200003b8                slaveTxBuf
 .bss.slaveRxBuf
                0x200003c8       0x10 ./Core/Src/main.o
                0x200003c8                slaveRxBuf
 .bss.tempCRC   0x200003d8        0x4 ./Core/Src/main.o
                0x200003d8                tempCRC
 .bss.i2cError  0x200003dc        0x1 ./Core/Src/main.o
                0x200003dc                i2cError
 .bss.redraw_ST
                0x200003dd        0x1 ./Core/Src/main.o
                0x200003dd                redraw_ST
 .bss.redraw_uSP
                0x200003de        0x1 ./Core/Src/main.o
                0x200003de                redraw_uSP
 .bss.redraw_iSP
                0x200003df        0x1 ./Core/Src/main.o
                0x200003df                redraw_iSP
 .bss.filt_cnt.19
                0x200003e0        0x1 ./Core/Src/psu.o
 *fill*         0x200003e1        0x3 
 .bss.adc_RAW_U.18
                0x200003e4       0x5a ./Core/Src/psu.o
 *fill*         0x2000043e        0x2 
 .bss.adc_RAW_I.17
                0x20000440       0x5a ./Core/Src/psu.o
 .bss.oldHours.16
                0x2000049a        0x1 ./Core/Src/psu.o
 *fill*         0x2000049b        0x1 
 .bss.daysON.15
                0x2000049c        0x2 ./Core/Src/psu.o
 *fill*         0x2000049e        0x2 
 .bss.old_outU.14
                0x200004a0        0x4 ./Core/Src/psu.o
 .bss.old_outI.13
                0x200004a4        0x4 ./Core/Src/psu.o
 .bss.old_outP.12
                0x200004a8        0x4 ./Core/Src/psu.o
 .bss.old_on_off.11
                0x200004ac        0x1 ./Core/Src/psu.o
 .bss.old_onTd100.10
                0x200004ad        0x1 ./Core/Src/psu.o
 .bss.old_onTd10.9
                0x200004ae        0x1 ./Core/Src/psu.o
 .bss.old_onTd1.8
                0x200004af        0x1 ./Core/Src/psu.o
 .bss.old_onTh10.7
                0x200004b0        0x1 ./Core/Src/psu.o
 .bss.old_onTh1.6
                0x200004b1        0x1 ./Core/Src/psu.o
 .bss.old_onTm10.5
                0x200004b2        0x1 ./Core/Src/psu.o
 .bss.old_onTm1.4
                0x200004b3        0x1 ./Core/Src/psu.o
 .bss.old_onTs10.3
                0x200004b4        0x1 ./Core/Src/psu.o
 .bss.old_ptr_0.2
                0x200004b5        0x1 ./Core/Src/psu.o
 .bss.old_ptr_1.1
                0x200004b6        0x1 ./Core/Src/psu.o
 *fill*         0x200004b7        0x1 
 .bss.EraseInitStruct.0
                0x200004b8        0xc ./Core/Src/psu.o
 .bss._value_rotation
                0x200004c4        0x1 ./Drivers/ST7735/st7735.o
 .bss._xstart   0x200004c5        0x1 ./Drivers/ST7735/st7735.o
 .bss._ystart   0x200004c6        0x1 ./Drivers/ST7735/st7735.o
 *fill*         0x200004c7        0x1 
 .bss.uwTick    0x200004c8        0x4 ./Drivers/STM32F0xx_HAL_Driver/Src/stm32f0xx_hal.o
                0x200004c8                uwTick
 *fill*         0x200004cc        0x4 
 .bss.pFlash    0x200004d0       0x20 ./Drivers/STM32F0xx_HAL_Driver/Src/stm32f0xx_hal_flash.o
                0x200004d0                pFlash
 *(COMMON)
                0x200004f0                        . = ALIGN (0x4)
                0x200004f0                        _ebss = .
                0x200004f0                        __bss_end__ = _ebss

._user_heap_stack
                0x200004f0      0x600 load address 0x0801b7f4
                0x200004f0                        . = ALIGN (0x8)
                [!provide]                        PROVIDE (end = .)
                0x200004f0                        PROVIDE (_end = .)
                0x200006f0                        . = (. + _Min_Heap_Size)
 *fill*         0x200004f0      0x200 
                0x20000af0                        . = (. + _Min_Stack_Size)
 *fill*         0x200006f0      0x400 
                0x20000af0                        . = ALIGN (0x8)

/DISCARD/
 libc.a(*)
 libm.a(*)
 libgcc.a(*)

.ARM.attributes
                0x00000000       0x28
 *(.ARM.attributes)
 .ARM.attributes
                0x00000000       0x1e C:/ST/STM32CubeIDE_1.15.1/STM32CubeIDE/plugins/com.st.stm32cube.ide.mcu.externaltools.gnu-tools-for-stm32.12.3.rel1.win32_1.0.200.202406191623/tools/bin/../lib/gcc/arm-none-eabi/12.3.1/thumb/v6-m/nofp/crti.o
 .ARM.attributes
                0x0000001e       0x2c C:/ST/STM32CubeIDE_1.15.1/STM32CubeIDE/plugins/com.st.stm32cube.ide.mcu.externaltools.gnu-tools-for-stm32.12.3.rel1.win32_1.0.200.202406191623/tools/bin/../lib/gcc/arm-none-eabi/12.3.1/thumb/v6-m/nofp/crtbegin.o
 .ARM.attributes
                0x0000004a       0x2c ./Core/Src/main.o
 .ARM.attributes
                0x00000076       0x2c ./Core/Src/psu.o
 .ARM.attributes
                0x000000a2       0x2c ./Core/Src/stm32f0xx_hal_msp.o
 .ARM.attributes
                0x000000ce       0x2c ./Core/Src/stm32f0xx_it.o
 .ARM.attributes
                0x000000fa       0x2c ./Core/Src/system_stm32f0xx.o
 .ARM.attributes
                0x00000126       0x21 ./Core/Startup/startup_stm32f030cctx.o
 .ARM.attributes
                0x00000147       0x2c ./Drivers/ST7735/fonts.o
 .ARM.attributes
                0x00000173       0x2c ./Drivers/ST7735/st7735.o
 .ARM.attributes
                0x0000019f       0x2c ./Drivers/STM32F0xx_HAL_Driver/Src/stm32f0xx_hal.o
 .ARM.attributes
                0x000001cb       0x2c ./Drivers/STM32F0xx_HAL_Driver/Src/stm32f0xx_hal_adc.o
 .ARM.attributes
                0x000001f7       0x2c ./Drivers/STM32F0xx_HAL_Driver/Src/stm32f0xx_hal_adc_ex.o
 .ARM.attributes
                0x00000223       0x2c ./Drivers/STM32F0xx_HAL_Driver/Src/stm32f0xx_hal_cortex.o
 .ARM.attributes
                0x0000024f       0x2c ./Drivers/STM32F0xx_HAL_Driver/Src/stm32f0xx_hal_crc.o
 .ARM.attributes
                0x0000027b       0x2c ./Drivers/STM32F0xx_HAL_Driver/Src/stm32f0xx_hal_dma.o
 .ARM.attributes
                0x000002a7       0x2c ./Drivers/STM32F0xx_HAL_Driver/Src/stm32f0xx_hal_flash.o
 .ARM.attributes
                0x000002d3       0x2c ./Drivers/STM32F0xx_HAL_Driver/Src/stm32f0xx_hal_flash_ex.o
 .ARM.attributes
                0x000002ff       0x2c ./Drivers/STM32F0xx_HAL_Driver/Src/stm32f0xx_hal_gpio.o
 .ARM.attributes
                0x0000032b       0x2c ./Drivers/STM32F0xx_HAL_Driver/Src/stm32f0xx_hal_i2c.o
 .ARM.attributes
                0x00000357       0x2c ./Drivers/STM32F0xx_HAL_Driver/Src/stm32f0xx_hal_i2c_ex.o
 .ARM.attributes
                0x00000383       0x2c ./Drivers/STM32F0xx_HAL_Driver/Src/stm32f0xx_hal_rcc.o
 .ARM.attributes
                0x000003af       0x2c ./Drivers/STM32F0xx_HAL_Driver/Src/stm32f0xx_hal_rcc_ex.o
 .ARM.attributes
                0x000003db       0x2c ./Drivers/STM32F0xx_HAL_Driver/Src/stm32f0xx_hal_rtc.o
 .ARM.attributes
                0x00000407       0x2c ./Drivers/STM32F0xx_HAL_Driver/Src/stm32f0xx_hal_spi.o
 .ARM.attributes
                0x00000433       0x2c ./Drivers/STM32F0xx_HAL_Driver/Src/stm32f0xx_hal_tim.o
 .ARM.attributes
                0x0000045f       0x2c ./Drivers/STM32F0xx_HAL_Driver/Src/stm32f0xx_hal_tim_ex.o
 .ARM.attributes
                0x0000048b       0x2c C:/ST/STM32CubeIDE_1.15.1/STM32CubeIDE/plugins/com.st.stm32cube.ide.mcu.externaltools.gnu-tools-for-stm32.12.3.rel1.win32_1.0.200.202406191623/tools/bin/../lib/gcc/arm-none-eabi/12.3.1/../../../../arm-none-eabi/lib/thumb/v6-m/nofp\libc_nano.a(libc_a-memset.o)
 .ARM.attributes
                0x000004b7       0x2c C:/ST/STM32CubeIDE_1.15.1/STM32CubeIDE/plugins/com.st.stm32cube.ide.mcu.externaltools.gnu-tools-for-stm32.12.3.rel1.win32_1.0.200.202406191623/tools/bin/../lib/gcc/arm-none-eabi/12.3.1/../../../../arm-none-eabi/lib/thumb/v6-m/nofp\libc_nano.a(libc_a-init.o)
 .ARM.attributes
                0x000004e3       0x2c C:/ST/STM32CubeIDE_1.15.1/STM32CubeIDE/plugins/com.st.stm32cube.ide.mcu.externaltools.gnu-tools-for-stm32.12.3.rel1.win32_1.0.200.202406191623/tools/bin/../lib/gcc/arm-none-eabi/12.3.1/../../../../arm-none-eabi/lib/thumb/v6-m/nofp\libc_nano.a(libc_a-memcpy-stub.o)
 .ARM.attributes
                0x0000050f       0x1e C:/ST/STM32CubeIDE_1.15.1/STM32CubeIDE/plugins/com.st.stm32cube.ide.mcu.externaltools.gnu-tools-for-stm32.12.3.rel1.win32_1.0.200.202406191623/tools/bin/../lib/gcc/arm-none-eabi/12.3.1/thumb/v6-m/nofp\libgcc.a(_udivsi3.o)
 .ARM.attributes
                0x0000052d       0x1e C:/ST/STM32CubeIDE_1.15.1/STM32CubeIDE/plugins/com.st.stm32cube.ide.mcu.externaltools.gnu-tools-for-stm32.12.3.rel1.win32_1.0.200.202406191623/tools/bin/../lib/gcc/arm-none-eabi/12.3.1/thumb/v6-m/nofp\libgcc.a(_divsi3.o)
 .ARM.attributes
                0x0000054b       0x1e C:/ST/STM32CubeIDE_1.15.1/STM32CubeIDE/plugins/com.st.stm32cube.ide.mcu.externaltools.gnu-tools-for-stm32.12.3.rel1.win32_1.0.200.202406191623/tools/bin/../lib/gcc/arm-none-eabi/12.3.1/thumb/v6-m/nofp\libgcc.a(_dvmd_tls.o)
 .ARM.attributes
                0x00000569       0x1e C:/ST/STM32CubeIDE_1.15.1/STM32CubeIDE/plugins/com.st.stm32cube.ide.mcu.externaltools.gnu-tools-for-stm32.12.3.rel1.win32_1.0.200.202406191623/tools/bin/../lib/gcc/arm-none-eabi/12.3.1/thumb/v6-m/nofp\libgcc.a(_arm_cmpdf2.o)
 .ARM.attributes
                0x00000587       0x1e C:/ST/STM32CubeIDE_1.15.1/STM32CubeIDE/plugins/com.st.stm32cube.ide.mcu.externaltools.gnu-tools-for-stm32.12.3.rel1.win32_1.0.200.202406191623/tools/bin/../lib/gcc/arm-none-eabi/12.3.1/thumb/v6-m/nofp\libgcc.a(_arm_cmpsf2.o)
 .ARM.attributes
                0x000005a5       0x2c C:/ST/STM32CubeIDE_1.15.1/STM32CubeIDE/plugins/com.st.stm32cube.ide.mcu.externaltools.gnu-tools-for-stm32.12.3.rel1.win32_1.0.200.202406191623/tools/bin/../lib/gcc/arm-none-eabi/12.3.1/thumb/v6-m/nofp\libgcc.a(_fixunssfsi.o)
 .ARM.attributes
                0x000005d1       0x2c C:/ST/STM32CubeIDE_1.15.1/STM32CubeIDE/plugins/com.st.stm32cube.ide.mcu.externaltools.gnu-tools-for-stm32.12.3.rel1.win32_1.0.200.202406191623/tools/bin/../lib/gcc/arm-none-eabi/12.3.1/thumb/v6-m/nofp\libgcc.a(addsf3.o)
 .ARM.attributes
                0x000005fd       0x2c C:/ST/STM32CubeIDE_1.15.1/STM32CubeIDE/plugins/com.st.stm32cube.ide.mcu.externaltools.gnu-tools-for-stm32.12.3.rel1.win32_1.0.200.202406191623/tools/bin/../lib/gcc/arm-none-eabi/12.3.1/thumb/v6-m/nofp\libgcc.a(divsf3.o)
 .ARM.attributes
                0x00000629       0x2c C:/ST/STM32CubeIDE_1.15.1/STM32CubeIDE/plugins/com.st.stm32cube.ide.mcu.externaltools.gnu-tools-for-stm32.12.3.rel1.win32_1.0.200.202406191623/tools/bin/../lib/gcc/arm-none-eabi/12.3.1/thumb/v6-m/nofp\libgcc.a(eqsf2.o)
 .ARM.attributes
                0x00000655       0x2c C:/ST/STM32CubeIDE_1.15.1/STM32CubeIDE/plugins/com.st.stm32cube.ide.mcu.externaltools.gnu-tools-for-stm32.12.3.rel1.win32_1.0.200.202406191623/tools/bin/../lib/gcc/arm-none-eabi/12.3.1/thumb/v6-m/nofp\libgcc.a(gesf2.o)
 .ARM.attributes
                0x00000681       0x2c C:/ST/STM32CubeIDE_1.15.1/STM32CubeIDE/plugins/com.st.stm32cube.ide.mcu.externaltools.gnu-tools-for-stm32.12.3.rel1.win32_1.0.200.202406191623/tools/bin/../lib/gcc/arm-none-eabi/12.3.1/thumb/v6-m/nofp\libgcc.a(lesf2.o)
 .ARM.attributes
                0x000006ad       0x2c C:/ST/STM32CubeIDE_1.15.1/STM32CubeIDE/plugins/com.st.stm32cube.ide.mcu.externaltools.gnu-tools-for-stm32.12.3.rel1.win32_1.0.200.202406191623/tools/bin/../lib/gcc/arm-none-eabi/12.3.1/thumb/v6-m/nofp\libgcc.a(mulsf3.o)
 .ARM.attributes
                0x000006d9       0x2c C:/ST/STM32CubeIDE_1.15.1/STM32CubeIDE/plugins/com.st.stm32cube.ide.mcu.externaltools.gnu-tools-for-stm32.12.3.rel1.win32_1.0.200.202406191623/tools/bin/../lib/gcc/arm-none-eabi/12.3.1/thumb/v6-m/nofp\libgcc.a(subsf3.o)
 .ARM.attributes
                0x00000705       0x2c C:/ST/STM32CubeIDE_1.15.1/STM32CubeIDE/plugins/com.st.stm32cube.ide.mcu.externaltools.gnu-tools-for-stm32.12.3.rel1.win32_1.0.200.202406191623/tools/bin/../lib/gcc/arm-none-eabi/12.3.1/thumb/v6-m/nofp\libgcc.a(fixsfsi.o)
 .ARM.attributes
                0x00000731       0x2c C:/ST/STM32CubeIDE_1.15.1/STM32CubeIDE/plugins/com.st.stm32cube.ide.mcu.externaltools.gnu-tools-for-stm32.12.3.rel1.win32_1.0.200.202406191623/tools/bin/../lib/gcc/arm-none-eabi/12.3.1/thumb/v6-m/nofp\libgcc.a(floatsisf.o)
 .ARM.attributes
                0x0000075d       0x2c C:/ST/STM32CubeIDE_1.15.1/STM32CubeIDE/plugins/com.st.stm32cube.ide.mcu.externaltools.gnu-tools-for-stm32.12.3.rel1.win32_1.0.200.202406191623/tools/bin/../lib/gcc/arm-none-eabi/12.3.1/thumb/v6-m/nofp\libgcc.a(adddf3.o)
 .ARM.attributes
                0x00000789       0x2c C:/ST/STM32CubeIDE_1.15.1/STM32CubeIDE/plugins/com.st.stm32cube.ide.mcu.externaltools.gnu-tools-for-stm32.12.3.rel1.win32_1.0.200.202406191623/tools/bin/../lib/gcc/arm-none-eabi/12.3.1/thumb/v6-m/nofp\libgcc.a(divdf3.o)
 .ARM.attributes
                0x000007b5       0x2c C:/ST/STM32CubeIDE_1.15.1/STM32CubeIDE/plugins/com.st.stm32cube.ide.mcu.externaltools.gnu-tools-for-stm32.12.3.rel1.win32_1.0.200.202406191623/tools/bin/../lib/gcc/arm-none-eabi/12.3.1/thumb/v6-m/nofp\libgcc.a(eqdf2.o)
 .ARM.attributes
                0x000007e1       0x2c C:/ST/STM32CubeIDE_1.15.1/STM32CubeIDE/plugins/com.st.stm32cube.ide.mcu.externaltools.gnu-tools-for-stm32.12.3.rel1.win32_1.0.200.202406191623/tools/bin/../lib/gcc/arm-none-eabi/12.3.1/thumb/v6-m/nofp\libgcc.a(gedf2.o)
 .ARM.attributes
                0x0000080d       0x2c C:/ST/STM32CubeIDE_1.15.1/STM32CubeIDE/plugins/com.st.stm32cube.ide.mcu.externaltools.gnu-tools-for-stm32.12.3.rel1.win32_1.0.200.202406191623/tools/bin/../lib/gcc/arm-none-eabi/12.3.1/thumb/v6-m/nofp\libgcc.a(ledf2.o)
 .ARM.attributes
                0x00000839       0x2c C:/ST/STM32CubeIDE_1.15.1/STM32CubeIDE/plugins/com.st.stm32cube.ide.mcu.externaltools.gnu-tools-for-stm32.12.3.rel1.win32_1.0.200.202406191623/tools/bin/../lib/gcc/arm-none-eabi/12.3.1/thumb/v6-m/nofp\libgcc.a(muldf3.o)
 .ARM.attributes
                0x00000865       0x2c C:/ST/STM32CubeIDE_1.15.1/STM32CubeIDE/plugins/com.st.stm32cube.ide.mcu.externaltools.gnu-tools-for-stm32.12.3.rel1.win32_1.0.200.202406191623/tools/bin/../lib/gcc/arm-none-eabi/12.3.1/thumb/v6-m/nofp\libgcc.a(subdf3.o)
 .ARM.attributes
                0x00000891       0x2c C:/ST/STM32CubeIDE_1.15.1/STM32CubeIDE/plugins/com.st.stm32cube.ide.mcu.externaltools.gnu-tools-for-stm32.12.3.rel1.win32_1.0.200.202406191623/tools/bin/../lib/gcc/arm-none-eabi/12.3.1/thumb/v6-m/nofp\libgcc.a(floatsidf.o)
 .ARM.attributes
                0x000008bd       0x2c C:/ST/STM32CubeIDE_1.15.1/STM32CubeIDE/plugins/com.st.stm32cube.ide.mcu.externaltools.gnu-tools-for-stm32.12.3.rel1.win32_1.0.200.202406191623/tools/bin/../lib/gcc/arm-none-eabi/12.3.1/thumb/v6-m/nofp\libgcc.a(extendsfdf2.o)
 .ARM.attributes
                0x000008e9       0x2c C:/ST/STM32CubeIDE_1.15.1/STM32CubeIDE/plugins/com.st.stm32cube.ide.mcu.externaltools.gnu-tools-for-stm32.12.3.rel1.win32_1.0.200.202406191623/tools/bin/../lib/gcc/arm-none-eabi/12.3.1/thumb/v6-m/nofp\libgcc.a(truncdfsf2.o)
 .ARM.attributes
                0x00000915       0x1e C:/ST/STM32CubeIDE_1.15.1/STM32CubeIDE/plugins/com.st.stm32cube.ide.mcu.externaltools.gnu-tools-for-stm32.12.3.rel1.win32_1.0.200.202406191623/tools/bin/../lib/gcc/arm-none-eabi/12.3.1/thumb/v6-m/nofp\libgcc.a(_clzsi2.o)
 .ARM.attributes
                0x00000933       0x1e C:/ST/STM32CubeIDE_1.15.1/STM32CubeIDE/plugins/com.st.stm32cube.ide.mcu.externaltools.gnu-tools-for-stm32.12.3.rel1.win32_1.0.200.202406191623/tools/bin/../lib/gcc/arm-none-eabi/12.3.1/thumb/v6-m/nofp/crtn.o
OUTPUT(iSTM32PSU-F030CC.elf elf32-littlearm)
LOAD linker stubs
LOAD C:/ST/STM32CubeIDE_1.15.1/STM32CubeIDE/plugins/com.st.stm32cube.ide.mcu.externaltools.gnu-tools-for-stm32.12.3.rel1.win32_1.0.200.202406191623/tools/bin/../lib/gcc/arm-none-eabi/12.3.1/../../../../arm-none-eabi/lib/thumb/v6-m/nofp\libc.a
LOAD C:/ST/STM32CubeIDE_1.15.1/STM32CubeIDE/plugins/com.st.stm32cube.ide.mcu.externaltools.gnu-tools-for-stm32.12.3.rel1.win32_1.0.200.202406191623/tools/bin/../lib/gcc/arm-none-eabi/12.3.1/../../../../arm-none-eabi/lib/thumb/v6-m/nofp\libm.a
LOAD C:/ST/STM32CubeIDE_1.15.1/STM32CubeIDE/plugins/com.st.stm32cube.ide.mcu.externaltools.gnu-tools-for-stm32.12.3.rel1.win32_1.0.200.202406191623/tools/bin/../lib/gcc/arm-none-eabi/12.3.1/thumb/v6-m/nofp\libgcc.a

.debug_info     0x00000000    0x145da
 .debug_info    0x00000000     0x268d ./Core/Src/main.o
 .debug_info    0x0000268d      0xd91 ./Core/Src/psu.o
 .debug_info    0x0000341e     0x1920 ./Core/Src/stm32f0xx_hal_msp.o
 .debug_info    0x00004d3e      0xc8e ./Core/Src/stm32f0xx_it.o
 .debug_info    0x000059cc      0x242 ./Core/Src/system_stm32f0xx.o
 .debug_info    0x00005c0e       0x30 ./Core/Startup/startup_stm32f030cctx.o
 .debug_info    0x00005c3e      0x19a ./Drivers/ST7735/fonts.o
 .debug_info    0x00005dd8     0x1684 ./Drivers/ST7735/st7735.o
 .debug_info    0x0000745c      0x67c ./Drivers/STM32F0xx_HAL_Driver/Src/stm32f0xx_hal.o
 .debug_info    0x00007ad8      0xc9a ./Drivers/STM32F0xx_HAL_Driver/Src/stm32f0xx_hal_adc.o
 .debug_info    0x00008772      0x5a1 ./Drivers/STM32F0xx_HAL_Driver/Src/stm32f0xx_hal_adc_ex.o
 .debug_info    0x00008d13      0x6a7 ./Drivers/STM32F0xx_HAL_Driver/Src/stm32f0xx_hal_cortex.o
 .debug_info    0x000093ba      0x4f6 ./Drivers/STM32F0xx_HAL_Driver/Src/stm32f0xx_hal_crc.o
 .debug_info    0x000098b0      0x72a ./Drivers/STM32F0xx_HAL_Driver/Src/stm32f0xx_hal_dma.o
 .debug_info    0x00009fda      0x4fc ./Drivers/STM32F0xx_HAL_Driver/Src/stm32f0xx_hal_flash.o
 .debug_info    0x0000a4d6      0x73c ./Drivers/STM32F0xx_HAL_Driver/Src/stm32f0xx_hal_flash_ex.o
 .debug_info    0x0000ac12      0x5bf ./Drivers/STM32F0xx_HAL_Driver/Src/stm32f0xx_hal_gpio.o
 .debug_info    0x0000b1d1     0x20f7 ./Drivers/STM32F0xx_HAL_Driver/Src/stm32f0xx_hal_i2c.o
 .debug_info    0x0000d2c8      0x806 ./Drivers/STM32F0xx_HAL_Driver/Src/stm32f0xx_hal_i2c_ex.o
 .debug_info    0x0000dace      0x844 ./Drivers/STM32F0xx_HAL_Driver/Src/stm32f0xx_hal_rcc.o
 .debug_info    0x0000e312      0x35d ./Drivers/STM32F0xx_HAL_Driver/Src/stm32f0xx_hal_rcc_ex.o
 .debug_info    0x0000e66f      0xb07 ./Drivers/STM32F0xx_HAL_Driver/Src/stm32f0xx_hal_rtc.o
 .debug_info    0x0000f176     0x1642 ./Drivers/STM32F0xx_HAL_Driver/Src/stm32f0xx_hal_spi.o
 .debug_info    0x000107b8     0x2970 ./Drivers/STM32F0xx_HAL_Driver/Src/stm32f0xx_hal_tim.o
 .debug_info    0x00013128     0x14b2 ./Drivers/STM32F0xx_HAL_Driver/Src/stm32f0xx_hal_tim_ex.o

.debug_abbrev   0x00000000     0x3245
 .debug_abbrev  0x00000000      0x337 ./Core/Src/main.o
 .debug_abbrev  0x00000337      0x296 ./Core/Src/psu.o
 .debug_abbrev  0x000005cd      0x29e ./Core/Src/stm32f0xx_hal_msp.o
 .debug_abbrev  0x0000086b      0x1b3 ./Core/Src/stm32f0xx_it.o
 .debug_abbrev  0x00000a1e      0x11c ./Core/Src/system_stm32f0xx.o
 .debug_abbrev  0x00000b3a       0x24 ./Core/Startup/startup_stm32f030cctx.o
 .debug_abbrev  0x00000b5e       0xb3 ./Drivers/ST7735/fonts.o
 .debug_abbrev  0x00000c11      0x2ab ./Drivers/ST7735/st7735.o
 .debug_abbrev  0x00000ebc      0x24b ./Drivers/STM32F0xx_HAL_Driver/Src/stm32f0xx_hal.o
 .debug_abbrev  0x00001107      0x210 ./Drivers/STM32F0xx_HAL_Driver/Src/stm32f0xx_hal_adc.o
 .debug_abbrev  0x00001317      0x138 ./Drivers/STM32F0xx_HAL_Driver/Src/stm32f0xx_hal_adc_ex.o
 .debug_abbrev  0x0000144f      0x28c ./Drivers/STM32F0xx_HAL_Driver/Src/stm32f0xx_hal_cortex.o
 .debug_abbrev  0x000016db      0x19d ./Drivers/STM32F0xx_HAL_Driver/Src/stm32f0xx_hal_crc.o
 .debug_abbrev  0x00001878      0x201 ./Drivers/STM32F0xx_HAL_Driver/Src/stm32f0xx_hal_dma.o
 .debug_abbrev  0x00001a79      0x226 ./Drivers/STM32F0xx_HAL_Driver/Src/stm32f0xx_hal_flash.o
 .debug_abbrev  0x00001c9f      0x212 ./Drivers/STM32F0xx_HAL_Driver/Src/stm32f0xx_hal_flash_ex.o
 .debug_abbrev  0x00001eb1      0x1ca ./Drivers/STM32F0xx_HAL_Driver/Src/stm32f0xx_hal_gpio.o
 .debug_abbrev  0x0000207b      0x282 ./Drivers/STM32F0xx_HAL_Driver/Src/stm32f0xx_hal_i2c.o
 .debug_abbrev  0x000022fd      0x1d4 ./Drivers/STM32F0xx_HAL_Driver/Src/stm32f0xx_hal_i2c_ex.o
 .debug_abbrev  0x000024d1      0x28b ./Drivers/STM32F0xx_HAL_Driver/Src/stm32f0xx_hal_rcc.o
 .debug_abbrev  0x0000275c      0x16f ./Drivers/STM32F0xx_HAL_Driver/Src/stm32f0xx_hal_rcc_ex.o
 .debug_abbrev  0x000028cb      0x1e0 ./Drivers/STM32F0xx_HAL_Driver/Src/stm32f0xx_hal_rtc.o
 .debug_abbrev  0x00002aab      0x277 ./Drivers/STM32F0xx_HAL_Driver/Src/stm32f0xx_hal_spi.o
 .debug_abbrev  0x00002d22      0x28c ./Drivers/STM32F0xx_HAL_Driver/Src/stm32f0xx_hal_tim.o
 .debug_abbrev  0x00002fae      0x297 ./Drivers/STM32F0xx_HAL_Driver/Src/stm32f0xx_hal_tim_ex.o

.debug_aranges  0x00000000     0x1428
 .debug_aranges
                0x00000000       0xa8 ./Core/Src/main.o
 .debug_aranges
                0x000000a8       0x60 ./Core/Src/psu.o
 .debug_aranges
                0x00000108       0xa8 ./Core/Src/stm32f0xx_hal_msp.o
 .debug_aranges
                0x000001b0       0x68 ./Core/Src/stm32f0xx_it.o
 .debug_aranges
                0x00000218       0x28 ./Core/Src/system_stm32f0xx.o
 .debug_aranges
                0x00000240       0x28 ./Core/Startup/startup_stm32f030cctx.o
 .debug_aranges
                0x00000268       0x18 ./Drivers/ST7735/fonts.o
 .debug_aranges
                0x00000280      0x120 ./Drivers/ST7735/st7735.o
 .debug_aranges
                0x000003a0       0xd0 ./Drivers/STM32F0xx_HAL_Driver/Src/stm32f0xx_hal.o
 .debug_aranges
                0x00000470       0xf8 ./Drivers/STM32F0xx_HAL_Driver/Src/stm32f0xx_hal_adc.o
 .debug_aranges
                0x00000568       0x20 ./Drivers/STM32F0xx_HAL_Driver/Src/stm32f0xx_hal_adc_ex.o
 .debug_aranges
                0x00000588       0xc0 ./Drivers/STM32F0xx_HAL_Driver/Src/stm32f0xx_hal_cortex.o
 .debug_aranges
                0x00000648       0x60 ./Drivers/STM32F0xx_HAL_Driver/Src/stm32f0xx_hal_crc.o
 .debug_aranges
                0x000006a8       0x88 ./Drivers/STM32F0xx_HAL_Driver/Src/stm32f0xx_hal_dma.o
 .debug_aranges
                0x00000730       0x88 ./Drivers/STM32F0xx_HAL_Driver/Src/stm32f0xx_hal_flash.o
 .debug_aranges
                0x000007b8       0x98 ./Drivers/STM32F0xx_HAL_Driver/Src/stm32f0xx_hal_flash_ex.o
 .debug_aranges
                0x00000850       0x58 ./Drivers/STM32F0xx_HAL_Driver/Src/stm32f0xx_hal_gpio.o
 .debug_aranges
                0x000008a8      0x2a0 ./Drivers/STM32F0xx_HAL_Driver/Src/stm32f0xx_hal_i2c.o
 .debug_aranges
                0x00000b48       0x38 ./Drivers/STM32F0xx_HAL_Driver/Src/stm32f0xx_hal_i2c_ex.o
 .debug_aranges
                0x00000b80       0x80 ./Drivers/STM32F0xx_HAL_Driver/Src/stm32f0xx_hal_rcc.o
 .debug_aranges
                0x00000c00       0x30 ./Drivers/STM32F0xx_HAL_Driver/Src/stm32f0xx_hal_rcc_ex.o
 .debug_aranges
                0x00000c30       0xe8 ./Drivers/STM32F0xx_HAL_Driver/Src/stm32f0xx_hal_rtc.o
 .debug_aranges
                0x00000d18      0x1d8 ./Drivers/STM32F0xx_HAL_Driver/Src/stm32f0xx_hal_spi.o
 .debug_aranges
                0x00000ef0      0x3d0 ./Drivers/STM32F0xx_HAL_Driver/Src/stm32f0xx_hal_tim.o
 .debug_aranges
                0x000012c0      0x168 ./Drivers/STM32F0xx_HAL_Driver/Src/stm32f0xx_hal_tim_ex.o

.debug_rnglists
                0x00000000      0xfbd
 .debug_rnglists
                0x00000000       0x85 ./Core/Src/main.o
 .debug_rnglists
                0x00000085       0x4b ./Core/Src/psu.o
 .debug_rnglists
                0x000000d0       0x7f ./Core/Src/stm32f0xx_hal_msp.o
 .debug_rnglists
                0x0000014f       0x49 ./Core/Src/stm32f0xx_it.o
 .debug_rnglists
                0x00000198       0x1a ./Core/Src/system_stm32f0xx.o
 .debug_rnglists
                0x000001b2       0x19 ./Core/Startup/startup_stm32f030cctx.o
 .debug_rnglists
                0x000001cb       0xe8 ./Drivers/ST7735/st7735.o
 .debug_rnglists
                0x000002b3       0x97 ./Drivers/STM32F0xx_HAL_Driver/Src/stm32f0xx_hal.o
 .debug_rnglists
                0x0000034a       0xc6 ./Drivers/STM32F0xx_HAL_Driver/Src/stm32f0xx_hal_adc.o
 .debug_rnglists
                0x00000410       0x14 ./Drivers/STM32F0xx_HAL_Driver/Src/stm32f0xx_hal_adc_ex.o
 .debug_rnglists
                0x00000424       0x8c ./Drivers/STM32F0xx_HAL_Driver/Src/stm32f0xx_hal_cortex.o
 .debug_rnglists
                0x000004b0       0x47 ./Drivers/STM32F0xx_HAL_Driver/Src/stm32f0xx_hal_crc.o
 .debug_rnglists
                0x000004f7       0x6a ./Drivers/STM32F0xx_HAL_Driver/Src/stm32f0xx_hal_dma.o
 .debug_rnglists
                0x00000561       0x65 ./Drivers/STM32F0xx_HAL_Driver/Src/stm32f0xx_hal_flash.o
 .debug_rnglists
                0x000005c6       0x76 ./Drivers/STM32F0xx_HAL_Driver/Src/stm32f0xx_hal_flash_ex.o
 .debug_rnglists
                0x0000063c       0x3f ./Drivers/STM32F0xx_HAL_Driver/Src/stm32f0xx_hal_gpio.o
 .debug_rnglists
                0x0000067b      0x229 ./Drivers/STM32F0xx_HAL_Driver/Src/stm32f0xx_hal_i2c.o
 .debug_rnglists
                0x000008a4       0x27 ./Drivers/STM32F0xx_HAL_Driver/Src/stm32f0xx_hal_i2c_ex.o
 .debug_rnglists
                0x000008cb       0x61 ./Drivers/STM32F0xx_HAL_Driver/Src/stm32f0xx_hal_rcc.o
 .debug_rnglists
                0x0000092c       0x21 ./Drivers/STM32F0xx_HAL_Driver/Src/stm32f0xx_hal_rcc_ex.o
 .debug_rnglists
                0x0000094d       0xb4 ./Drivers/STM32F0xx_HAL_Driver/Src/stm32f0xx_hal_rtc.o
 .debug_rnglists
                0x00000a01      0x17a ./Drivers/STM32F0xx_HAL_Driver/Src/stm32f0xx_hal_spi.o
 .debug_rnglists
                0x00000b7b      0x31c ./Drivers/STM32F0xx_HAL_Driver/Src/stm32f0xx_hal_tim.o
 .debug_rnglists
                0x00000e97      0x126 ./Drivers/STM32F0xx_HAL_Driver/Src/stm32f0xx_hal_tim_ex.o

.debug_macro    0x00000000    0x13a7f
 .debug_macro   0x00000000      0x377 ./Core/Src/main.o
 .debug_macro   0x00000377      0xa8a ./Core/Src/main.o
 .debug_macro   0x00000e01      0x145 ./Core/Src/main.o
 .debug_macro   0x00000f46       0x2e ./Core/Src/main.o
 .debug_macro   0x00000f74       0x22 ./Core/Src/main.o
 .debug_macro   0x00000f96       0x22 ./Core/Src/main.o
 .debug_macro   0x00000fb8       0x8e ./Core/Src/main.o
 .debug_macro   0x00001046       0x51 ./Core/Src/main.o
 .debug_macro   0x00001097      0x103 ./Core/Src/main.o
 .debug_macro   0x0000119a       0x6a ./Core/Src/main.o
 .debug_macro   0x00001204      0x1df ./Core/Src/main.o
 .debug_macro   0x000013e3       0x1c ./Core/Src/main.o
 .debug_macro   0x000013ff       0x22 ./Core/Src/main.o
 .debug_macro   0x00001421       0xaf ./Core/Src/main.o
 .debug_macro   0x000014d0      0x391 ./Core/Src/main.o
 .debug_macro   0x00001861     0x785b ./Core/Src/main.o
 .debug_macro   0x000090bc       0x66 ./Core/Src/main.o
 .debug_macro   0x00009122     0x34da ./Core/Src/main.o
 .debug_macro   0x0000c5fc      0x189 ./Core/Src/main.o
 .debug_macro   0x0000c785       0x55 ./Core/Src/main.o
 .debug_macro   0x0000c7da      0x924 ./Core/Src/main.o
 .debug_macro   0x0000d0fe      0x289 ./Core/Src/main.o
 .debug_macro   0x0000d387      0x1ae ./Core/Src/main.o
 .debug_macro   0x0000d535      0x153 ./Core/Src/main.o
 .debug_macro   0x0000d688      0x1a0 ./Core/Src/main.o
 .debug_macro   0x0000d828      0x1bc ./Core/Src/main.o
 .debug_macro   0x0000d9e4      0x1dd ./Core/Src/main.o
 .debug_macro   0x0000dbc1       0x3c ./Core/Src/main.o
 .debug_macro   0x0000dbfd       0x28 ./Core/Src/main.o
 .debug_macro   0x0000dc25      0x33d ./Core/Src/main.o
 .debug_macro   0x0000df62       0xc2 ./Core/Src/main.o
 .debug_macro   0x0000e024       0x6c ./Core/Src/main.o
 .debug_macro   0x0000e090       0x4c ./Core/Src/main.o
 .debug_macro   0x0000e0dc       0xb0 ./Core/Src/main.o
 .debug_macro   0x0000e18c      0x217 ./Core/Src/main.o
 .debug_macro   0x0000e3a3      0x22c ./Core/Src/main.o
 .debug_macro   0x0000e5cf       0x61 ./Core/Src/main.o
 .debug_macro   0x0000e630       0xa5 ./Core/Src/main.o
 .debug_macro   0x0000e6d5       0x4c ./Core/Src/main.o
 .debug_macro   0x0000e721       0x49 ./Core/Src/main.o
 .debug_macro   0x0000e76a      0x2db ./Core/Src/main.o
 .debug_macro   0x0000ea45      0x399 ./Core/Src/main.o
 .debug_macro   0x0000edde       0xeb ./Core/Src/main.o
 .debug_macro   0x0000eec9      0x2fe ./Core/Src/main.o
 .debug_macro   0x0000f1c7      0x8f4 ./Core/Src/main.o
 .debug_macro   0x0000fabb       0x28 ./Core/Src/main.o
 .debug_macro   0x0000fae3      0x10d ./Core/Src/main.o
 .debug_macro   0x0000fbf0       0x22 ./Core/Src/main.o
 .debug_macro   0x0000fc12       0x61 ./Core/Src/main.o
 .debug_macro   0x0000fc73       0x24 ./Core/Src/main.o
 .debug_macro   0x0000fc97       0x43 ./Core/Src/main.o
 .debug_macro   0x0000fcda       0x34 ./Core/Src/main.o
 .debug_macro   0x0000fd0e       0x16 ./Core/Src/main.o
 .debug_macro   0x0000fd24       0x43 ./Core/Src/main.o
 .debug_macro   0x0000fd67       0x34 ./Core/Src/main.o
 .debug_macro   0x0000fd9b       0x10 ./Core/Src/main.o
 .debug_macro   0x0000fdab       0x58 ./Core/Src/main.o
 .debug_macro   0x0000fe03       0x8e ./Core/Src/main.o
 .debug_macro   0x0000fe91       0x1c ./Core/Src/main.o
 .debug_macro   0x0000fead      0x177 ./Core/Src/main.o
 .debug_macro   0x00010024      0x369 ./Core/Src/main.o
 .debug_macro   0x0001038d       0x10 ./Core/Src/main.o
 .debug_macro   0x0001039d       0x35 ./Core/Src/main.o
 .debug_macro   0x000103d2       0x20 ./Core/Src/main.o
 .debug_macro   0x000103f2      0x18c ./Core/Src/main.o
 .debug_macro   0x0001057e       0x40 ./Core/Src/main.o
 .debug_macro   0x000105be      0x1be ./Core/Src/main.o
 .debug_macro   0x0001077c       0x3a ./Core/Src/main.o
 .debug_macro   0x000107b6      0x32b ./Core/Src/psu.o
 .debug_macro   0x00010ae1       0x3a ./Core/Src/psu.o
 .debug_macro   0x00010b1b      0x2ea ./Core/Src/stm32f0xx_hal_msp.o
 .debug_macro   0x00010e05      0x2f4 ./Core/Src/stm32f0xx_it.o