Archive member included to satisfy reference by file (symbol)

C:/ST/STM32CubeIDE_1.15.1/STM32CubeIDE/plugins/com.st.stm32cube.ide.mcu.externaltools.gnu-tools-for-stm32.12.3.rel1.win32_1.0.100.202403111256/tools/bin/../lib/gcc/arm-none-eabi/12.3.1/../../../../arm-none-eabi/lib/thumb/v6-m/nofp\libc_nano.a(libc_a-exit.o)
                              C:/ST/STM32CubeIDE_1.15.1/STM32CubeIDE/plugins/com.st.stm32cube.ide.mcu.externaltools.gnu-tools-for-stm32.12.3.rel1.win32_1.0.100.202403111256/tools/bin/../lib/gcc/arm-none-eabi/12.3.1/../../../../arm-none-eabi/lib/thumb/v6-m/nofp/crt0.o (exit)
C:/ST/STM32CubeIDE_1.15.1/STM32CubeIDE/plugins/com.st.stm32cube.ide.mcu.externaltools.gnu-tools-for-stm32.12.3.rel1.win32_1.0.100.202403111256/tools/bin/../lib/gcc/arm-none-eabi/12.3.1/../../../../arm-none-eabi/lib/thumb/v6-m/nofp\libc_nano.a(libc_a-findfp.o)
                              C:/ST/STM32CubeIDE_1.15.1/STM32CubeIDE/plugins/com.st.stm32cube.ide.mcu.externaltools.gnu-tools-for-stm32.12.3.rel1.win32_1.0.100.202403111256/tools/bin/../lib/gcc/arm-none-eabi/12.3.1/../../../../arm-none-eabi/lib/thumb/v6-m/nofp\libc_nano.a(libc_a-exit.o) (__stdio_exit_handler)
C:/ST/STM32CubeIDE_1.15.1/STM32CubeIDE/plugins/com.st.stm32cube.ide.mcu.externaltools.gnu-tools-for-stm32.12.3.rel1.win32_1.0.100.202403111256/tools/bin/../lib/gcc/arm-none-eabi/12.3.1/../../../../arm-none-eabi/lib/thumb/v6-m/nofp\libc_nano.a(libc_a-fwalk.o)
                              C:/ST/STM32CubeIDE_1.15.1/STM32CubeIDE/plugins/com.st.stm32cube.ide.mcu.externaltools.gnu-tools-for-stm32.12.3.rel1.win32_1.0.100.202403111256/tools/bin/../lib/gcc/arm-none-eabi/12.3.1/../../../../arm-none-eabi/lib/thumb/v6-m/nofp\libc_nano.a(libc_a-findfp.o) (_fwalk_sglue)
C:/ST/STM32CubeIDE_1.15.1/STM32CubeIDE/plugins/com.st.stm32cube.ide.mcu.externaltools.gnu-tools-for-stm32.12.3.rel1.win32_1.0.100.202403111256/tools/bin/../lib/gcc/arm-none-eabi/12.3.1/../../../../arm-none-eabi/lib/thumb/v6-m/nofp\libc_nano.a(libc_a-stdio.o)
                              C:/ST/STM32CubeIDE_1.15.1/STM32CubeIDE/plugins/com.st.stm32cube.ide.mcu.externaltools.gnu-tools-for-stm32.12.3.rel1.win32_1.0.100.202403111256/tools/bin/../lib/gcc/arm-none-eabi/12.3.1/../../../../arm-none-eabi/lib/thumb/v6-m/nofp\libc_nano.a(libc_a-findfp.o) (__sread)
C:/ST/STM32CubeIDE_1.15.1/STM32CubeIDE/plugins/com.st.stm32cube.ide.mcu.externaltools.gnu-tools-for-stm32.12.3.rel1.win32_1.0.100.202403111256/tools/bin/../lib/gcc/arm-none-eabi/12.3.1/../../../../arm-none-eabi/lib/thumb/v6-m/nofp\libc_nano.a(libc_a-memset.o)
                              C:/ST/STM32CubeIDE_1.15.1/STM32CubeIDE/plugins/com.st.stm32cube.ide.mcu.externaltools.gnu-tools-for-stm32.12.3.rel1.win32_1.0.100.202403111256/tools/bin/../lib/gcc/arm-none-eabi/12.3.1/../../../../arm-none-eabi/lib/thumb/v6-m/nofp/crt0.o (memset)
C:/ST/STM32CubeIDE_1.15.1/STM32CubeIDE/plugins/com.st.stm32cube.ide.mcu.externaltools.gnu-tools-for-stm32.12.3.rel1.win32_1.0.100.202403111256/tools/bin/../lib/gcc/arm-none-eabi/12.3.1/../../../../arm-none-eabi/lib/thumb/v6-m/nofp\libc_nano.a(libc_a-closer.o)
                              C:/ST/STM32CubeIDE_1.15.1/STM32CubeIDE/plugins/com.st.stm32cube.ide.mcu.externaltools.gnu-tools-for-stm32.12.3.rel1.win32_1.0.100.202403111256/tools/bin/../lib/gcc/arm-none-eabi/12.3.1/../../../../arm-none-eabi/lib/thumb/v6-m/nofp\libc_nano.a(libc_a-stdio.o) (_close_r)
C:/ST/STM32CubeIDE_1.15.1/STM32CubeIDE/plugins/com.st.stm32cube.ide.mcu.externaltools.gnu-tools-for-stm32.12.3.rel1.win32_1.0.100.202403111256/tools/bin/../lib/gcc/arm-none-eabi/12.3.1/../../../../arm-none-eabi/lib/thumb/v6-m/nofp\libc_nano.a(libc_a-reent.o)
                              C:/ST/STM32CubeIDE_1.15.1/STM32CubeIDE/plugins/com.st.stm32cube.ide.mcu.externaltools.gnu-tools-for-stm32.12.3.rel1.win32_1.0.100.202403111256/tools/bin/../lib/gcc/arm-none-eabi/12.3.1/../../../../arm-none-eabi/lib/thumb/v6-m/nofp\libc_nano.a(libc_a-closer.o) (errno)
C:/ST/STM32CubeIDE_1.15.1/STM32CubeIDE/plugins/com.st.stm32cube.ide.mcu.externaltools.gnu-tools-for-stm32.12.3.rel1.win32_1.0.100.202403111256/tools/bin/../lib/gcc/arm-none-eabi/12.3.1/../../../../arm-none-eabi/lib/thumb/v6-m/nofp\libc_nano.a(libc_a-impure.o)
                              C:/ST/STM32CubeIDE_1.15.1/STM32CubeIDE/plugins/com.st.stm32cube.ide.mcu.externaltools.gnu-tools-for-stm32.12.3.rel1.win32_1.0.100.202403111256/tools/bin/../lib/gcc/arm-none-eabi/12.3.1/../../../../arm-none-eabi/lib/thumb/v6-m/nofp\libc_nano.a(libc_a-reent.o) (_impure_ptr)
C:/ST/STM32CubeIDE_1.15.1/STM32CubeIDE/plugins/com.st.stm32cube.ide.mcu.externaltools.gnu-tools-for-stm32.12.3.rel1.win32_1.0.100.202403111256/tools/bin/../lib/gcc/arm-none-eabi/12.3.1/../../../../arm-none-eabi/lib/thumb/v6-m/nofp\libc_nano.a(libc_a-lseekr.o)
[...]
Memory Configuration

Name             Origin             Length             Attributes
RAM              0x20000000         0x00008000         xrw
FLASH            0x08000000         0x00040000         xr
*default*        0x00000000         0xffffffff

Linker script and memory map

LOAD C:/ST/STM32CubeIDE_1.15.1/STM32CubeIDE/plugins/com.st.stm32cube.ide.mcu.externaltools.gnu-tools-for-stm32.12.3.rel1.win32_1.0.100.202403111256/tools/bin/../lib/gcc/arm-none-eabi/12.3.1/thumb/v6-m/nofp/crti.o
LOAD C:/ST/STM32CubeIDE_1.15.1/STM32CubeIDE/plugins/com.st.stm32cube.ide.mcu.externaltools.gnu-tools-for-stm32.12.3.rel1.win32_1.0.100.202403111256/tools/bin/../lib/gcc/arm-none-eabi/12.3.1/thumb/v6-m/nofp/crtbegin.o
LOAD C:/ST/STM32CubeIDE_1.15.1/STM32CubeIDE/plugins/com.st.stm32cube.ide.mcu.externaltools.gnu-tools-for-stm32.12.3.rel1.win32_1.0.100.202403111256/tools/bin/../lib/gcc/arm-none-eabi/12.3.1/../../../../arm-none-eabi/lib/thumb/v6-m/nofp/crt0.o
LOAD ./Core/Src/main.o
LOAD ./Core/Src/psu.o
LOAD ./Core/Src/stm32f0xx_hal_msp.o
LOAD ./Core/Src/stm32f0xx_it.o
LOAD ./Core/Src/syscalls.o
LOAD ./Core/Src/sysmem.o
LOAD ./Core/Src/system_stm32f0xx.o
LOAD ./Core/Startup/startup_stm32f030cctx.o
LOAD ./Drivers/ST7735/fonts.o
LOAD ./Drivers/ST7735/st7735.o
LOAD ./Drivers/STM32F0xx_HAL_Driver/Src/stm32f0xx_hal.o
LOAD ./Drivers/STM32F0xx_HAL_Driver/Src/stm32f0xx_hal_adc.o
LOAD ./Drivers/STM32F0xx_HAL_Driver/Src/stm32f0xx_hal_adc_ex.o
LOAD ./Drivers/STM32F0xx_HAL_Driver/Src/stm32f0xx_hal_cortex.o
LOAD ./Drivers/STM32F0xx_HAL_Driver/Src/stm32f0xx_hal_dma.o
LOAD ./Drivers/STM32F0xx_HAL_Driver/Src/stm32f0xx_hal_exti.o
LOAD ./Drivers/STM32F0xx_HAL_Driver/Src/stm32f0xx_hal_flash.o
LOAD ./Drivers/STM32F0xx_HAL_Driver/Src/stm32f0xx_hal_flash_ex.o
LOAD ./Drivers/STM32F0xx_HAL_Driver/Src/stm32f0xx_hal_gpio.o
LOAD ./Drivers/STM32F0xx_HAL_Driver/Src/stm32f0xx_hal_i2c.o
LOAD ./Drivers/STM32F0xx_HAL_Driver/Src/stm32f0xx_hal_i2c_ex.o
LOAD ./Drivers/STM32F0xx_HAL_Driver/Src/stm32f0xx_hal_pwr.o
LOAD ./Drivers/STM32F0xx_HAL_Driver/Src/stm32f0xx_hal_pwr_ex.o
LOAD ./Drivers/STM32F0xx_HAL_Driver/Src/stm32f0xx_hal_rcc.o
LOAD ./Drivers/STM32F0xx_HAL_Driver/Src/stm32f0xx_hal_rcc_ex.o
LOAD ./Drivers/STM32F0xx_HAL_Driver/Src/stm32f0xx_hal_rtc.o
LOAD ./Drivers/STM32F0xx_HAL_Driver/Src/stm32f0xx_hal_rtc_ex.o
LOAD ./Drivers/STM32F0xx_HAL_Driver/Src/stm32f0xx_hal_spi.o
LOAD ./Drivers/STM32F0xx_HAL_Driver/Src/stm32f0xx_hal_spi_ex.o
LOAD ./Drivers/STM32F0xx_HAL_Driver/Src/stm32f0xx_hal_tim.o
LOAD ./Drivers/STM32F0xx_HAL_Driver/Src/stm32f0xx_hal_tim_ex.o
START GROUP
LOAD C:/ST/STM32CubeIDE_1.15.1/STM32CubeIDE/plugins/com.st.stm32cube.ide.mcu.externaltools.gnu-tools-for-stm32.12.3.rel1.win32_1.0.100.202403111256/tools/bin/../lib/gcc/arm-none-eabi/12.3.1/../../../../arm-none-eabi/lib/thumb/v6-m/nofp\libc_nano.a
LOAD C:/ST/STM32CubeIDE_1.15.1/STM32CubeIDE/plugins/com.st.stm32cube.ide.mcu.externaltools.gnu-tools-for-stm32.12.3.rel1.win32_1.0.100.202403111256/tools/bin/../lib/gcc/arm-none-eabi/12.3.1/../../../../arm-none-eabi/lib/thumb/v6-m/nofp\libm.a
END GROUP
START GROUP
LOAD C:/ST/STM32CubeIDE_1.15.1/STM32CubeIDE/plugins/com.st.stm32cube.ide.mcu.externaltools.gnu-tools-for-stm32.12.3.rel1.win32_1.0.100.202403111256/tools/bin/../lib/gcc/arm-none-eabi/12.3.1/thumb/v6-m/nofp\libgcc.a
LOAD C:/ST/STM32CubeIDE_1.15.1/STM32CubeIDE/plugins/com.st.stm32cube.ide.mcu.externaltools.gnu-tools-for-stm32.12.3.rel1.win32_1.0.100.202403111256/tools/bin/../lib/gcc/arm-none-eabi/12.3.1/../../../../arm-none-eabi/lib/thumb/v6-m/nofp\libc_nano.a
END GROUP
START GROUP
LOAD C:/ST/STM32CubeIDE_1.15.1/STM32CubeIDE/plugins/com.st.stm32cube.ide.mcu.externaltools.gnu-tools-for-stm32.12.3.rel1.win32_1.0.100.202403111256/tools/bin/../lib/gcc/arm-none-eabi/12.3.1/thumb/v6-m/nofp\libgcc.a
LOAD C:/ST/STM32CubeIDE_1.15.1/STM32CubeIDE/plugins/com.st.stm32cube.ide.mcu.externaltools.gnu-tools-for-stm32.12.3.rel1.win32_1.0.100.202403111256/tools/bin/../lib/gcc/arm-none-eabi/12.3.1/../../../../arm-none-eabi/lib/thumb/v6-m/nofp\libc_nano.a
LOAD C:/ST/STM32CubeIDE_1.15.1/STM32CubeIDE/plugins/com.st.stm32cube.ide.mcu.externaltools.gnu-tools-for-stm32.12.3.rel1.win32_1.0.100.202403111256/tools/bin/../lib/gcc/arm-none-eabi/12.3.1/../../../../arm-none-eabi/lib/thumb/v6-m/nofp\libnosys.a
END GROUP
START GROUP
LOAD C:/ST/STM32CubeIDE_1.15.1/STM32CubeIDE/plugins/com.st.stm32cube.ide.mcu.externaltools.gnu-tools-for-stm32.12.3.rel1.win32_1.0.100.202403111256/tools/bin/../lib/gcc/arm-none-eabi/12.3.1/thumb/v6-m/nofp\libgcc.a
LOAD C:/ST/STM32CubeIDE_1.15.1/STM32CubeIDE/plugins/com.st.stm32cube.ide.mcu.externaltools.gnu-tools-for-stm32.12.3.rel1.win32_1.0.100.202403111256/tools/bin/../lib/gcc/arm-none-eabi/12.3.1/../../../../arm-none-eabi/lib/thumb/v6-m/nofp\libc_nano.a
LOAD C:/ST/STM32CubeIDE_1.15.1/STM32CubeIDE/plugins/com.st.stm32cube.ide.mcu.externaltools.gnu-tools-for-stm32.12.3.rel1.win32_1.0.100.202403111256/tools/bin/../lib/gcc/arm-none-eabi/12.3.1/../../../../arm-none-eabi/lib/thumb/v6-m/nofp\libnosys.a
END GROUP
LOAD C:/ST/STM32CubeIDE_1.15.1/STM32CubeIDE/plugins/com.st.stm32cube.ide.mcu.externaltools.gnu-tools-for-stm32.12.3.rel1.win32_1.0.100.202403111256/tools/bin/../lib/gcc/arm-none-eabi/12.3.1/thumb/v6-m/nofp/crtend.o
LOAD C:/ST/STM32CubeIDE_1.15.1/STM32CubeIDE/plugins/com.st.stm32cube.ide.mcu.externaltools.gnu-tools-for-stm32.12.3.rel1.win32_1.0.100.202403111256/tools/bin/../lib/gcc/arm-none-eabi/12.3.1/thumb/v6-m/nofp/crtn.o
                0x20008000                        _estack = (ORIGIN (RAM) + LENGTH (RAM))
                0x00000200                        _Min_Heap_Size = 0x200
                0x00000400                        _Min_Stack_Size = 0x400

.isr_vector     0x08000000       0xbc
                0x08000000                        . = ALIGN (0x4)
 *(.isr_vector)
 .isr_vector    0x08000000       0xbc ./Core/Startup/startup_stm32f030cctx.o
                0x08000000                g_pfnVectors
                0x080000bc                        . = ALIGN (0x4)

.text           0x080000bc     0xcdec
                0x080000bc                        . = ALIGN (0x4)
 *(.text)
 .text          0x080000bc       0x48 C:/ST/STM32CubeIDE_1.15.1/STM32CubeIDE/plugins/com.st.stm32cube.ide.mcu.externaltools.gnu-tools-for-stm32.12.3.rel1.win32_1.0.100.202403111256/tools/bin/../lib/gcc/arm-none-eabi/12.3.1/thumb/v6-m/nofp/crtbegin.o
 .text          0x08000104      0x114 C:/ST/STM32CubeIDE_1.15.1/STM32CubeIDE/plugins/com.st.stm32cube.ide.mcu.externaltools.gnu-tools-for-stm32.12.3.rel1.win32_1.0.100.202403111256/tools/bin/../lib/gcc/arm-none-eabi/12.3.1/thumb/v6-m/nofp\libgcc.a(_udivsi3.o)
                0x08000104                __aeabi_uidiv
                0x08000104                __udivsi3
                0x08000210                __aeabi_uidivmod
 .text          0x08000218      0x1d4 C:/ST/STM32CubeIDE_1.15.1/STM32CubeIDE/plugins/com.st.stm32cube.ide.mcu.externaltools.gnu-tools-for-stm32.12.3.rel1.win32_1.0.100.202403111256/tools/bin/../lib/gcc/arm-none-eabi/12.3.1/thumb/v6-m/nofp\libgcc.a(_divsi3.o)
                0x08000218                __divsi3
                0x08000218                __aeabi_idiv
                0x080003e4                __aeabi_idivmod
 .text          0x080003ec        0x4 C:/ST/STM32CubeIDE_1.15.1/STM32CubeIDE/plugins/com.st.stm32cube.ide.mcu.externaltools.gnu-tools-for-stm32.12.3.rel1.win32_1.0.100.202403111256/tools/bin/../lib/gcc/arm-none-eabi/12.3.1/thumb/v6-m/nofp\libgcc.a(_dvmd_tls.o)
                0x080003ec                __aeabi_idiv0
                0x080003ec                __aeabi_ldiv0
 .text          0x080003f0       0x7c C:/ST/STM32CubeIDE_1.15.1/STM32CubeIDE/plugins/com.st.stm32cube.ide.mcu.externaltools.gnu-tools-for-stm32.12.3.rel1.win32_1.0.100.202403111256/tools/bin/../lib/gcc/arm-none-eabi/12.3.1/thumb/v6-m/nofp\libgcc.a(_arm_cmpdf2.o)
                0x080003f0                __aeabi_cdrcmple
                0x08000400                __aeabi_cdcmple
                0x08000400                __aeabi_cdcmpeq
                0x08000410                __aeabi_dcmpeq
                0x0800041c                __aeabi_dcmplt
                0x08000430                __aeabi_dcmple
                0x08000444                __aeabi_dcmpgt
                0x08000458                __aeabi_dcmpge
 .text          0x0800046c       0x74 C:/ST/STM32CubeIDE_1.15.1/STM32CubeIDE/plugins/com.st.stm32cube.ide.mcu.externaltools.gnu-tools-for-stm32.12.3.rel1.win32_1.0.100.202403111256/tools/bin/../lib/gcc/arm-none-eabi/12.3.1/thumb/v6-m/nofp\libgcc.a(_arm_cmpsf2.o)
                0x0800046c                __aeabi_cfrcmple
                0x08000474                __aeabi_cfcmpeq
                0x08000474                __aeabi_cfcmple
                0x08000484                __aeabi_fcmpeq
                0x08000490                __aeabi_fcmplt
                0x080004a4                __aeabi_fcmple
                0x080004b8                __aeabi_fcmpgt
                0x080004cc                __aeabi_fcmpge
 .text          0x080004e0       0x30 C:/ST/STM32CubeIDE_1.15.1/STM32CubeIDE/plugins/com.st.stm32cube.ide.mcu.externaltools.gnu-tools-for-stm32.12.3.rel1.win32_1.0.100.202403111256/tools/bin/../lib/gcc/arm-none-eabi/12.3.1/thumb/v6-m/nofp\libgcc.a(_fixunssfsi.o)
                0x080004e0                __fixunssfsi
                0x080004e0                __aeabi_f2uiz
 .text          0x08000510      0x314 C:/ST/STM32CubeIDE_1.15.1/STM32CubeIDE/plugins/com.st.stm32cube.ide.mcu.externaltools.gnu-tools-for-stm32.12.3.rel1.win32_1.0.100.202403111256/tools/bin/../lib/gcc/arm-none-eabi/12.3.1/thumb/v6-m/nofp\libgcc.a(addsf3.o)
                0x08000510                __aeabi_fadd
 .text          0x08000824      0x240 C:/ST/STM32CubeIDE_1.15.1/STM32CubeIDE/plugins/com.st.stm32cube.ide.mcu.externaltools.gnu-tools-for-stm32.12.3.rel1.win32_1.0.100.202403111256/tools/bin/../lib/gcc/arm-none-eabi/12.3.1/thumb/v6-m/nofp\libgcc.a(divsf3.o)
                0x08000824                __aeabi_fdiv
 .text          0x08000a64       0x50 C:/ST/STM32CubeIDE_1.15.1/STM32CubeIDE/plugins/com.st.stm32cube.ide.mcu.externaltools.gnu-tools-for-stm32.12.3.rel1.win32_1.0.100.202403111256/tools/bin/../lib/gcc/arm-none-eabi/12.3.1/thumb/v6-m/nofp\libgcc.a(eqsf2.o)
                0x08000a64                __eqsf2
                0x08000a64                __nesf2
 .text          0x08000ab4       0xa0 C:/ST/STM32CubeIDE_1.15.1/STM32CubeIDE/plugins/com.st.stm32cube.ide.mcu.externaltools.gnu-tools-for-stm32.12.3.rel1.win32_1.0.100.202403111256/tools/bin/../lib/gcc/arm-none-eabi/12.3.1/thumb/v6-m/nofp\libgcc.a(gesf2.o)
                0x08000ab4                __gesf2
                0x08000ab4                __gtsf2
 .text          0x08000b54       0x9c C:/ST/STM32CubeIDE_1.15.1/STM32CubeIDE/plugins/com.st.stm32cube.ide.mcu.externaltools.gnu-tools-for-stm32.12.3.rel1.win32_1.0.100.202403111256/tools/bin/../lib/gcc/arm-none-eabi/12.3.1/thumb/v6-m/nofp\libgcc.a(lesf2.o)
                0x08000b54                __ltsf2
                0x08000b54                __lesf2
 .text          0x08000bf0      0x27c C:/ST/STM32CubeIDE_1.15.1/STM32CubeIDE/plugins/com.st.stm32cube.ide.mcu.externaltools.gnu-tools-for-stm32.12.3.rel1.win32_1.0.100.202403111256/tools/bin/../lib/gcc/arm-none-eabi/12.3.1/thumb/v6-m/nofp\libgcc.a(mulsf3.o)
                0x08000bf0                __aeabi_fmul
 .text          0x08000e6c      0x348 C:/ST/STM32CubeIDE_1.15.1/STM32CubeIDE/plugins/com.st.stm32cube.ide.mcu.externaltools.gnu-tools-for-stm32.12.3.rel1.win32_1.0.100.202403111256/tools/bin/../lib/gcc/arm-none-eabi/12.3.1/thumb/v6-m/nofp\libgcc.a(subsf3.o)
                0x08000e6c                __aeabi_fsub
 .text          0x080011b4       0x40 C:/ST/STM32CubeIDE_1.15.1/STM32CubeIDE/plugins/com.st.stm32cube.ide.mcu.externaltools.gnu-tools-for-stm32.12.3.rel1.win32_1.0.100.202403111256/tools/bin/../lib/gcc/arm-none-eabi/12.3.1/thumb/v6-m/nofp\libgcc.a(fixsfsi.o)
                0x080011b4                __aeabi_f2iz
 .text          0x080011f4       0x98 C:/ST/STM32CubeIDE_1.15.1/STM32CubeIDE/plugins/com.st.stm32cube.ide.mcu.externaltools.gnu-tools-for-stm32.12.3.rel1.win32_1.0.100.202403111256/tools/bin/../lib/gcc/arm-none-eabi/12.3.1/thumb/v6-m/nofp\libgcc.a(floatsisf.o)
                0x080011f4                __aeabi_i2f
 .text          0x0800128c      0x6c8 C:/ST/STM32CubeIDE_1.15.1/STM32CubeIDE/plugins/com.st.stm32cube.ide.mcu.externaltools.gnu-tools-for-stm32.12.3.rel1.win32_1.0.100.202403111256/tools/bin/../lib/gcc/arm-none-eabi/12.3.1/thumb/v6-m/nofp\libgcc.a(adddf3.o)
                0x0800128c                __aeabi_dadd
 .text          0x08001954      0x634 C:/ST/STM32CubeIDE_1.15.1/STM32CubeIDE/plugins/com.st.stm32cube.ide.mcu.externaltools.gnu-tools-for-stm32.12.3.rel1.win32_1.0.100.202403111256/tools/bin/../lib/gcc/arm-none-eabi/12.3.1/thumb/v6-m/nofp\libgcc.a(divdf3.o)
                0x08001954                __aeabi_ddiv
 .text          0x08001f88       0x88 C:/ST/STM32CubeIDE_1.15.1/STM32CubeIDE/plugins/com.st.stm32cube.ide.mcu.externaltools.gnu-tools-for-stm32.12.3.rel1.win32_1.0.100.202403111256/tools/bin/../lib/gcc/arm-none-eabi/12.3.1/thumb/v6-m/nofp\libgcc.a(eqdf2.o)
                0x08001f88                __nedf2
                0x08001f88                __eqdf2
 .text          0x08002010       0xe8 C:/ST/STM32CubeIDE_1.15.1/STM32CubeIDE/plugins/com.st.stm32cube.ide.mcu.externaltools.gnu-tools-for-stm32.12.3.rel1.win32_1.0.100.202403111256/tools/bin/../lib/gcc/arm-none-eabi/12.3.1/thumb/v6-m/nofp\libgcc.a(gedf2.o)
                0x08002010                __gedf2
                0x08002010                __gtdf2
 .text          0x080020f8       0xe4 C:/ST/STM32CubeIDE_1.15.1/STM32CubeIDE/plugins/com.st.stm32cube.ide.mcu.externaltools.gnu-tools-for-stm32.12.3.rel1.win32_1.0.100.202403111256/tools/bin/../lib/gcc/arm-none-eabi/12.3.1/thumb/v6-m/nofp\libgcc.a(ledf2.o)
                0x080020f8                __ledf2
                0x080020f8                __ltdf2
 .text          0x080021dc      0x590 C:/ST/STM32CubeIDE_1.15.1/STM32CubeIDE/plugins/com.st.stm32cube.ide.mcu.externaltools.gnu-tools-for-stm32.12.3.rel1.win32_1.0.100.202403111256/tools/bin/../lib/gcc/arm-none-eabi/12.3.1/thumb/v6-m/nofp\libgcc.a(muldf3.o)
                0x080021dc                __aeabi_dmul
 .text          0x0800276c      0x738 C:/ST/STM32CubeIDE_1.15.1/STM32CubeIDE/plugins/com.st.stm32cube.ide.mcu.externaltools.gnu-tools-for-stm32.12.3.rel1.win32_1.0.100.202403111256/tools/bin/../lib/gcc/arm-none-eabi/12.3.1/thumb/v6-m/nofp\libgcc.a(subdf3.o)
                0x0800276c                __aeabi_dsub
 .text          0x08002ea4       0x5c C:/ST/STM32CubeIDE_1.15.1/STM32CubeIDE/plugins/com.st.stm32cube.ide.mcu.externaltools.gnu-tools-for-stm32.12.3.rel1.win32_1.0.100.202403111256/tools/bin/../lib/gcc/arm-none-eabi/12.3.1/thumb/v6-m/nofp\libgcc.a(floatsidf.o)
                0x08002ea4                __aeabi_i2d
 .text          0x08002f00       0x90 C:/ST/STM32CubeIDE_1.15.1/STM32CubeIDE/plugins/com.st.stm32cube.ide.mcu.externaltools.gnu-tools-for-stm32.12.3.rel1.win32_1.0.100.202403111256/tools/bin/../lib/gcc/arm-none-eabi/12.3.1/thumb/v6-m/nofp\libgcc.a(extendsfdf2.o)
                0x08002f00                __aeabi_f2d
 .text          0x08002f90      0x108 C:/ST/STM32CubeIDE_1.15.1/STM32CubeIDE/plugins/com.st.stm32cube.ide.mcu.externaltools.gnu-tools-for-stm32.12.3.rel1.win32_1.0.100.202403111256/tools/bin/../lib/gcc/arm-none-eabi/12.3.1/thumb/v6-m/nofp\libgcc.a(truncdfsf2.o)
                0x08002f90                __aeabi_d2f
 .text          0x08003098       0x3c C:/ST/STM32CubeIDE_1.15.1/STM32CubeIDE/plugins/com.st.stm32cube.ide.mcu.externaltools.gnu-tools-for-stm32.12.3.rel1.win32_1.0.100.202403111256/tools/bin/../lib/gcc/arm-none-eabi/12.3.1/thumb/v6-m/nofp\libgcc.a(_clzsi2.o)
                0x08003098                __clzsi2
 *(.text*)
 .text.main     0x080030d4      0x624 ./Core/Src/main.o
                0x080030d4                main
 .text.SystemClock_Config
                0x080036f8       0xd8 ./Core/Src/main.o
                0x080036f8                SystemClock_Config
 .text.MX_ADC_Init
                0x080037d0       0xec ./Core/Src/main.o
 .text.MX_I2C1_Init
                0x080038bc       0x80 ./Core/Src/main.o
 .text.MX_I2C2_Init
                0x0800393c       0x80 ./Core/Src/main.o
 .text.MX_RTC_Init
                0x080039bc       0x4c ./Core/Src/main.o
 .text.MX_SPI1_Init
                0x08003a08       0x7c ./Core/Src/main.o
 .text.MX_TIM1_Init
                0x08003a84      0x128 ./Core/Src/main.o
 .text.MX_TIM3_Init
                0x08003bac       0xc8 ./Core/Src/main.o
 .text.MX_TIM6_Init
                0x08003c74       0x44 ./Core/Src/main.o
 .text.MX_DMA_Init
                0x08003cb8       0x4c ./Core/Src/main.o
 .text.MX_GPIO_Init
                0x08003d04      0x190 ./Core/Src/main.o
 .text.HAL_TIM_PeriodElapsedCallback
                0x08003e94       0xfc ./Core/Src/main.o
                0x08003e94                HAL_TIM_PeriodElapsedCallback
 .text.menu_handler
                0x08003f90      0xb70 ./Core/Src/main.o
                0x08003f90                menu_handler
 .text.device_settings
                0x08004b00      0x964 ./Core/Src/main.o
                0x08004b00                device_settings
 .text.Error_Handler
                0x08005464        0xc ./Core/Src/main.o
                0x08005464                Error_Handler
 .text.i_DAC10_Set
                0x08005470      0x1ac ./Core/Src/psu.o
                0x08005470                i_DAC10_Set
 .text.v_DAC10_Set
                0x0800561c      0x1b4 ./Core/Src/psu.o
                0x0800561c                v_DAC10_Set
 .text.get_adcs
                0x080057d0      0x2bc ./Core/Src/psu.o
                0x080057d0                get_adcs
 .text.float_to_char
                0x08005a8c      0x17c ./Core/Src/psu.o
                0x08005a8c                float_to_char
 .text.draw_main_st
                0x08005c08      0x228 ./Core/Src/psu.o
                0x08005c08                draw_main_st
 .text.get_time
                0x08005e30      0x170 ./Core/Src/psu.o
                0x08005e30                get_time
 .text.draw_main_dy
                0x08005fa0      0x6ac ./Core/Src/psu.o
                0x08005fa0                draw_main_dy
 .text.save_settings
                0x0800664c      0x428 ./Core/Src/psu.o
                0x0800664c                save_settings
 .text.err_flash_writing
                0x08006a74       0x50 ./Core/Src/psu.o
                0x08006a74                err_flash_writing
 .text.HAL_MspInit
                0x08006ac4       0x48 ./Core/Src/stm32f0xx_hal_msp.o
                0x08006ac4                HAL_MspInit
 .text.HAL_ADC_MspInit
                0x08006b0c      0x118 ./Core/Src/stm32f0xx_hal_msp.o
                0x08006b0c                HAL_ADC_MspInit
 .text.HAL_I2C_MspInit
                0x08006c24      0x120 ./Core/Src/stm32f0xx_hal_msp.o
                0x08006c24                HAL_I2C_MspInit
 .text.HAL_RTC_MspInit
                0x08006d44       0x30 ./Core/Src/stm32f0xx_hal_msp.o
                0x08006d44                HAL_RTC_MspInit
 .text.HAL_SPI_MspInit
                0x08006d74      0x118 ./Core/Src/stm32f0xx_hal_msp.o
                0x08006d74                HAL_SPI_MspInit
 .text.HAL_TIM_PWM_MspInit
                0x08006e8c       0x40 ./Core/Src/stm32f0xx_hal_msp.o
                0x08006e8c                HAL_TIM_PWM_MspInit
 .text.HAL_TIM_Encoder_MspInit
                0x08006ecc       0x98 ./Core/Src/stm32f0xx_hal_msp.o
                0x08006ecc                HAL_TIM_Encoder_MspInit
 .text.HAL_TIM_Base_MspInit
                0x08006f64       0x4c ./Core/Src/stm32f0xx_hal_msp.o
                0x08006f64                HAL_TIM_Base_MspInit
 .text.HAL_TIM_MspPostInit
                0x08006fb0       0x80 ./Core/Src/stm32f0xx_hal_msp.o
                0x08006fb0                HAL_TIM_MspPostInit
 .text.NMI_Handler
                0x08007030        0x8 ./Core/Src/stm32f0xx_it.o
                0x08007030                NMI_Handler
 .text.HardFault_Handler
                0x08007038        0x8 ./Core/Src/stm32f0xx_it.o
                0x08007038                HardFault_Handler
 .text.SVC_Handler
                0x08007040        0xa ./Core/Src/stm32f0xx_it.o
                0x08007040                SVC_Handler
 .text.PendSV_Handler
                0x0800704a        0xa ./Core/Src/stm32f0xx_it.o
                0x0800704a                PendSV_Handler
 .text.SysTick_Handler
                0x08007054        0xe ./Core/Src/stm32f0xx_it.o
                0x08007054                SysTick_Handler
 *fill*         0x08007062        0x2 
 .text.DMA1_Channel1_IRQHandler
                0x08007064       0x18 ./Core/Src/stm32f0xx_it.o
                0x08007064                DMA1_Channel1_IRQHandler
 .text.DMA1_Channel2_3_IRQHandler
                0x0800707c       0x18 ./Core/Src/stm32f0xx_it.o
                0x0800707c                DMA1_Channel2_3_IRQHandler
 .text.ADC1_IRQHandler
                0x08007094       0x18 ./Core/Src/stm32f0xx_it.o
                0x08007094                ADC1_IRQHandler
 .text.TIM6_IRQHandler
                0x080070ac       0x18 ./Core/Src/stm32f0xx_it.o
                0x080070ac                TIM6_IRQHandler
 .text.I2C2_IRQHandler
                0x080070c4       0x30 ./Core/Src/stm32f0xx_it.o
                0x080070c4                I2C2_IRQHandler
 .text.SystemInit
                0x080070f4        0xa ./Core/Src/system_stm32f0xx.o
                0x080070f4                SystemInit
 *fill*         0x080070fe        0x2 
 .text.Reset_Handler
                0x08007100       0x50 ./Core/Startup/startup_stm32f030cctx.o
                0x08007100                Reset_Handler
 .text.Default_Handler
                0x08007150        0x2 ./Core/Startup/startup_stm32f030cctx.o
                0x08007150                TIM1_CC_IRQHandler
                0x08007150                I2C1_IRQHandler
                0x08007150                SPI1_IRQHandler
                0x08007150                EXTI2_3_IRQHandler
                0x08007150                USART3_6_IRQHandler
                0x08007150                TIM17_IRQHandler
                0x08007150                RTC_IRQHandler
                0x08007150                TIM16_IRQHandler
                0x08007150                TIM3_IRQHandler
                0x08007150                EXTI4_15_IRQHandler
                0x08007150                RCC_IRQHandler
                0x08007150                Default_Handler
                0x08007150                TIM14_IRQHandler
                0x08007150                DMA1_Channel4_5_IRQHandler
                0x08007150                TIM7_IRQHandler
                0x08007150                TIM15_IRQHandler
                0x08007150                EXTI0_1_IRQHandler
                0x08007150                SPI2_IRQHandler
                0x08007150                WWDG_IRQHandler
                0x08007150                USART2_IRQHandler
                0x08007150                FLASH_IRQHandler
                0x08007150                USART1_IRQHandler
                0x08007150                TIM1_BRK_UP_TRG_COM_IRQHandler
 .text.ST7735_GPIO_Init
                0x08007152        0xa ./Drivers/ST7735/st7735.o
 .text.ST7735_Reset
                0x0800715c       0x20 ./Drivers/ST7735/st7735.o
 .text.ST7735_WriteCommand
                0x0800717c       0x30 ./Drivers/ST7735/st7735.o
 .text.ST7735_WriteData
                0x080071ac       0x3c ./Drivers/ST7735/st7735.o
 .text.ST7735_ExecuteCommandList
                0x080071e8       0xc8 ./Drivers/ST7735/st7735.o
 .text.ST7735_SetAddressWindow
                0x080072b0       0xb0 ./Drivers/ST7735/st7735.o
 .text.ST7735_WriteChar
                0x08007360      0x138 ./Drivers/ST7735/st7735.o
 .text.ST7735_Init
                0x08007498       0x48 ./Drivers/ST7735/st7735.o
                0x08007498                ST7735_Init
 .text.ST7735_DrawString
                0x080074e0      0x12c ./Drivers/ST7735/st7735.o
                0x080074e0                ST7735_DrawString
 .text.ST7735_DrawChar
                0x0800760c       0x7a ./Drivers/ST7735/st7735.o
                0x0800760c                ST7735_DrawChar
 *fill*         0x08007686        0x2 
 .text.ST7735_FillRectangle
                0x08007688      0x21c ./Drivers/ST7735/st7735.o
                0x08007688                ST7735_FillRectangle
 .text.ST7735_FillScreen
                0x080078a4       0x3c ./Drivers/ST7735/st7735.o
                0x080078a4                ST7735_FillScreen
 .text.ST7735_DrawImage
                0x080078e0       0xe4 ./Drivers/ST7735/st7735.o
                0x080078e0                ST7735_DrawImage
 .text.ST7735_DrawRect
                0x080079c4       0xb8 ./Drivers/ST7735/st7735.o
                0x080079c4                ST7735_DrawRect
 .text.ST7735_DrawFastVLine
                0x08007a7c       0xa0 ./Drivers/ST7735/st7735.o
                0x08007a7c                ST7735_DrawFastVLine
 .text.ST7735_DrawFastHLine
                0x08007b1c       0x9c ./Drivers/ST7735/st7735.o
                0x08007b1c                ST7735_DrawFastHLine
 .text.ST7735_SetRotation
                0x08007bb8      0x158 ./Drivers/ST7735/st7735.o
                0x08007bb8                ST7735_SetRotation
 .text.HAL_Init
                0x08007d10       0x28 ./Drivers/STM32F0xx_HAL_Driver/Src/stm32f0xx_hal.o
                0x08007d10                HAL_Init
 .text.HAL_InitTick
                0x08007d38       0x68 ./Drivers/STM32F0xx_HAL_Driver/Src/stm32f0xx_hal.o
                0x08007d38                HAL_InitTick
 .text.HAL_IncTick
                0x08007da0       0x24 ./Drivers/STM32F0xx_HAL_Driver/Src/stm32f0xx_hal.o
                0x08007da0                HAL_IncTick
 .text.HAL_GetTick
                0x08007dc4       0x14 ./Drivers/STM32F0xx_HAL_Driver/Src/stm32f0xx_hal.o
                0x08007dc4                HAL_GetTick
 .text.HAL_Delay
                0x08007dd8       0x48 ./Drivers/STM32F0xx_HAL_Driver/Src/stm32f0xx_hal.o
                0x08007dd8                HAL_Delay
 .text.HAL_ADC_Init
                0x08007e20      0x280 ./Drivers/STM32F0xx_HAL_Driver/Src/stm32f0xx_hal_adc.o
                0x08007e20                HAL_ADC_Init
 .text.HAL_ADC_Start_DMA
                0x080080a0      0x104 ./Drivers/STM32F0xx_HAL_Driver/Src/stm32f0xx_hal_adc.o
                0x080080a0                HAL_ADC_Start_DMA
 .text.HAL_ADC_IRQHandler
                0x080081a4      0x148 ./Drivers/STM32F0xx_HAL_Driver/Src/stm32f0xx_hal_adc.o
                0x080081a4                HAL_ADC_IRQHandler
 .text.HAL_ADC_ConvCpltCallback
                0x080082ec       0x10 ./Drivers/STM32F0xx_HAL_Driver/Src/stm32f0xx_hal_adc.o
                0x080082ec                HAL_ADC_ConvCpltCallback
 .text.HAL_ADC_ConvHalfCpltCallback
                0x080082fc       0x10 ./Drivers/STM32F0xx_HAL_Driver/Src/stm32f0xx_hal_adc.o
                0x080082fc                HAL_ADC_ConvHalfCpltCallback
 .text.HAL_ADC_LevelOutOfWindowCallback
                0x0800830c       0x10 ./Drivers/STM32F0xx_HAL_Driver/Src/stm32f0xx_hal_adc.o
                0x0800830c                HAL_ADC_LevelOutOfWindowCallback
 .text.HAL_ADC_ErrorCallback
                0x0800831c       0x10 ./Drivers/STM32F0xx_HAL_Driver/Src/stm32f0xx_hal_adc.o
                0x0800831c                HAL_ADC_ErrorCallback
 .text.HAL_ADC_ConfigChannel
                0x0800832c      0x1ec ./Drivers/STM32F0xx_HAL_Driver/Src/stm32f0xx_hal_adc.o
                0x0800832c                HAL_ADC_ConfigChannel
 .text.ADC_Enable
                0x08008518      0x108 ./Drivers/STM32F0xx_HAL_Driver/Src/stm32f0xx_hal_adc.o
 .text.ADC_DMAConvCplt
                0x08008620       0xb4 ./Drivers/STM32F0xx_HAL_Driver/Src/stm32f0xx_hal_adc.o
 .text.ADC_DMAHalfConvCplt
                0x080086d4       0x1e ./Drivers/STM32F0xx_HAL_Driver/Src/stm32f0xx_hal_adc.o
 .text.ADC_DMAError
                0x080086f2       0x36 ./Drivers/STM32F0xx_HAL_Driver/Src/stm32f0xx_hal_adc.o
 .text.HAL_ADCEx_Calibration_Start
                0x08008728      0x150 ./Drivers/STM32F0xx_HAL_Driver/Src/stm32f0xx_hal_adc_ex.o
                0x08008728                HAL_ADCEx_Calibration_Start
 .text.__NVIC_EnableIRQ
                0x08008878       0x34 ./Drivers/STM32F0xx_HAL_Driver/Src/stm32f0xx_hal_cortex.o
 .text.__NVIC_SetPriority
                0x080088ac       0xdc ./Drivers/STM32F0xx_HAL_Driver/Src/stm32f0xx_hal_cortex.o
 .text.SysTick_Config
                0x08008988       0x48 ./Drivers/STM32F0xx_HAL_Driver/Src/stm32f0xx_hal_cortex.o
 .text.HAL_NVIC_SetPriority
                0x080089d0       0x2a ./Drivers/STM32F0xx_HAL_Driver/Src/stm32f0xx_hal_cortex.o
                0x080089d0                HAL_NVIC_SetPriority
 .text.HAL_NVIC_EnableIRQ
                0x080089fa       0x20 ./Drivers/STM32F0xx_HAL_Driver/Src/stm32f0xx_hal_cortex.o
                0x080089fa                HAL_NVIC_EnableIRQ
 .text.HAL_SYSTICK_Config
                0x08008a1a       0x1a ./Drivers/STM32F0xx_HAL_Driver/Src/stm32f0xx_hal_cortex.o
                0x08008a1a                HAL_SYSTICK_Config
 .text.HAL_DMA_Init
                0x08008a34       0x90 ./Drivers/STM32F0xx_HAL_Driver/Src/stm32f0xx_hal_dma.o
                0x08008a34                HAL_DMA_Init
 .text.HAL_DMA_Start_IT
                0x08008ac4       0xcc ./Drivers/STM32F0xx_HAL_Driver/Src/stm32f0xx_hal_dma.o
                0x08008ac4                HAL_DMA_Start_IT
 .text.HAL_DMA_Abort_IT
                0x08008b90       0x8a ./Drivers/STM32F0xx_HAL_Driver/Src/stm32f0xx_hal_dma.o
                0x08008b90                HAL_DMA_Abort_IT
 .text.HAL_DMA_IRQHandler
                0x08008c1a      0x144 ./Drivers/STM32F0xx_HAL_Driver/Src/stm32f0xx_hal_dma.o
                0x08008c1a                HAL_DMA_IRQHandler
 .text.HAL_DMA_GetState
                0x08008d5e       0x18 ./Drivers/STM32F0xx_HAL_Driver/Src/stm32f0xx_hal_dma.o
                0x08008d5e                HAL_DMA_GetState
 .text.DMA_SetConfig
                0x08008d76       0x58 ./Drivers/STM32F0xx_HAL_Driver/Src/stm32f0xx_hal_dma.o
 *fill*         0x08008dce        0x2 
 .text.DMA_CalcBaseAndBitshift
                0x08008dd0       0x38 ./Drivers/STM32F0xx_HAL_Driver/Src/stm32f0xx_hal_dma.o
 .text.HAL_FLASH_Program
                0x08008e08      0x12c ./Drivers/STM32F0xx_HAL_Driver/Src/stm32f0xx_hal_flash.o
                0x08008e08                HAL_FLASH_Program
 .text.HAL_FLASH_Unlock
                0x08008f34       0x4c ./Drivers/STM32F0xx_HAL_Driver/Src/stm32f0xx_hal_flash.o
                0x08008f34                HAL_FLASH_Unlock
 .text.HAL_FLASH_Lock
                0x08008f80       0x1c ./Drivers/STM32F0xx_HAL_Driver/Src/stm32f0xx_hal_flash.o
                0x08008f80                HAL_FLASH_Lock
 .text.FLASH_Program_HalfWord
                0x08008f9c       0x38 ./Drivers/STM32F0xx_HAL_Driver/Src/stm32f0xx_hal_flash.o
 .text.FLASH_WaitForLastOperation
                0x08008fd4       0x80 ./Drivers/STM32F0xx_HAL_Driver/Src/stm32f0xx_hal_flash.o
                0x08008fd4                FLASH_WaitForLastOperation
 .text.FLASH_SetErrorCode
                0x08009054       0x60 ./Drivers/STM32F0xx_HAL_Driver/Src/stm32f0xx_hal_flash.o
 .text.HAL_FLASHEx_Erase
                0x080090b4       0xec ./Drivers/STM32F0xx_HAL_Driver/Src/stm32f0xx_hal_flash_ex.o
                0x080090b4                HAL_FLASHEx_Erase
 .text.FLASH_MassErase
                0x080091a0       0x30 ./Drivers/STM32F0xx_HAL_Driver/Src/stm32f0xx_hal_flash_ex.o
 .text.FLASH_PageErase
                0x080091d0       0x3c ./Drivers/STM32F0xx_HAL_Driver/Src/stm32f0xx_hal_flash_ex.o
                0x080091d0                FLASH_PageErase
 .text.HAL_GPIO_Init
                0x0800920c      0x2e0 ./Drivers/STM32F0xx_HAL_Driver/Src/stm32f0xx_hal_gpio.o
                0x0800920c                HAL_GPIO_Init
 .text.HAL_GPIO_ReadPin
                0x080094ec       0x3a ./Drivers/STM32F0xx_HAL_Driver/Src/stm32f0xx_hal_gpio.o
                0x080094ec                HAL_GPIO_ReadPin
 .text.HAL_GPIO_WritePin
                0x08009526       0x3a ./Drivers/STM32F0xx_HAL_Driver/Src/stm32f0xx_hal_gpio.o
                0x08009526                HAL_GPIO_WritePin
 .text.HAL_I2C_Init
                0x08009560      0x12c ./Drivers/STM32F0xx_HAL_Driver/Src/stm32f0xx_hal_i2c.o
                0x08009560                HAL_I2C_Init
 .text.HAL_I2C_EV_IRQHandler
                0x0800968c       0x34 ./Drivers/STM32F0xx_HAL_Driver/Src/stm32f0xx_hal_i2c.o
                0x0800968c                HAL_I2C_EV_IRQHandler
 .text.HAL_I2C_ER_IRQHandler
                0x080096c0       0xb2 ./Drivers/STM32F0xx_HAL_Driver/Src/stm32f0xx_hal_i2c.o
                0x080096c0                HAL_I2C_ER_IRQHandler
 .text.HAL_I2C_SlaveTxCpltCallback
                0x08009772       0x10 ./Drivers/STM32F0xx_HAL_Driver/Src/stm32f0xx_hal_i2c.o
                0x08009772                HAL_I2C_SlaveTxCpltCallback
 .text.HAL_I2C_SlaveRxCpltCallback
                0x08009782       0x10 ./Drivers/STM32F0xx_HAL_Driver/Src/stm32f0xx_hal_i2c.o
                0x08009782                HAL_I2C_SlaveRxCpltCallback
 .text.HAL_I2C_AddrCallback
                0x08009792       0x20 ./Drivers/STM32F0xx_HAL_Driver/Src/stm32f0xx_hal_i2c.o
                0x08009792                HAL_I2C_AddrCallback
 .text.HAL_I2C_ListenCpltCallback
                0x080097b2       0x10 ./Drivers/STM32F0xx_HAL_Driver/Src/stm32f0xx_hal_i2c.o
                0x080097b2                HAL_I2C_ListenCpltCallback
 .text.HAL_I2C_ErrorCallback
                0x080097c2       0x10 ./Drivers/STM32F0xx_HAL_Driver/Src/stm32f0xx_hal_i2c.o
                0x080097c2                HAL_I2C_ErrorCallback
 .text.HAL_I2C_AbortCpltCallback
                0x080097d2       0x10 ./Drivers/STM32F0xx_HAL_Driver/Src/stm32f0xx_hal_i2c.o
                0x080097d2                HAL_I2C_AbortCpltCallback
 *fill*         0x080097e2        0x2 
 .text.I2C_Slave_ISR_IT
                0x080097e4      0x200 ./Drivers/STM32F0xx_HAL_Driver/Src/stm32f0xx_hal_i2c.o
 .text.I2C_ITAddrCplt
                0x080099e4      0x148 ./Drivers/STM32F0xx_HAL_Driver/Src/stm32f0xx_hal_i2c.o
 .text.I2C_ITSlaveSeqCplt
                0x08009b2c       0xc8 ./Drivers/STM32F0xx_HAL_Driver/Src/stm32f0xx_hal_i2c.o
 .text.I2C_ITSlaveCplt
                0x08009bf4      0x240 ./Drivers/STM32F0xx_HAL_Driver/Src/stm32f0xx_hal_i2c.o
 .text.I2C_ITListenCplt
                0x08009e34       0xb0 ./Drivers/STM32F0xx_HAL_Driver/Src/stm32f0xx_hal_i2c.o
 .text.I2C_ITError
                0x08009ee4      0x204 ./Drivers/STM32F0xx_HAL_Driver/Src/stm32f0xx_hal_i2c.o
 .text.I2C_TreatErrorCallback
                0x0800a0e8       0x52 ./Drivers/STM32F0xx_HAL_Driver/Src/stm32f0xx_hal_i2c.o
 .text.I2C_Flush_TXDR
                0x0800a13a       0x44 ./Drivers/STM32F0xx_HAL_Driver/Src/stm32f0xx_hal_i2c.o
 .text.I2C_DMAAbort
                0x0800a17e       0x3e ./Drivers/STM32F0xx_HAL_Driver/Src/stm32f0xx_hal_i2c.o
 .text.I2C_Disable_IRQ
                0x0800a1bc       0xc6 ./Drivers/STM32F0xx_HAL_Driver/Src/stm32f0xx_hal_i2c.o
 *fill*         0x0800a282        0x2 
 .text.HAL_I2CEx_ConfigAnalogFilter
                0x0800a284       0x98 ./Drivers/STM32F0xx_HAL_Driver/Src/stm32f0xx_hal_i2c_ex.o
                0x0800a284                HAL_I2CEx_ConfigAnalogFilter
 .text.HAL_I2CEx_ConfigDigitalFilter
                0x0800a31c       0x98 ./Drivers/STM32F0xx_HAL_Driver/Src/stm32f0xx_hal_i2c_ex.o
                0x0800a31c                HAL_I2CEx_ConfigDigitalFilter
 .text.HAL_RCC_OscConfig
                0x0800a3b4      0x63c ./Drivers/STM32F0xx_HAL_Driver/Src/stm32f0xx_hal_rcc.o
                0x0800a3b4                HAL_RCC_OscConfig
 .text.HAL_RCC_ClockConfig
                0x0800a9f0      0x19c ./Drivers/STM32F0xx_HAL_Driver/Src/stm32f0xx_hal_rcc.o
                0x0800a9f0                HAL_RCC_ClockConfig
 .text.HAL_RCC_GetSysClockFreq
                0x0800ab8c       0xb0 ./Drivers/STM32F0xx_HAL_Driver/Src/stm32f0xx_hal_rcc.o
                0x0800ab8c                HAL_RCC_GetSysClockFreq
 .text.HAL_RCCEx_PeriphCLKConfig
                0x0800ac3c      0x19c ./Drivers/STM32F0xx_HAL_Driver/Src/stm32f0xx_hal_rcc_ex.o
                0x0800ac3c                HAL_RCCEx_PeriphCLKConfig
 .text.HAL_RTC_Init
                0x0800add8      0x130 ./Drivers/STM32F0xx_HAL_Driver/Src/stm32f0xx_hal_rtc.o
                0x0800add8                HAL_RTC_Init
 .text.HAL_RTC_SetTime
                0x0800af08      0x14c ./Drivers/STM32F0xx_HAL_Driver/Src/stm32f0xx_hal_rtc.o
                0x0800af08                HAL_RTC_SetTime
 .text.HAL_RTC_GetTime
                0x0800b054       0xbc ./Drivers/STM32F0xx_HAL_Driver/Src/stm32f0xx_hal_rtc.o
                0x0800b054                HAL_RTC_GetTime
 .text.HAL_RTC_GetDate
                0x0800b110       0xa0 ./Drivers/STM32F0xx_HAL_Driver/Src/stm32f0xx_hal_rtc.o
                0x0800b110                HAL_RTC_GetDate
 .text.HAL_RTC_WaitForSynchro
                0x0800b1b0       0x50 ./Drivers/STM32F0xx_HAL_Driver/Src/stm32f0xx_hal_rtc.o
                0x0800b1b0                HAL_RTC_WaitForSynchro
 .text.RTC_EnterInitMode
                0x0800b200       0x86 ./Drivers/STM32F0xx_HAL_Driver/Src/stm32f0xx_hal_rtc.o
                0x0800b200                RTC_EnterInitMode
 .text.RTC_ExitInitMode
                0x0800b286       0x52 ./Drivers/STM32F0xx_HAL_Driver/Src/stm32f0xx_hal_rtc.o
                0x0800b286                RTC_ExitInitMode
 .text.RTC_ByteToBcd2
                0x0800b2d8       0x42 ./Drivers/STM32F0xx_HAL_Driver/Src/stm32f0xx_hal_rtc.o
                0x0800b2d8                RTC_ByteToBcd2
 .text.RTC_Bcd2ToByte
                0x0800b31a       0x3e ./Drivers/STM32F0xx_HAL_Driver/Src/stm32f0xx_hal_rtc.o
                0x0800b31a                RTC_Bcd2ToByte
 .text.HAL_SPI_Init
                0x0800b358      0x170 ./Drivers/STM32F0xx_HAL_Driver/Src/stm32f0xx_hal_spi.o
                0x0800b358                HAL_SPI_Init
 .text.HAL_SPI_Transmit
                0x0800b4c8      0x2be ./Drivers/STM32F0xx_HAL_Driver/Src/stm32f0xx_hal_spi.o
                0x0800b4c8                HAL_SPI_Transmit
 *fill*         0x0800b786        0x2 
 .text.HAL_SPI_Transmit_DMA
                0x0800b788      0x204 ./Drivers/STM32F0xx_HAL_Driver/Src/stm32f0xx_hal_spi.o
                0x0800b788                HAL_SPI_Transmit_DMA
 .text.HAL_SPI_TxCpltCallback
                0x0800b98c       0x10 ./Drivers/STM32F0xx_HAL_Driver/Src/stm32f0xx_hal_spi.o
                0x0800b98c                HAL_SPI_TxCpltCallback
 .text.HAL_SPI_TxHalfCpltCallback
                0x0800b99c       0x10 ./Drivers/STM32F0xx_HAL_Driver/Src/stm32f0xx_hal_spi.o
                0x0800b99c                HAL_SPI_TxHalfCpltCallback
 .text.HAL_SPI_ErrorCallback
                0x0800b9ac       0x10 ./Drivers/STM32F0xx_HAL_Driver/Src/stm32f0xx_hal_spi.o
                0x0800b9ac                HAL_SPI_ErrorCallback
 .text.SPI_DMATransmitCplt
                0x0800b9bc       0xac ./Drivers/STM32F0xx_HAL_Driver/Src/stm32f0xx_hal_spi.o
 .text.SPI_DMAHalfTransmitCplt
                0x0800ba68       0x1e ./Drivers/STM32F0xx_HAL_Driver/Src/stm32f0xx_hal_spi.o
 .text.SPI_DMAError
                0x0800ba86       0x42 ./Drivers/STM32F0xx_HAL_Driver/Src/stm32f0xx_hal_spi.o
 .text.SPI_WaitFlagStateUntilTimeout
                0x0800bac8      0x11c ./Drivers/STM32F0xx_HAL_Driver/Src/stm32f0xx_hal_spi.o
 .text.SPI_WaitFifoStateUntilTimeout
                0x0800bbe4      0x144 ./Drivers/STM32F0xx_HAL_Driver/Src/stm32f0xx_hal_spi.o
 .text.SPI_EndRxTxTransaction
                0x0800bd28       0x8c ./Drivers/STM32F0xx_HAL_Driver/Src/stm32f0xx_hal_spi.o
 .text.HAL_TIM_Base_Init
                0x0800bdb4       0xa0 ./Drivers/STM32F0xx_HAL_Driver/Src/stm32f0xx_hal_tim.o
                0x0800bdb4                HAL_TIM_Base_Init
 .text.HAL_TIM_Base_Start_IT
                0x0800be54       0x98 ./Drivers/STM32F0xx_HAL_Driver/Src/stm32f0xx_hal_tim.o
                0x0800be54                HAL_TIM_Base_Start_IT
 .text.HAL_TIM_PWM_Init
                0x0800beec       0xa0 ./Drivers/STM32F0xx_HAL_Driver/Src/stm32f0xx_hal_tim.o
                0x0800beec                HAL_TIM_PWM_Init
 .text.HAL_TIM_PWM_Start
                0x0800bf8c      0x164 ./Drivers/STM32F0xx_HAL_Driver/Src/stm32f0xx_hal_tim.o
                0x0800bf8c                HAL_TIM_PWM_Start
 .text.HAL_TIM_Encoder_Init
                0x0800c0f0      0x150 ./Drivers/STM32F0xx_HAL_Driver/Src/stm32f0xx_hal_tim.o
                0x0800c0f0                HAL_TIM_Encoder_Init
 .text.HAL_TIM_Encoder_Start
                0x0800c240      0x148 ./Drivers/STM32F0xx_HAL_Driver/Src/stm32f0xx_hal_tim.o
                0x0800c240                HAL_TIM_Encoder_Start
 .text.HAL_TIM_IRQHandler
                0x0800c388      0x22c ./Drivers/STM32F0xx_HAL_Driver/Src/stm32f0xx_hal_tim.o
                0x0800c388                HAL_TIM_IRQHandler
 .text.HAL_TIM_PWM_ConfigChannel
                0x0800c5b4      0x18c ./Drivers/STM32F0xx_HAL_Driver/Src/stm32f0xx_hal_tim.o
                0x0800c5b4                HAL_TIM_PWM_ConfigChannel
 .text.HAL_TIM_OC_DelayElapsedCallback
                0x0800c740       0x10 ./Drivers/STM32F0xx_HAL_Driver/Src/stm32f0xx_hal_tim.o
                0x0800c740                HAL_TIM_OC_DelayElapsedCallback
 .text.HAL_TIM_IC_CaptureCallback
                0x0800c750       0x10 ./Drivers/STM32F0xx_HAL_Driver/Src/stm32f0xx_hal_tim.o
                0x0800c750                HAL_TIM_IC_CaptureCallback
 .text.HAL_TIM_PWM_PulseFinishedCallback
                0x0800c760       0x10 ./Drivers/STM32F0xx_HAL_Driver/Src/stm32f0xx_hal_tim.o
                0x0800c760                HAL_TIM_PWM_PulseFinishedCallback
 .text.HAL_TIM_TriggerCallback
                0x0800c770       0x10 ./Drivers/STM32F0xx_HAL_Driver/Src/stm32f0xx_hal_tim.o
                0x0800c770                HAL_TIM_TriggerCallback
 .text.TIM_Base_SetConfig
                0x0800c780       0xec ./Drivers/STM32F0xx_HAL_Driver/Src/stm32f0xx_hal_tim.o
                0x0800c780                TIM_Base_SetConfig
 .text.TIM_OC1_SetConfig
                0x0800c86c      0x110 ./Drivers/STM32F0xx_HAL_Driver/Src/stm32f0xx_hal_tim.o
 .text.TIM_OC2_SetConfig
                0x0800c97c      0x108 ./Drivers/STM32F0xx_HAL_Driver/Src/stm32f0xx_hal_tim.o
                0x0800c97c                TIM_OC2_SetConfig
 .text.TIM_OC3_SetConfig
                0x0800ca84      0x10c ./Drivers/STM32F0xx_HAL_Driver/Src/stm32f0xx_hal_tim.o
 .text.TIM_OC4_SetConfig
                0x0800cb90       0xd4 ./Drivers/STM32F0xx_HAL_Driver/Src/stm32f0xx_hal_tim.o
 .text.TIM_CCxChannelCmd
                0x0800cc64       0x46 ./Drivers/STM32F0xx_HAL_Driver/Src/stm32f0xx_hal_tim.o
                0x0800cc64                TIM_CCxChannelCmd
 *fill*         0x0800ccaa        0x2 
 .text.HAL_TIMEx_MasterConfigSynchronization
                0x0800ccac       0xb0 ./Drivers/STM32F0xx_HAL_Driver/Src/stm32f0xx_hal_tim_ex.o
                0x0800ccac                HAL_TIMEx_MasterConfigSynchronization
 .text.HAL_TIMEx_ConfigBreakDeadTime
                0x0800cd5c       0xbc ./Drivers/STM32F0xx_HAL_Driver/Src/stm32f0xx_hal_tim_ex.o
                0x0800cd5c                HAL_TIMEx_ConfigBreakDeadTime
 .text.HAL_TIMEx_CommutCallback
                0x0800ce18       0x10 ./Drivers/STM32F0xx_HAL_Driver/Src/stm32f0xx_hal_tim_ex.o
                0x0800ce18                HAL_TIMEx_CommutCallback
 .text.HAL_TIMEx_BreakCallback
                0x0800ce28       0x10 ./Drivers/STM32F0xx_HAL_Driver/Src/stm32f0xx_hal_tim_ex.o
                0x0800ce28                HAL_TIMEx_BreakCallback
 .text.memset   0x0800ce38       0x10 C:/ST/STM32CubeIDE_1.15.1/STM32CubeIDE/plugins/com.st.stm32cube.ide.mcu.externaltools.gnu-tools-for-stm32.12.3.rel1.win32_1.0.100.202403111256/tools/bin/../lib/gcc/arm-none-eabi/12.3.1/../../../../arm-none-eabi/lib/thumb/v6-m/nofp\libc_nano.a(libc_a-memset.o)
                0x0800ce38                memset
 .text.__libc_init_array
                0x0800ce48       0x48 C:/ST/STM32CubeIDE_1.15.1/STM32CubeIDE/plugins/com.st.stm32cube.ide.mcu.externaltools.gnu-tools-for-stm32.12.3.rel1.win32_1.0.100.202403111256/tools/bin/../lib/gcc/arm-none-eabi/12.3.1/../../../../arm-none-eabi/lib/thumb/v6-m/nofp\libc_nano.a(libc_a-init.o)
                0x0800ce48                __libc_init_array
 *(.glue_7)
 .glue_7        0x0800ce90        0x0 linker stubs
 *(.glue_7t)
 .glue_7t       0x0800ce90        0x0 linker stubs
 *(.eh_frame)
 .eh_frame      0x0800ce90        0x0 C:/ST/STM32CubeIDE_1.15.1/STM32CubeIDE/plugins/com.st.stm32cube.ide.mcu.externaltools.gnu-tools-for-stm32.12.3.rel1.win32_1.0.100.202403111256/tools/bin/../lib/gcc/arm-none-eabi/12.3.1/thumb/v6-m/nofp/crtbegin.o
 *(.init)
 .init          0x0800ce90        0x4 C:/ST/STM32CubeIDE_1.15.1/STM32CubeIDE/plugins/com.st.stm32cube.ide.mcu.externaltools.gnu-tools-for-stm32.12.3.rel1.win32_1.0.100.202403111256/tools/bin/../lib/gcc/arm-none-eabi/12.3.1/thumb/v6-m/nofp/crti.o
                0x0800ce90                _init
 .init          0x0800ce94        0x8 C:/ST/STM32CubeIDE_1.15.1/STM32CubeIDE/plugins/com.st.stm32cube.ide.mcu.externaltools.gnu-tools-for-stm32.12.3.rel1.win32_1.0.100.202403111256/tools/bin/../lib/gcc/arm-none-eabi/12.3.1/thumb/v6-m/nofp/crtn.o
 *(.fini)
 .fini          0x0800ce9c        0x4 C:/ST/STM32CubeIDE_1.15.1/STM32CubeIDE/plugins/com.st.stm32cube.ide.mcu.externaltools.gnu-tools-for-stm32.12.3.rel1.win32_1.0.100.202403111256/tools/bin/../lib/gcc/arm-none-eabi/12.3.1/thumb/v6-m/nofp/crti.o
                0x0800ce9c                _fini
 .fini          0x0800cea0        0x8 C:/ST/STM32CubeIDE_1.15.1/STM32CubeIDE/plugins/com.st.stm32cube.ide.mcu.externaltools.gnu-tools-for-stm32.12.3.rel1.win32_1.0.100.202403111256/tools/bin/../lib/gcc/arm-none-eabi/12.3.1/thumb/v6-m/nofp/crtn.o
                0x0800cea8                        . = ALIGN (0x4)
                0x0800cea8                        _etext = .

.vfp11_veneer   0x0800cea8        0x0
 .vfp11_veneer  0x0800cea8        0x0 linker stubs

.v4_bx          0x0800cea8        0x0
 .v4_bx         0x0800cea8        0x0 linker stubs

.iplt           0x0800cea8        0x0
 .iplt          0x0800cea8        0x0 C:/ST/STM32CubeIDE_1.15.1/STM32CubeIDE/plugins/com.st.stm32cube.ide.mcu.externaltools.gnu-tools-for-stm32.12.3.rel1.win32_1.0.100.202403111256/tools/bin/../lib/gcc/arm-none-eabi/12.3.1/thumb/v6-m/nofp/crtbegin.o

.rodata         0x0800cea8     0xcb14
                0x0800cea8                        . = ALIGN (0x4)
 *(.rodata)
 .rodata        0x0800cea8       0x8b ./Core/Src/main.o
 *fill*         0x0800cf33        0x1 
 .rodata        0x0800cf34       0xc8 ./Core/Src/psu.o
 .rodata        0x0800cffc       0x7c C:/ST/STM32CubeIDE_1.15.1/STM32CubeIDE/plugins/com.st.stm32cube.ide.mcu.externaltools.gnu-tools-for-stm32.12.3.rel1.win32_1.0.100.202403111256/tools/bin/../lib/gcc/arm-none-eabi/12.3.1/thumb/v6-m/nofp\libgcc.a(divsf3.o)
 .rodata        0x0800d078       0x40 C:/ST/STM32CubeIDE_1.15.1/STM32CubeIDE/plugins/com.st.stm32cube.ide.mcu.externaltools.gnu-tools-for-stm32.12.3.rel1.win32_1.0.100.202403111256/tools/bin/../lib/gcc/arm-none-eabi/12.3.1/thumb/v6-m/nofp\libgcc.a(divdf3.o)
 *(.rodata*)
 .rodata.logo_160x128
                0x0800d0b8     0xa000 ./Core/Src/main.o
                0x0800d0b8                logo_160x128
 .rodata.menu_handler
                0x080170b8       0x30 ./Core/Src/main.o
 .rodata.device_settings
                0x080170e8       0x18 ./Core/Src/main.o
 .rodata.AHBPrescTable
                0x08017100       0x10 ./Core/Src/system_stm32f0xx.o
                0x08017100                AHBPrescTable
 .rodata.Font7x10
                0x08017110      0x76c ./Drivers/ST7735/fonts.o
 .rodata.Font11x18
                0x0801787c      0xd5c ./Drivers/ST7735/fonts.o
 .rodata.Font16x26
                0x080185d8     0x134c ./Drivers/ST7735/fonts.o
 .rodata.init_cmds1
                0x08019924       0x3b ./Drivers/ST7735/st7735.o
 *fill*         0x0801995f        0x1 
 .rodata.init_cmds2
                0x08019960        0xd ./Drivers/ST7735/st7735.o
 *fill*         0x0801996d        0x3 
 .rodata.init_cmds3
                0x08019970       0x2b ./Drivers/ST7735/st7735.o
 *fill*         0x0801999b        0x1 
 .rodata.aPLLMULFactorTable.1
                0x0801999c       0x10 ./Drivers/STM32F0xx_HAL_Driver/Src/stm32f0xx_hal_rcc.o
 .rodata.aPredivFactorTable.0
                0x080199ac       0x10 ./Drivers/STM32F0xx_HAL_Driver/Src/stm32f0xx_hal_rcc.o
                0x080199bc                        . = ALIGN (0x4)

.ARM.extab      0x080199bc        0x0
                0x080199bc                        . = ALIGN (0x4)
 *(.ARM.extab* .gnu.linkonce.armextab.*)
                0x080199bc                        . = ALIGN (0x4)

.ARM            0x080199bc        0x0
                0x080199bc                        . = ALIGN (0x4)
                0x080199bc                        __exidx_start = .
 *(.ARM.exidx*)
                0x080199bc                        __exidx_end = .
                0x080199bc                        . = ALIGN (0x4)

.preinit_array  0x080199bc        0x0
                0x080199bc                        . = ALIGN (0x4)
                0x080199bc                        PROVIDE (__preinit_array_start = .)
 *(.preinit_array*)
                0x080199bc                        PROVIDE (__preinit_array_end = .)
                0x080199bc                        . = ALIGN (0x4)

.init_array     0x080199bc        0x4
                0x080199bc                        . = ALIGN (0x4)
                0x080199bc                        PROVIDE (__init_array_start = .)
 *(SORT_BY_NAME(.init_array.*))
 *(.init_array*)
 .init_array    0x080199bc        0x4 C:/ST/STM32CubeIDE_1.15.1/STM32CubeIDE/plugins/com.st.stm32cube.ide.mcu.externaltools.gnu-tools-for-stm32.12.3.rel1.win32_1.0.100.202403111256/tools/bin/../lib/gcc/arm-none-eabi/12.3.1/thumb/v6-m/nofp/crtbegin.o
                0x080199c0                        PROVIDE (__init_array_end = .)
                0x080199c0                        . = ALIGN (0x4)

.fini_array     0x080199c0        0x4
                0x080199c0                        . = ALIGN (0x4)
                [!provide]                        PROVIDE (__fini_array_start = .)
 *(SORT_BY_NAME(.fini_array.*))
 *(.fini_array*)
 .fini_array    0x080199c0        0x4 C:/ST/STM32CubeIDE_1.15.1/STM32CubeIDE/plugins/com.st.stm32cube.ide.mcu.externaltools.gnu-tools-for-stm32.12.3.rel1.win32_1.0.100.202403111256/tools/bin/../lib/gcc/arm-none-eabi/12.3.1/thumb/v6-m/nofp/crtbegin.o
                [!provide]                        PROVIDE (__fini_array_end = .)
                0x080199c4                        . = ALIGN (0x4)
                0x080199c4                        _sidata = LOADADDR (.data)

.rel.dyn        0x080199c4        0x0
 .rel.iplt      0x080199c4        0x0 C:/ST/STM32CubeIDE_1.15.1/STM32CubeIDE/plugins/com.st.stm32cube.ide.mcu.externaltools.gnu-tools-for-stm32.12.3.rel1.win32_1.0.100.202403111256/tools/bin/../lib/gcc/arm-none-eabi/12.3.1/thumb/v6-m/nofp/crtbegin.o

.data           0x20000000       0x58 load address 0x080199c4
                0x20000000                        . = ALIGN (0x4)
                0x20000000                        _sdata = .
 *(.data)
 *(.data*)
 .data.vdd      0x20000000        0x4 ./Core/Src/main.o
                0x20000000                vdd
 .data.scaleU   0x20000004        0x4 ./Core/Src/main.o
                0x20000004                scaleU
 .data.scaleI   0x20000008        0x4 ./Core/Src/main.o
                0x20000008                scaleI
 .data.scaleUsp
                0x2000000c        0x4 ./Core/Src/main.o
                0x2000000c                scaleUsp
 .data.scaleIsp
                0x20000010        0x4 ./Core/Src/main.o
                0x20000010                scaleIsp
 .data.mnu_sel  0x20000014        0x1 ./Core/Src/main.o
                0x20000014                mnu_sel
 *fill*         0x20000015        0x1 
 .data.lcd_pwm_bl
                0x20000016        0x2 ./Core/Src/main.o
                0x20000016                lcd_pwm_bl
 .data.uSP      0x20000018        0x4 ./Core/Src/main.o
                0x20000018                uSP
 .data.iSP      0x2000001c        0x4 ./Core/Src/main.o
                0x2000001c                iSP
 .data.onTd100  0x20000020        0x1 ./Core/Src/main.o
                0x20000020                onTd100
 .data.onTd10   0x20000021        0x1 ./Core/Src/main.o
                0x20000021                onTd10
 .data.onTd1    0x20000022        0x1 ./Core/Src/main.o
                0x20000022                onTd1
 .data.onTh10   0x20000023        0x1 ./Core/Src/main.o
                0x20000023                onTh10
 .data.onTh1    0x20000024        0x1 ./Core/Src/main.o
                0x20000024                onTh1
 .data.onTm10   0x20000025        0x1 ./Core/Src/main.o
                0x20000025                onTm10
 .data.onTm1    0x20000026        0x1 ./Core/Src/main.o
                0x20000026                onTm1
 .data.onTs10   0x20000027        0x1 ./Core/Src/main.o
                0x20000027                onTs10
 .data.onTs1    0x20000028        0x1 ./Core/Src/main.o
                0x20000028                onTs1
 *fill*         0x20000029        0x3 
 .data.SystemCoreClock
                0x2000002c        0x4 ./Core/Src/system_stm32f0xx.o
                0x2000002c                SystemCoreClock
 .data.Font_7x10
                0x20000030        0x8 ./Drivers/ST7735/fonts.o
                0x20000030                Font_7x10
 .data.Font_11x18
                0x20000038        0x8 ./Drivers/ST7735/fonts.o
                0x20000038                Font_11x18
 .data.Font_16x26
                0x20000040        0x8 ./Drivers/ST7735/fonts.o
                0x20000040                Font_16x26
 .data._data_rotation
                0x20000048        0x4 ./Drivers/ST7735/st7735.o
 .data._height  0x2000004c        0x2 ./Drivers/ST7735/st7735.o
 .data._width   0x2000004e        0x2 ./Drivers/ST7735/st7735.o
 .data.uwTickPrio
                0x20000050        0x4 ./Drivers/STM32F0xx_HAL_Driver/Src/stm32f0xx_hal.o
                0x20000050                uwTickPrio
 .data.uwTickFreq
                0x20000054        0x1 ./Drivers/STM32F0xx_HAL_Driver/Src/stm32f0xx_hal.o
                0x20000054                uwTickFreq
 *(.RamFunc)
 *(.RamFunc*)
                0x20000058                        . = ALIGN (0x4)
 *fill*         0x20000055        0x3 
                0x20000058                        _edata = .

.igot.plt       0x20000058        0x0 load address 0x08019a1c
 .igot.plt      0x20000058        0x0 C:/ST/STM32CubeIDE_1.15.1/STM32CubeIDE/plugins/com.st.stm32cube.ide.mcu.externaltools.gnu-tools-for-stm32.12.3.rel1.win32_1.0.100.202403111256/tools/bin/../lib/gcc/arm-none-eabi/12.3.1/thumb/v6-m/nofp/crtbegin.o
                0x20000058                        . = ALIGN (0x4)

.bss            0x20000058      0x430 load address 0x08019a1c
                0x20000058                        _sbss = .
                0x20000058                        __bss_start__ = _sbss
 *(.bss)
 .bss           0x20000058       0x1c C:/ST/STM32CubeIDE_1.15.1/STM32CubeIDE/plugins/com.st.stm32cube.ide.mcu.externaltools.gnu-tools-for-stm32.12.3.rel1.win32_1.0.100.202403111256/tools/bin/../lib/gcc/arm-none-eabi/12.3.1/thumb/v6-m/nofp/crtbegin.o
 *(.bss*)
 .bss.hadc      0x20000074       0x40 ./Core/Src/main.o
                0x20000074                hadc
 .bss.hdma_adc  0x200000b4       0x44 ./Core/Src/main.o
                0x200000b4                hdma_adc
 .bss.hi2c1     0x200000f8       0x54 ./Core/Src/main.o
                0x200000f8                hi2c1
 .bss.hi2c2     0x2000014c       0x54 ./Core/Src/main.o
                0x2000014c                hi2c2
 .bss.hrtc      0x200001a0       0x20 ./Core/Src/main.o
                0x200001a0                hrtc
 .bss.hspi1     0x200001c0       0x64 ./Core/Src/main.o
                0x200001c0                hspi1
 .bss.hdma_spi1_tx
                0x20000224       0x44 ./Core/Src/main.o
                0x20000224                hdma_spi1_tx
 .bss.htim1     0x20000268       0x48 ./Core/Src/main.o
                0x20000268                htim1
 .bss.htim3     0x200002b0       0x48 ./Core/Src/main.o
                0x200002b0                htim3
 .bss.htim6     0x200002f8       0x48 ./Core/Src/main.o
                0x200002f8                htim6
 .bss.adc_RAW   0x20000340        0x6 ./Core/Src/main.o
                0x20000340                adc_RAW
 *fill*         0x20000346        0x2 
 .bss.constU    0x20000348        0x4 ./Core/Src/main.o
                0x20000348                constU
 .bss.constI    0x2000034c        0x4 ./Core/Src/main.o
                0x2000034c                constI
 .bss.outU      0x20000350        0x4 ./Core/Src/main.o
                0x20000350                outU
 .bss.outI      0x20000354        0x4 ./Core/Src/main.o
                0x20000354                outI
 .bss.temp_MCU  0x20000358        0x4 ./Core/Src/main.o
                0x20000358                temp_MCU
 .bss.float_for_LCD
                0x2000035c        0xb ./Core/Src/main.o
                0x2000035c                float_for_LCD
 .bss.enc       0x20000367        0x1 ./Core/Src/main.o
                0x20000367                enc
 .bss.btn       0x20000368        0x1 ./Core/Src/main.o
                0x20000368                btn
 .bss.ds_mnu_sel
                0x20000369        0x1 ./Core/Src/main.o
                0x20000369                ds_mnu_sel
 .bss.enc_cnt   0x2000036a        0x2 ./Core/Src/main.o
                0x2000036a                enc_cnt
 .bss.btn_cnt   0x2000036c        0x1 ./Core/Src/main.o
                0x2000036c                btn_cnt
 *fill*         0x2000036d        0x3 
 .bss.ptr       0x20000370        0x4 ./Core/Src/main.o
                0x20000370                ptr
 .bss.on_off    0x20000374        0x1 ./Core/Src/main.o
                0x20000374                on_off
 .bss.mod_sel_MS
                0x20000375        0x1 ./Core/Src/main.o
                0x20000375                mod_sel_MS
 .bss.mem_sel   0x20000376        0x1 ./Core/Src/main.o
                0x20000376                mem_sel
 *fill*         0x20000377        0x1 
 .bss.uint_spU  0x20000378        0x2 ./Core/Src/main.o
                0x20000378                uint_spU
 .bss.uint_spI  0x2000037a        0x2 ./Core/Src/main.o
                0x2000037a                uint_spI
 .bss.filt_cnt.19
                0x2000037c        0x1 ./Core/Src/psu.o
 *fill*         0x2000037d        0x3 
 .bss.adc_RAW_U.18
                0x20000380       0x5a ./Core/Src/psu.o
 *fill*         0x200003da        0x2 
 .bss.adc_RAW_I.17
                0x200003dc       0x5a ./Core/Src/psu.o
 .bss.oldHours.16
                0x20000436        0x1 ./Core/Src/psu.o
 *fill*         0x20000437        0x1 
 .bss.daysON.15
                0x20000438        0x2 ./Core/Src/psu.o
 *fill*         0x2000043a        0x2 
 .bss.old_outU.14
                0x2000043c        0x4 ./Core/Src/psu.o
 .bss.old_outI.13
                0x20000440        0x4 ./Core/Src/psu.o
 .bss.old_outP.12
                0x20000444        0x4 ./Core/Src/psu.o
 .bss.old_on_off.11
                0x20000448        0x1 ./Core/Src/psu.o
 .bss.old_onTd100.10
                0x20000449        0x1 ./Core/Src/psu.o
 .bss.old_onTd10.9
                0x2000044a        0x1 ./Core/Src/psu.o
 .bss.old_onTd1.8
                0x2000044b        0x1 ./Core/Src/psu.o
 .bss.old_onTh10.7
                0x2000044c        0x1 ./Core/Src/psu.o
 .bss.old_onTh1.6
                0x2000044d        0x1 ./Core/Src/psu.o
 .bss.old_onTm10.5
                0x2000044e        0x1 ./Core/Src/psu.o
 .bss.old_onTm1.4
                0x2000044f        0x1 ./Core/Src/psu.o
 .bss.old_onTs10.3
                0x20000450        0x1 ./Core/Src/psu.o
 .bss.old_ptr_0.2
                0x20000451        0x1 ./Core/Src/psu.o
 .bss.old_ptr_1.1
                0x20000452        0x1 ./Core/Src/psu.o
 *fill*         0x20000453        0x1 
 .bss.EraseInitStruct.0
                0x20000454        0xc ./Core/Src/psu.o
 .bss._value_rotation
                0x20000460        0x1 ./Drivers/ST7735/st7735.o
 .bss._xstart   0x20000461        0x1 ./Drivers/ST7735/st7735.o
 .bss._ystart   0x20000462        0x1 ./Drivers/ST7735/st7735.o
 *fill*         0x20000463        0x1 
 .bss.uwTick    0x20000464        0x4 ./Drivers/STM32F0xx_HAL_Driver/Src/stm32f0xx_hal.o
                0x20000464                uwTick
 .bss.pFlash    0x20000468       0x20 ./Drivers/STM32F0xx_HAL_Driver/Src/stm32f0xx_hal_flash.o
                0x20000468                pFlash
 *(COMMON)
                0x20000488                        . = ALIGN (0x4)
                0x20000488                        _ebss = .
                0x20000488                        __bss_end__ = _ebss

._user_heap_stack
                0x20000488      0x600 load address 0x08019a1c
                0x20000488                        . = ALIGN (0x8)
                [!provide]                        PROVIDE (end = .)
                0x20000488                        PROVIDE (_end = .)
                0x20000688                        . = (. + _Min_Heap_Size)
 *fill*         0x20000488      0x200 
                0x20000a88                        . = (. + _Min_Stack_Size)
 *fill*         0x20000688      0x400 
                0x20000a88                        . = ALIGN (0x8)

/DISCARD/
 libc.a(*)
 libm.a(*)
 libgcc.a(*)

.ARM.attributes
                0x00000000       0x28
 *(.ARM.attributes)
 .ARM.attributes
                0x00000000       0x1e C:/ST/STM32CubeIDE_1.15.1/STM32CubeIDE/plugins/com.st.stm32cube.ide.mcu.externaltools.gnu-tools-for-stm32.12.3.rel1.win32_1.0.100.202403111256/tools/bin/../lib/gcc/arm-none-eabi/12.3.1/thumb/v6-m/nofp/crti.o
 .ARM.attributes
                0x0000001e       0x2c C:/ST/STM32CubeIDE_1.15.1/STM32CubeIDE/plugins/com.st.stm32cube.ide.mcu.externaltools.gnu-tools-for-stm32.12.3.rel1.win32_1.0.100.202403111256/tools/bin/../lib/gcc/arm-none-eabi/12.3.1/thumb/v6-m/nofp/crtbegin.o
 .ARM.attributes
                0x0000004a       0x2c ./Core/Src/main.o
 .ARM.attributes
                0x00000076       0x2c ./Core/Src/psu.o
 .ARM.attributes
                0x000000a2       0x2c ./Core/Src/stm32f0xx_hal_msp.o
 .ARM.attributes
                0x000000ce       0x2c ./Core/Src/stm32f0xx_it.o
 .ARM.attributes
                0x000000fa       0x2c ./Core/Src/system_stm32f0xx.o
 .ARM.attributes
                0x00000126       0x21 ./Core/Startup/startup_stm32f030cctx.o
 .ARM.attributes
                0x00000147       0x2c ./Drivers/ST7735/fonts.o
 .ARM.attributes
                0x00000173       0x2c ./Drivers/ST7735/st7735.o
 .ARM.attributes
                0x0000019f       0x2c ./Drivers/STM32F0xx_HAL_Driver/Src/stm32f0xx_hal.o
 .ARM.attributes
                0x000001cb       0x2c ./Drivers/STM32F0xx_HAL_Driver/Src/stm32f0xx_hal_adc.o
 .ARM.attributes
                0x000001f7       0x2c ./Drivers/STM32F0xx_HAL_Driver/Src/stm32f0xx_hal_adc_ex.o
 .ARM.attributes
                0x00000223       0x2c ./Drivers/STM32F0xx_HAL_Driver/Src/stm32f0xx_hal_cortex.o
 .ARM.attributes
                0x0000024f       0x2c ./Drivers/STM32F0xx_HAL_Driver/Src/stm32f0xx_hal_dma.o
 .ARM.attributes
                0x0000027b       0x2c ./Drivers/STM32F0xx_HAL_Driver/Src/stm32f0xx_hal_flash.o
 .ARM.attributes
                0x000002a7       0x2c ./Drivers/STM32F0xx_HAL_Driver/Src/stm32f0xx_hal_flash_ex.o
 .ARM.attributes
                0x000002d3       0x2c ./Drivers/STM32F0xx_HAL_Driver/Src/stm32f0xx_hal_gpio.o
 .ARM.attributes
                0x000002ff       0x2c ./Drivers/STM32F0xx_HAL_Driver/Src/stm32f0xx_hal_i2c.o
 .ARM.attributes
                0x0000032b       0x2c ./Drivers/STM32F0xx_HAL_Driver/Src/stm32f0xx_hal_i2c_ex.o
 .ARM.attributes
                0x00000357       0x2c ./Drivers/STM32F0xx_HAL_Driver/Src/stm32f0xx_hal_rcc.o
 .ARM.attributes
                0x00000383       0x2c ./Drivers/STM32F0xx_HAL_Driver/Src/stm32f0xx_hal_rcc_ex.o
 .ARM.attributes
                0x000003af       0x2c ./Drivers/STM32F0xx_HAL_Driver/Src/stm32f0xx_hal_rtc.o
 .ARM.attributes
                0x000003db       0x2c ./Drivers/STM32F0xx_HAL_Driver/Src/stm32f0xx_hal_spi.o
 .ARM.attributes
                0x00000407       0x2c ./Drivers/STM32F0xx_HAL_Driver/Src/stm32f0xx_hal_tim.o
 .ARM.attributes
                0x00000433       0x2c ./Drivers/STM32F0xx_HAL_Driver/Src/stm32f0xx_hal_tim_ex.o
 .ARM.attributes
                0x0000045f       0x2c C:/ST/STM32CubeIDE_1.15.1/STM32CubeIDE/plugins/com.st.stm32cube.ide.mcu.externaltools.gnu-tools-for-stm32.12.3.rel1.win32_1.0.100.202403111256/tools/bin/../lib/gcc/arm-none-eabi/12.3.1/../../../../arm-none-eabi/lib/thumb/v6-m/nofp\libc_nano.a(libc_a-memset.o)
 .ARM.attributes
                0x0000048b       0x2c C:/ST/STM32CubeIDE_1.15.1/STM32CubeIDE/plugins/com.st.stm32cube.ide.mcu.externaltools.gnu-tools-for-stm32.12.3.rel1.win32_1.0.100.202403111256/tools/bin/../lib/gcc/arm-none-eabi/12.3.1/../../../../arm-none-eabi/lib/thumb/v6-m/nofp\libc_nano.a(libc_a-init.o)
 .ARM.attributes
                0x000004b7       0x1e C:/ST/STM32CubeIDE_1.15.1/STM32CubeIDE/plugins/com.st.stm32cube.ide.mcu.externaltools.gnu-tools-for-stm32.12.3.rel1.win32_1.0.100.202403111256/tools/bin/../lib/gcc/arm-none-eabi/12.3.1/thumb/v6-m/nofp\libgcc.a(_udivsi3.o)
 .ARM.attributes
                0x000004d5       0x1e C:/ST/STM32CubeIDE_1.15.1/STM32CubeIDE/plugins/com.st.stm32cube.ide.mcu.externaltools.gnu-tools-for-stm32.12.3.rel1.win32_1.0.100.202403111256/tools/bin/../lib/gcc/arm-none-eabi/12.3.1/thumb/v6-m/nofp\libgcc.a(_divsi3.o)
 .ARM.attributes
                0x000004f3       0x1e C:/ST/STM32CubeIDE_1.15.1/STM32CubeIDE/plugins/com.st.stm32cube.ide.mcu.externaltools.gnu-tools-for-stm32.12.3.rel1.win32_1.0.100.202403111256/tools/bin/../lib/gcc/arm-none-eabi/12.3.1/thumb/v6-m/nofp\libgcc.a(_dvmd_tls.o)
 .ARM.attributes
                0x00000511       0x1e C:/ST/STM32CubeIDE_1.15.1/STM32CubeIDE/plugins/com.st.stm32cube.ide.mcu.externaltools.gnu-tools-for-stm32.12.3.rel1.win32_1.0.100.202403111256/tools/bin/../lib/gcc/arm-none-eabi/12.3.1/thumb/v6-m/nofp\libgcc.a(_arm_cmpdf2.o)
 .ARM.attributes
                0x0000052f       0x1e C:/ST/STM32CubeIDE_1.15.1/STM32CubeIDE/plugins/com.st.stm32cube.ide.mcu.externaltools.gnu-tools-for-stm32.12.3.rel1.win32_1.0.100.202403111256/tools/bin/../lib/gcc/arm-none-eabi/12.3.1/thumb/v6-m/nofp\libgcc.a(_arm_cmpsf2.o)
 .ARM.attributes
                0x0000054d       0x2c C:/ST/STM32CubeIDE_1.15.1/STM32CubeIDE/plugins/com.st.stm32cube.ide.mcu.externaltools.gnu-tools-for-stm32.12.3.rel1.win32_1.0.100.202403111256/tools/bin/../lib/gcc/arm-none-eabi/12.3.1/thumb/v6-m/nofp\libgcc.a(_fixunssfsi.o)
 .ARM.attributes
                0x00000579       0x2c C:/ST/STM32CubeIDE_1.15.1/STM32CubeIDE/plugins/com.st.stm32cube.ide.mcu.externaltools.gnu-tools-for-stm32.12.3.rel1.win32_1.0.100.202403111256/tools/bin/../lib/gcc/arm-none-eabi/12.3.1/thumb/v6-m/nofp\libgcc.a(addsf3.o)
 .ARM.attributes
                0x000005a5       0x2c C:/ST/STM32CubeIDE_1.15.1/STM32CubeIDE/plugins/com.st.stm32cube.ide.mcu.externaltools.gnu-tools-for-stm32.12.3.rel1.win32_1.0.100.202403111256/tools/bin/../lib/gcc/arm-none-eabi/12.3.1/thumb/v6-m/nofp\libgcc.a(divsf3.o)
 .ARM.attributes
                0x000005d1       0x2c C:/ST/STM32CubeIDE_1.15.1/STM32CubeIDE/plugins/com.st.stm32cube.ide.mcu.externaltools.gnu-tools-for-stm32.12.3.rel1.win32_1.0.100.202403111256/tools/bin/../lib/gcc/arm-none-eabi/12.3.1/thumb/v6-m/nofp\libgcc.a(eqsf2.o)
 .ARM.attributes
                0x000005fd       0x2c C:/ST/STM32CubeIDE_1.15.1/STM32CubeIDE/plugins/com.st.stm32cube.ide.mcu.externaltools.gnu-tools-for-stm32.12.3.rel1.win32_1.0.100.202403111256/tools/bin/../lib/gcc/arm-none-eabi/12.3.1/thumb/v6-m/nofp\libgcc.a(gesf2.o)
 .ARM.attributes
                0x00000629       0x2c C:/ST/STM32CubeIDE_1.15.1/STM32CubeIDE/plugins/com.st.stm32cube.ide.mcu.externaltools.gnu-tools-for-stm32.12.3.rel1.win32_1.0.100.202403111256/tools/bin/../lib/gcc/arm-none-eabi/12.3.1/thumb/v6-m/nofp\libgcc.a(lesf2.o)
 .ARM.attributes
                0x00000655       0x2c C:/ST/STM32CubeIDE_1.15.1/STM32CubeIDE/plugins/com.st.stm32cube.ide.mcu.externaltools.gnu-tools-for-stm32.12.3.rel1.win32_1.0.100.202403111256/tools/bin/../lib/gcc/arm-none-eabi/12.3.1/thumb/v6-m/nofp\libgcc.a(mulsf3.o)
 .ARM.attributes
                0x00000681       0x2c C:/ST/STM32CubeIDE_1.15.1/STM32CubeIDE/plugins/com.st.stm32cube.ide.mcu.externaltools.gnu-tools-for-stm32.12.3.rel1.win32_1.0.100.202403111256/tools/bin/../lib/gcc/arm-none-eabi/12.3.1/thumb/v6-m/nofp\libgcc.a(subsf3.o)
 .ARM.attributes
                0x000006ad       0x2c C:/ST/STM32CubeIDE_1.15.1/STM32CubeIDE/plugins/com.st.stm32cube.ide.mcu.externaltools.gnu-tools-for-stm32.12.3.rel1.win32_1.0.100.202403111256/tools/bin/../lib/gcc/arm-none-eabi/12.3.1/thumb/v6-m/nofp\libgcc.a(fixsfsi.o)
 .ARM.attributes
                0x000006d9       0x2c C:/ST/STM32CubeIDE_1.15.1/STM32CubeIDE/plugins/com.st.stm32cube.ide.mcu.externaltools.gnu-tools-for-stm32.12.3.rel1.win32_1.0.100.202403111256/tools/bin/../lib/gcc/arm-none-eabi/12.3.1/thumb/v6-m/nofp\libgcc.a(floatsisf.o)
 .ARM.attributes
                0x00000705       0x2c C:/ST/STM32CubeIDE_1.15.1/STM32CubeIDE/plugins/com.st.stm32cube.ide.mcu.externaltools.gnu-tools-for-stm32.12.3.rel1.win32_1.0.100.202403111256/tools/bin/../lib/gcc/arm-none-eabi/12.3.1/thumb/v6-m/nofp\libgcc.a(adddf3.o)
 .ARM.attributes
                0x00000731       0x2c C:/ST/STM32CubeIDE_1.15.1/STM32CubeIDE/plugins/com.st.stm32cube.ide.mcu.externaltools.gnu-tools-for-stm32.12.3.rel1.win32_1.0.100.202403111256/tools/bin/../lib/gcc/arm-none-eabi/12.3.1/thumb/v6-m/nofp\libgcc.a(divdf3.o)
 .ARM.attributes
                0x0000075d       0x2c C:/ST/STM32CubeIDE_1.15.1/STM32CubeIDE/plugins/com.st.stm32cube.ide.mcu.externaltools.gnu-tools-for-stm32.12.3.rel1.win32_1.0.100.202403111256/tools/bin/../lib/gcc/arm-none-eabi/12.3.1/thumb/v6-m/nofp\libgcc.a(eqdf2.o)
 .ARM.attributes
                0x00000789       0x2c C:/ST/STM32CubeIDE_1.15.1/STM32CubeIDE/plugins/com.st.stm32cube.ide.mcu.externaltools.gnu-tools-for-stm32.12.3.rel1.win32_1.0.100.202403111256/tools/bin/../lib/gcc/arm-none-eabi/12.3.1/thumb/v6-m/nofp\libgcc.a(gedf2.o)
 .ARM.attributes
                0x000007b5       0x2c C:/ST/STM32CubeIDE_1.15.1/STM32CubeIDE/plugins/com.st.stm32cube.ide.mcu.externaltools.gnu-tools-for-stm32.12.3.rel1.win32_1.0.100.202403111256/tools/bin/../lib/gcc/arm-none-eabi/12.3.1/thumb/v6-m/nofp\libgcc.a(ledf2.o)
 .ARM.attributes
                0x000007e1       0x2c C:/ST/STM32CubeIDE_1.15.1/STM32CubeIDE/plugins/com.st.stm32cube.ide.mcu.externaltools.gnu-tools-for-stm32.12.3.rel1.win32_1.0.100.202403111256/tools/bin/../lib/gcc/arm-none-eabi/12.3.1/thumb/v6-m/nofp\libgcc.a(muldf3.o)
 .ARM.attributes
                0x0000080d       0x2c C:/ST/STM32CubeIDE_1.15.1/STM32CubeIDE/plugins/com.st.stm32cube.ide.mcu.externaltools.gnu-tools-for-stm32.12.3.rel1.win32_1.0.100.202403111256/tools/bin/../lib/gcc/arm-none-eabi/12.3.1/thumb/v6-m/nofp\libgcc.a(subdf3.o)
 .ARM.attributes
                0x00000839       0x2c C:/ST/STM32CubeIDE_1.15.1/STM32CubeIDE/plugins/com.st.stm32cube.ide.mcu.externaltools.gnu-tools-for-stm32.12.3.rel1.win32_1.0.100.202403111256/tools/bin/../lib/gcc/arm-none-eabi/12.3.1/thumb/v6-m/nofp\libgcc.a(floatsidf.o)
 .ARM.attributes
                0x00000865       0x2c C:/ST/STM32CubeIDE_1.15.1/STM32CubeIDE/plugins/com.st.stm32cube.ide.mcu.externaltools.gnu-tools-for-stm32.12.3.rel1.win32_1.0.100.202403111256/tools/bin/../lib/gcc/arm-none-eabi/12.3.1/thumb/v6-m/nofp\libgcc.a(extendsfdf2.o)
 .ARM.attributes
                0x00000891       0x2c C:/ST/STM32CubeIDE_1.15.1/STM32CubeIDE/plugins/com.st.stm32cube.ide.mcu.externaltools.gnu-tools-for-stm32.12.3.rel1.win32_1.0.100.202403111256/tools/bin/../lib/gcc/arm-none-eabi/12.3.1/thumb/v6-m/nofp\libgcc.a(truncdfsf2.o)
 .ARM.attributes
                0x000008bd       0x1e C:/ST/STM32CubeIDE_1.15.1/STM32CubeIDE/plugins/com.st.stm32cube.ide.mcu.externaltools.gnu-tools-for-stm32.12.3.rel1.win32_1.0.100.202403111256/tools/bin/../lib/gcc/arm-none-eabi/12.3.1/thumb/v6-m/nofp\libgcc.a(_clzsi2.o)
 .ARM.attributes
                0x000008db       0x1e C:/ST/STM32CubeIDE_1.15.1/STM32CubeIDE/plugins/com.st.stm32cube.ide.mcu.externaltools.gnu-tools-for-stm32.12.3.rel1.win32_1.0.100.202403111256/tools/bin/../lib/gcc/arm-none-eabi/12.3.1/thumb/v6-m/nofp/crtn.o
OUTPUT(iSTM32PSU-F030CC.elf elf32-littlearm)
LOAD linker stubs
LOAD C:/ST/STM32CubeIDE_1.15.1/STM32CubeIDE/plugins/com.st.stm32cube.ide.mcu.externaltools.gnu-tools-for-stm32.12.3.rel1.win32_1.0.100.202403111256/tools/bin/../lib/gcc/arm-none-eabi/12.3.1/../../../../arm-none-eabi/lib/thumb/v6-m/nofp\libc.a
LOAD C:/ST/STM32CubeIDE_1.15.1/STM32CubeIDE/plugins/com.st.stm32cube.ide.mcu.externaltools.gnu-tools-for-stm32.12.3.rel1.win32_1.0.100.202403111256/tools/bin/../lib/gcc/arm-none-eabi/12.3.1/../../../../arm-none-eabi/lib/thumb/v6-m/nofp\libm.a
LOAD C:/ST/STM32CubeIDE_1.15.1/STM32CubeIDE/plugins/com.st.stm32cube.ide.mcu.externaltools.gnu-tools-for-stm32.12.3.rel1.win32_1.0.100.202403111256/tools/bin/../lib/gcc/arm-none-eabi/12.3.1/thumb/v6-m/nofp\libgcc.a

.debug_info     0x00000000    0x13b16
 .debug_info    0x00000000     0x2309 ./Core/Src/main.o
 .debug_info    0x00002309      0xd91 ./Core/Src/psu.o
 .debug_info    0x0000309a     0x175e ./Core/Src/stm32f0xx_hal_msp.o
 .debug_info    0x000047f8      0xc93 ./Core/Src/stm32f0xx_it.o
 .debug_info    0x0000548b      0x242 ./Core/Src/system_stm32f0xx.o
 .debug_info    0x000056cd       0x30 ./Core/Startup/startup_stm32f030cctx.o
 .debug_info    0x000056fd      0x19a ./Drivers/ST7735/fonts.o
 .debug_info    0x00005897     0x1684 ./Drivers/ST7735/st7735.o
 .debug_info    0x00006f1b      0x67c ./Drivers/STM32F0xx_HAL_Driver/Src/stm32f0xx_hal.o
 .debug_info    0x00007597      0xc9a ./Drivers/STM32F0xx_HAL_Driver/Src/stm32f0xx_hal_adc.o
 .debug_info    0x00008231      0x5a1 ./Drivers/STM32F0xx_HAL_Driver/Src/stm32f0xx_hal_adc_ex.o
 .debug_info    0x000087d2      0x6a7 ./Drivers/STM32F0xx_HAL_Driver/Src/stm32f0xx_hal_cortex.o
 .debug_info    0x00008e79      0x72a ./Drivers/STM32F0xx_HAL_Driver/Src/stm32f0xx_hal_dma.o
 .debug_info    0x000095a3      0x4fc ./Drivers/STM32F0xx_HAL_Driver/Src/stm32f0xx_hal_flash.o
 .debug_info    0x00009a9f      0x73c ./Drivers/STM32F0xx_HAL_Driver/Src/stm32f0xx_hal_flash_ex.o
 .debug_info    0x0000a1db      0x5bf ./Drivers/STM32F0xx_HAL_Driver/Src/stm32f0xx_hal_gpio.o
 .debug_info    0x0000a79a     0x207c ./Drivers/STM32F0xx_HAL_Driver/Src/stm32f0xx_hal_i2c.o
 .debug_info    0x0000c816      0x812 ./Drivers/STM32F0xx_HAL_Driver/Src/stm32f0xx_hal_i2c_ex.o
 .debug_info    0x0000d028      0x844 ./Drivers/STM32F0xx_HAL_Driver/Src/stm32f0xx_hal_rcc.o
 .debug_info    0x0000d86c      0x35d ./Drivers/STM32F0xx_HAL_Driver/Src/stm32f0xx_hal_rcc_ex.o
 .debug_info    0x0000dbc9      0xb07 ./Drivers/STM32F0xx_HAL_Driver/Src/stm32f0xx_hal_rtc.o
 .debug_info    0x0000e6d0     0x1642 ./Drivers/STM32F0xx_HAL_Driver/Src/stm32f0xx_hal_spi.o
 .debug_info    0x0000fd12     0x2952 ./Drivers/STM32F0xx_HAL_Driver/Src/stm32f0xx_hal_tim.o
 .debug_info    0x00012664     0x14b2 ./Drivers/STM32F0xx_HAL_Driver/Src/stm32f0xx_hal_tim_ex.o

.debug_abbrev   0x00000000     0x3085
 .debug_abbrev  0x00000000      0x331 ./Core/Src/main.o
 .debug_abbrev  0x00000331      0x296 ./Core/Src/psu.o
 .debug_abbrev  0x000005c7      0x281 ./Core/Src/stm32f0xx_hal_msp.o
 .debug_abbrev  0x00000848      0x1b3 ./Core/Src/stm32f0xx_it.o
 .debug_abbrev  0x000009fb      0x11c ./Core/Src/system_stm32f0xx.o
 .debug_abbrev  0x00000b17       0x24 ./Core/Startup/startup_stm32f030cctx.o
 .debug_abbrev  0x00000b3b       0xb3 ./Drivers/ST7735/fonts.o
 .debug_abbrev  0x00000bee      0x2ab ./Drivers/ST7735/st7735.o
 .debug_abbrev  0x00000e99      0x24b ./Drivers/STM32F0xx_HAL_Driver/Src/stm32f0xx_hal.o
 .debug_abbrev  0x000010e4      0x210 ./Drivers/STM32F0xx_HAL_Driver/Src/stm32f0xx_hal_adc.o
 .debug_abbrev  0x000012f4      0x138 ./Drivers/STM32F0xx_HAL_Driver/Src/stm32f0xx_hal_adc_ex.o
 .debug_abbrev  0x0000142c      0x28c ./Drivers/STM32F0xx_HAL_Driver/Src/stm32f0xx_hal_cortex.o
 .debug_abbrev  0x000016b8      0x201 ./Drivers/STM32F0xx_HAL_Driver/Src/stm32f0xx_hal_dma.o
 .debug_abbrev  0x000018b9      0x226 ./Drivers/STM32F0xx_HAL_Driver/Src/stm32f0xx_hal_flash.o
 .debug_abbrev  0x00001adf      0x212 ./Drivers/STM32F0xx_HAL_Driver/Src/stm32f0xx_hal_flash_ex.o
 .debug_abbrev  0x00001cf1      0x1ca ./Drivers/STM32F0xx_HAL_Driver/Src/stm32f0xx_hal_gpio.o
 .debug_abbrev  0x00001ebb      0x282 ./Drivers/STM32F0xx_HAL_Driver/Src/stm32f0xx_hal_i2c.o
 .debug_abbrev  0x0000213d      0x1d4 ./Drivers/STM32F0xx_HAL_Driver/Src/stm32f0xx_hal_i2c_ex.o
 .debug_abbrev  0x00002311      0x28b ./Drivers/STM32F0xx_HAL_Driver/Src/stm32f0xx_hal_rcc.o
 .debug_abbrev  0x0000259c      0x16f ./Drivers/STM32F0xx_HAL_Driver/Src/stm32f0xx_hal_rcc_ex.o
 .debug_abbrev  0x0000270b      0x1e0 ./Drivers/STM32F0xx_HAL_Driver/Src/stm32f0xx_hal_rtc.o
 .debug_abbrev  0x000028eb      0x277 ./Drivers/STM32F0xx_HAL_Driver/Src/stm32f0xx_hal_spi.o
 .debug_abbrev  0x00002b62      0x28c ./Drivers/STM32F0xx_HAL_Driver/Src/stm32f0xx_hal_tim.o
 .debug_abbrev  0x00002dee      0x297 ./Drivers/STM32F0xx_HAL_Driver/Src/stm32f0xx_hal_tim_ex.o

.debug_aranges  0x00000000     0x13a8
 .debug_aranges
                0x00000000       0x98 ./Core/Src/main.o
 .debug_aranges
                0x00000098       0x60 ./Core/Src/psu.o
 .debug_aranges
                0x000000f8       0x98 ./Core/Src/stm32f0xx_hal_msp.o
 .debug_aranges
                0x00000190       0x68 ./Core/Src/stm32f0xx_it.o
 .debug_aranges
                0x000001f8       0x28 ./Core/Src/system_stm32f0xx.o
 .debug_aranges
                0x00000220       0x28 ./Core/Startup/startup_stm32f030cctx.o
 .debug_aranges
                0x00000248       0x18 ./Drivers/ST7735/fonts.o
 .debug_aranges
                0x00000260      0x120 ./Drivers/ST7735/st7735.o
 .debug_aranges
                0x00000380       0xd0 ./Drivers/STM32F0xx_HAL_Driver/Src/stm32f0xx_hal.o
 .debug_aranges
                0x00000450       0xf8 ./Drivers/STM32F0xx_HAL_Driver/Src/stm32f0xx_hal_adc.o
 .debug_aranges
                0x00000548       0x20 ./Drivers/STM32F0xx_HAL_Driver/Src/stm32f0xx_hal_adc_ex.o
 .debug_aranges
                0x00000568       0xc0 ./Drivers/STM32F0xx_HAL_Driver/Src/stm32f0xx_hal_cortex.o
 .debug_aranges
                0x00000628       0x88 ./Drivers/STM32F0xx_HAL_Driver/Src/stm32f0xx_hal_dma.o
 .debug_aranges
                0x000006b0       0x88 ./Drivers/STM32F0xx_HAL_Driver/Src/stm32f0xx_hal_flash.o
 .debug_aranges
                0x00000738       0x98 ./Drivers/STM32F0xx_HAL_Driver/Src/stm32f0xx_hal_flash_ex.o
 .debug_aranges
                0x000007d0       0x58 ./Drivers/STM32F0xx_HAL_Driver/Src/stm32f0xx_hal_gpio.o
 .debug_aranges
                0x00000828      0x2a0 ./Drivers/STM32F0xx_HAL_Driver/Src/stm32f0xx_hal_i2c.o
 .debug_aranges
                0x00000ac8       0x38 ./Drivers/STM32F0xx_HAL_Driver/Src/stm32f0xx_hal_i2c_ex.o
 .debug_aranges
                0x00000b00       0x80 ./Drivers/STM32F0xx_HAL_Driver/Src/stm32f0xx_hal_rcc.o
 .debug_aranges
                0x00000b80       0x30 ./Drivers/STM32F0xx_HAL_Driver/Src/stm32f0xx_hal_rcc_ex.o
 .debug_aranges
                0x00000bb0       0xe8 ./Drivers/STM32F0xx_HAL_Driver/Src/stm32f0xx_hal_rtc.o
 .debug_aranges
                0x00000c98      0x1d8 ./Drivers/STM32F0xx_HAL_Driver/Src/stm32f0xx_hal_spi.o
 .debug_aranges
                0x00000e70      0x3d0 ./Drivers/STM32F0xx_HAL_Driver/Src/stm32f0xx_hal_tim.o
 .debug_aranges
                0x00001240      0x168 ./Drivers/STM32F0xx_HAL_Driver/Src/stm32f0xx_hal_tim_ex.o

.debug_rnglists
                0x00000000      0xf5d
 .debug_rnglists
                0x00000000       0x78 ./Core/Src/main.o
 .debug_rnglists
                0x00000078       0x4b ./Core/Src/psu.o
 .debug_rnglists
                0x000000c3       0x73 ./Core/Src/stm32f0xx_hal_msp.o
 .debug_rnglists
                0x00000136       0x49 ./Core/Src/stm32f0xx_it.o
 .debug_rnglists
                0x0000017f       0x1a ./Core/Src/system_stm32f0xx.o
 .debug_rnglists
                0x00000199       0x19 ./Core/Startup/startup_stm32f030cctx.o
 .debug_rnglists
                0x000001b2       0xe8 ./Drivers/ST7735/st7735.o
 .debug_rnglists
                0x0000029a       0x97 ./Drivers/STM32F0xx_HAL_Driver/Src/stm32f0xx_hal.o
 .debug_rnglists
                0x00000331       0xc6 ./Drivers/STM32F0xx_HAL_Driver/Src/stm32f0xx_hal_adc.o
 .debug_rnglists
                0x000003f7       0x14 ./Drivers/STM32F0xx_HAL_Driver/Src/stm32f0xx_hal_adc_ex.o
 .debug_rnglists
                0x0000040b       0x8c ./Drivers/STM32F0xx_HAL_Driver/Src/stm32f0xx_hal_cortex.o
 .debug_rnglists
                0x00000497       0x6a ./Drivers/STM32F0xx_HAL_Driver/Src/stm32f0xx_hal_dma.o
 .debug_rnglists
                0x00000501       0x65 ./Drivers/STM32F0xx_HAL_Driver/Src/stm32f0xx_hal_flash.o
 .debug_rnglists
                0x00000566       0x76 ./Drivers/STM32F0xx_HAL_Driver/Src/stm32f0xx_hal_flash_ex.o
 .debug_rnglists
                0x000005dc       0x3f ./Drivers/STM32F0xx_HAL_Driver/Src/stm32f0xx_hal_gpio.o
 .debug_rnglists
                0x0000061b      0x229 ./Drivers/STM32F0xx_HAL_Driver/Src/stm32f0xx_hal_i2c.o
 .debug_rnglists
                0x00000844       0x27 ./Drivers/STM32F0xx_HAL_Driver/Src/stm32f0xx_hal_i2c_ex.o
 .debug_rnglists
                0x0000086b       0x61 ./Drivers/STM32F0xx_HAL_Driver/Src/stm32f0xx_hal_rcc.o
 .debug_rnglists
                0x000008cc       0x21 ./Drivers/STM32F0xx_HAL_Driver/Src/stm32f0xx_hal_rcc_ex.o
 .debug_rnglists
                0x000008ed       0xb4 ./Drivers/STM32F0xx_HAL_Driver/Src/stm32f0xx_hal_rtc.o
 .debug_rnglists
                0x000009a1      0x17a ./Drivers/STM32F0xx_HAL_Driver/Src/stm32f0xx_hal_spi.o
 .debug_rnglists
                0x00000b1b      0x31c ./Drivers/STM32F0xx_HAL_Driver/Src/stm32f0xx_hal_tim.o
 .debug_rnglists
                0x00000e37      0x126 ./Drivers/STM32F0xx_HAL_Driver/Src/stm32f0xx_hal_tim_ex.o

.debug_macro    0x00000000    0x12af6
 .debug_macro   0x00000000      0x289 ./Core/Src/main.o
 .debug_macro   0x00000289      0xa8a ./Core/Src/main.o
 .debug_macro   0x00000d13      0x13f ./Core/Src/main.o
 .debug_macro   0x00000e52       0x2e ./Core/Src/main.o
 .debug_macro   0x00000e80       0x22 ./Core/Src/main.o
 .debug_macro   0x00000ea2       0x22 ./Core/Src/main.o
 .debug_macro   0x00000ec4       0x8e ./Core/Src/main.o
 .debug_macro   0x00000f52       0x51 ./Core/Src/main.o
 .debug_macro   0x00000fa3      0x103 ./Core/Src/main.o
 .debug_macro   0x000010a6       0x6a ./Core/Src/main.o
 .debug_macro   0x00001110      0x1df ./Core/Src/main.o
 .debug_macro   0x000012ef       0x1c ./Core/Src/main.o
 .debug_macro   0x0000130b       0x22 ./Core/Src/main.o
 .debug_macro   0x0000132d       0xaf ./Core/Src/main.o
 .debug_macro   0x000013dc      0x391 ./Core/Src/main.o
 .debug_macro   0x0000176d     0x785b ./Core/Src/main.o
 .debug_macro   0x00008fc8       0x66 ./Core/Src/main.o
 .debug_macro   0x0000902e     0x34be ./Core/Src/main.o
 .debug_macro   0x0000c4ec      0x189 ./Core/Src/main.o
 .debug_macro   0x0000c675       0x55 ./Core/Src/main.o
 .debug_macro   0x0000c6ca      0x924 ./Core/Src/main.o
 .debug_macro   0x0000cfee      0x289 ./Core/Src/main.o
 .debug_macro   0x0000d277      0x1ae ./Core/Src/main.o
 .debug_macro   0x0000d425      0x153 ./Core/Src/main.o
 .debug_macro   0x0000d578      0x1a0 ./Core/Src/main.o
 .debug_macro   0x0000d718      0x1bc ./Core/Src/main.o
 .debug_macro   0x0000d8d4      0x1dd ./Core/Src/main.o
 .debug_macro   0x0000dab1       0x3c ./Core/Src/main.o
 .debug_macro   0x0000daed       0x28 ./Core/Src/main.o
 .debug_macro   0x0000db15      0x33d ./Core/Src/main.o
 .debug_macro   0x0000de52       0xc2 ./Core/Src/main.o
 .debug_macro   0x0000df14       0xb0 ./Core/Src/main.o
 .debug_macro   0x0000dfc4      0x217 ./Core/Src/main.o
 .debug_macro   0x0000e1db      0x22c ./Core/Src/main.o
 .debug_macro   0x0000e407       0x61 ./Core/Src/main.o
 .debug_macro   0x0000e468       0xa5 ./Core/Src/main.o
 .debug_macro   0x0000e50d       0x4c ./Core/Src/main.o
 .debug_macro   0x0000e559       0x49 ./Core/Src/main.o
 .debug_macro   0x0000e5a2      0x2db ./Core/Src/main.o
 .debug_macro   0x0000e87d      0x3a0 ./Core/Src/main.o
 .debug_macro   0x0000ec1d       0xeb ./Core/Src/main.o
 .debug_macro   0x0000ed08      0x2fe ./Core/Src/main.o
 .debug_macro   0x0000f006      0x8f4 ./Core/Src/main.o
 .debug_macro   0x0000f8fa       0x28 ./Core/Src/main.o
 .debug_macro   0x0000f922      0x10d ./Core/Src/main.o
 .debug_macro   0x0000fa2f       0x22 ./Core/Src/main.o
 .debug_macro   0x0000fa51      0x18b ./Core/Src/main.o
 .debug_macro   0x0000fbdc       0x40 ./Core/Src/main.o
 .debug_macro   0x0000fc1c      0x1be ./Core/Src/main.o
 .debug_macro   0x0000fdda       0x3a ./Core/Src/main.o
 .debug_macro   0x0000fe14      0x249 ./Core/Src/psu.o
 .debug_macro   0x0001005d       0x3a ./Core/Src/psu.o
 .debug_macro   0x00010097      0x208 ./Core/Src/stm32f0xx_hal_msp.o
 .debug_macro   0x0001029f      0x212 ./Core/Src/stm32f0xx_it.o
 .debug_macro   0x000104b1      0x1f0 ./Core/Src/system_stm32f0xx.o
 .debug_macro   0x000106a1       0x6d ./Drivers/ST7735/fonts.o
 .debug_macro   0x0001070e      0x332 ./Drivers/ST7735/st7735.o
 .debug_macro   0x00010a40       0x61 ./Drivers/ST7735/st7735.o
 .debug_macro   0x00010aa1      0x214 ./Drivers/STM32F0xx_HAL_Driver/Src/stm32f0xx_hal.o
 .debug_macro   0x00010cb5      0x214 ./Drivers/STM32F0xx_HAL_Driver/Src/stm32f0xx_hal_adc.o
 .debug_macro   0x00010ec9      0x1fc ./Drivers/STM32F0xx_HAL_Driver/Src/stm32f0xx_hal_adc_ex.o
 .debug_macro   0x000110c5      0x1f0 ./Drivers/STM32F0xx_HAL_Driver/Src/stm32f0xx_hal_cortex.o
 .debug_macro   0x000112b5      0x1f0 ./Drivers/STM32F0xx_HAL_Driver/Src/stm32f0xx_hal_dma.o
 .debug_macro   0x000114a5      0x1f0 ./Drivers/STM32F0xx_HAL_Driver/Src/stm32f0xx_hal_flash.o
 .debug_macro   0x00011695      0x202 ./Drivers/STM32F0xx_HAL_Driver/Src/stm32f0xx_hal_flash_ex.o
 .debug_macro   0x00011897      0x1f7 ./Drivers/STM32F0xx_HAL_Driver/Src/stm32f0xx_hal_gpio.o
 .debug_macro   0x00011a8e      0x2bc ./Drivers/STM32F0xx_HAL_Driver/Src/stm32f0xx_hal_i2c.o
 .debug_macro   0x00011d4a      0x1f0 ./Drivers/STM32F0xx_HAL_Driver/Src/stm32f0xx_hal_i2c_ex.o
 .debug_macro   0x00011f3a      0x202 ./Drivers/STM32F0xx_HAL_Driver/Src/stm32f0xx_hal_rcc.o
 .debug_macro   0x0001213c      0x1f0 ./Drivers/STM32F0xx_HAL_Driver/Src/stm32f0xx_hal_rcc_ex.o
 .debug_macro   0x0001232c      0x1f1 ./Drivers/STM32F0xx_HAL_Driver/Src/stm32f0xx_hal_rtc.o
 .debug_macro   0x0001251d      0x1f8 ./Drivers/STM32F0xx_HAL_Driver/Src/stm32f0xx_hal_spi.o
 .debug_macro   0x00012715      0x1f1 ./Drivers/STM32F0xx_HAL_Driver/Src/stm32f0xx_hal_tim.o
 .debug_macro   0x00012906      0x1f0 ./Drivers/STM32F0xx_HAL_Driver/Src/stm32f0xx_hal_tim_ex.o

.debug_line     0x00000000    0x1945f
 .debug_line    0x00000000     0x14c6 ./Core/Src/main.o
 .debug_line    0x000014c6      0xdfc ./Core/Src/psu.o
 .debug_line    0x000022c2      0xa62 ./Core/Src/stm32f0xx_hal_msp.o
 .debug_line    0x00002d24      0x8c6 ./Core/Src/stm32f0xx_it.o
 .debug_line    0x000035ea      0x83f ./Core/Src/system_stm32f0xx.o
 .debug_line    0x00003e29       0x7b ./Core/Startup/startup_stm32f030cctx.o
 .debug_line    0x00003ea4      0x40c ./Drivers/ST7735/fonts.o
 .debug_line    0x000042b0     0x156c ./Drivers/ST7735/st7735.o
 .debug_line    0x0000581c      0xa45 ./Drivers/STM32F0xx_HAL_Driver/Src/stm32f0xx_hal.o
 .debug_line    0x00006261     0x1277 ./Drivers/STM32F0xx_HAL_Driver/Src/stm32f0xx_hal_adc.o
 .debug_line    0x000074d8      0x85b ./Drivers/STM32F0xx_HAL_Driver/Src/stm32f0xx_hal_adc_ex.o
 .debug_line    0x00007d33      0xaf1 ./Drivers/STM32F0xx_HAL_Driver/Src/stm32f0xx_hal_cortex.o
 .debug_line    0x00008824      0xd69 ./Drivers/STM32F0xx_HAL_Driver/Src/stm32f0xx_hal_dma.o
 .debug_line    0x0000958d      0xb16 ./Drivers/STM32F0xx_HAL_Driver/Src/stm32f0xx_hal_flash.o
 .debug_line    0x0000a0a3      0xc3e ./Drivers/STM32F0xx_HAL_Driver/Src/stm32f0xx_hal_flash_ex.o
 .debug_line    0x0000ace1      0xbde ./Drivers/STM32F0xx_HAL_Driver/Src/stm32f0xx_hal_gpio.o
 .debug_line    0x0000b8bf     0x38fe ./Drivers/STM32F0xx_HAL_Driver/Src/stm32f0xx_hal_i2c.o
 .debug_line    0x0000f1bd      0x906 ./Drivers/STM32F0xx_HAL_Driver/Src/stm32f0xx_hal_i2c_ex.o
 .debug_line    0x0000fac3      0xe2f ./Drivers/STM32F0xx_HAL_Driver/Src/stm32f0xx_hal_rcc.o
 .debug_line    0x000108f2      0x9a1 ./Drivers/STM32F0xx_HAL_Driver/Src/stm32f0xx_hal_rcc_ex.o
 .debug_line    0x00011293     0x10cb ./Drivers/STM32F0xx_HAL_Driver/Src/stm32f0xx_hal_rtc.o
 .debug_line    0x0001235e     0x1f85 ./Drivers/STM32F0xx_HAL_Driver/Src/stm32f0xx_hal_spi.o
 .debug_line    0x000142e3     0x37bc ./Drivers/STM32F0xx_HAL_Driver/Src/stm32f0xx_hal_tim.o
 .debug_line    0x00017a9f     0x19c0 ./Drivers/STM32F0xx_HAL_Driver/Src/stm32f0xx_hal_tim_ex.o

.debug_str      0x00000000    0x746ce
 .debug_str     0x00000000    0x6cf9d ./Core/Src/main.o
                              0x6d545 (size before relaxing)
 .debug_str     0x0006cf9d      0x320 ./Core/Src/psu.o
                              0x6c273 (size before relaxing)
 .debug_str     0x0006d2bd      0x1a6 ./Core/Src/stm32f0xx_hal_msp.o
                              0x6c477 (size before relaxing)
 .debug_str     0x0006d463       0xf7 ./Core/Src/stm32f0xx_it.o
                              0x6be59 (size before relaxing)
 .debug_str     0x0006d55a       0x8b ./Core/Src/system_stm32f0xx.o
                              0x6ae0b (size before relaxing)
 .debug_str     0x0006d5e5       0x44 ./Core/Startup/startup_stm32f030cctx.o
                                 0x83 (size before relaxing)
 .debug_str     0x0006d629       0x37 ./Drivers/ST7735/fonts.o
                               0x3caf (size before relaxing)
 .debug_str     0x0006d660     0x369d ./Drivers/ST7735/st7735.o
                              0x6f5b4 (size before relaxing)
 .debug_str     0x00070cfd      0x370 ./Drivers/STM32F0xx_HAL_Driver/Src/stm32f0xx_hal.o
                              0x6b3b7 (size before relaxing)
 .debug_str     0x0007106d      0x366 ./Drivers/STM32F0xx_HAL_Driver/Src/stm32f0xx_hal_adc.o
                              0x6b528 (size before relaxing)
 .debug_str     0x000713d3       0x8c ./Drivers/STM32F0xx_HAL_Driver/Src/stm32f0xx_hal_adc_ex.o
                              0x6b1a2 (size before relaxing)
 .debug_str     0x0007145f      0x16f ./Drivers/STM32F0xx_HAL_Driver/Src/stm32f0xx_hal_cortex.o
                              0x6b1a8 (size before relaxing)
 .debug_str     0x000715ce      0x1ff ./Drivers/STM32F0xx_HAL_Driver/Src/stm32f0xx_hal_dma.o
                              0x6b1c1 (size before relaxing)
 .debug_str     0x000717cd      0x253 ./Drivers/STM32F0xx_HAL_Driver/Src/stm32f0xx_hal_flash.o
                              0x6b0b6 (size before relaxing)
 .debug_str     0x00071a20      0x2c4 ./Drivers/STM32F0xx_HAL_Driver/Src/stm32f0xx_hal_flash_ex.o
                              0x6b235 (size before relaxing)
 .debug_str     0x00071ce4       0xfc ./Drivers/STM32F0xx_HAL_Driver/Src/stm32f0xx_hal_gpio.o
                              0x6afac (size before relaxing)
 .debug_str     0x00071de0      0xdf6 ./Drivers/STM32F0xx_HAL_Driver/Src/stm32f0xx_hal_i2c.o
                              0x6c17c (size before relaxing)
 .debug_str     0x00072bd6       0x89 ./Drivers/STM32F0xx_HAL_Driver/Src/stm32f0xx_hal_i2c_ex.o
                              0x6b374 (size before relaxing)
 .debug_str     0x00072c5f      0x204 ./Drivers/STM32F0xx_HAL_Driver/Src/stm32f0xx_hal_rcc.o
                              0x6b247 (size before relaxing)
 .debug_str     0x00072e63       0x97 ./Drivers/STM32F0xx_HAL_Driver/Src/stm32f0xx_hal_rcc_ex.o
                              0x6af54 (size before relaxing)
 .debug_str     0x00072efa      0x277 ./Drivers/STM32F0xx_HAL_Driver/Src/stm32f0xx_hal_rtc.o
                              0x6b2c6 (size before relaxing)
 .debug_str     0x00073171      0x52c ./Drivers/STM32F0xx_HAL_Driver/Src/stm32f0xx_hal_spi.o
                              0x6b785 (size before relaxing)
 .debug_str     0x0007369d      0xc50 ./Drivers/STM32F0xx_HAL_Driver/Src/stm32f0xx_hal_tim.o
                              0x6c221 (size before relaxing)
 .debug_str     0x000742ed      0x3e1 ./Drivers/STM32F0xx_HAL_Driver/Src/stm32f0xx_hal_tim_ex.o
                              0x6ba3d (size before relaxing)

.comment        0x00000000       0x43
 .comment       0x00000000       0x43 ./Core/Src/main.o