../Drivers/ST7735/st7735.c:130:13:ST7735_GPIO_Init	8	static
../Drivers/ST7735/st7735.c:148:13:ST7735_Reset	8	static
../Drivers/ST7735/st7735.c:155:13:ST7735_WriteCommand	16	static
../Drivers/ST7735/st7735.c:168:13:ST7735_WriteData	16	static
../Drivers/ST7735/st7735.c:179:13:ST7735_ExecuteCommandList	32	static
../Drivers/ST7735/st7735.c:209:13:ST7735_SetAddressWindow	32	static
../Drivers/ST7735/st7735.c:226:13:ST7735_WriteChar	48	static
../Drivers/ST7735/st7735.c:251:6:ST7735_Init	8	static
../Drivers/ST7735/st7735.c:262:6:ST7735_DrawPixel	32	static
../Drivers/ST7735/st7735.c:276:6:ST7735_DrawString	48	static
../Drivers/ST7735/st7735.c:306:6:ST7735_DrawChar	40	static
../Drivers/ST7735/st7735.c:313:6:ST7735_FillRectangle	72	dynamic
../Drivers/ST7735/st7735.c:351:6:ST7735_FillScreen	24	static
../Drivers/ST7735/st7735.c:356:6:ST7735_DrawImage	24	static
../Drivers/ST7735/st7735.c:368:6:ST7735_InvertColors	16	static
../Drivers/ST7735/st7735.c:390:6:ST7735_DrawCircle	32	static
../Drivers/ST7735/st7735.c:430:6:ST7735_DrawCircleHelper	32	static
../Drivers/ST7735/st7735.c:476:6:ST7735_FillCircle	32	static
../Drivers/ST7735/st7735.c:487:6:ST7735_FillCircleHelper	40	static
../Drivers/ST7735/st7735.c:524:6:ST7735_DrawEllipse	56	static
../Drivers/ST7735/st7735.c:568:6:ST7735_FillEllipse	56	static
../Drivers/ST7735/st7735.c:612:6:ST7735_DrawRect	24	static
../Drivers/ST7735/st7735.c:625:6:ST7735_DrawRoundRect	40	static
../Drivers/ST7735/st7735.c:644:6:ST7735_FillRoundRect	40	static
../Drivers/ST7735/st7735.c:659:6:ST7735_DrawTriangle	40	static
../Drivers/ST7735/st7735.c:671:6:ST7735_FillTriangle	72	static
../Drivers/ST7735/st7735.c:754:6:ST7735_DrawLine	48	static
../Drivers/ST7735/st7735.c:808:6:ST7735_DrawFastVLine	32	static
../Drivers/ST7735/st7735.c:826:6:ST7735_DrawFastHLine	32	static
../Drivers/ST7735/st7735.c:843:6:ST7735_SetRotation	24	static
../Drivers/ST7735/st7735.c:897:9:ST7735_GetRotation	8	static
../Drivers/ST7735/st7735.c:902:9:ST7735_GetHeight	8	static
../Drivers/ST7735/st7735.c:907:9:ST7735_GetWidth	8	static
