../Core/Src/main.c:147:5:main	112	static
../Core/Src/main.c:433:6:SystemClock_Config	96	static
../Core/Src/main.c:481:13:MX_ADC_Init	24	static
../Core/Src/main.c:551:13:MX_CRC_Init	8	static
../Core/Src/main.c:581:13:MX_I2C1_Init	8	static
../Core/Src/main.c:629:13:MX_I2C2_Init	8	static
../Core/Src/main.c:677:13:MX_RTC_Init	8	static
../Core/Src/main.c:712:13:MX_SPI1_Init	8	static
../Core/Src/main.c:752:13:MX_TIM1_Init	80	static
../Core/Src/main.c:817:13:MX_TIM3_Init	64	static
../Core/Src/main.c:866:13:MX_TIM6_Init	8	static
../Core/Src/main.c:894:13:MX_DMA_Init	16	static
../Core/Src/main.c:915:13:MX_GPIO_Init	56	static
../Core/Src/main.c:990:6:HAL_TIM_PeriodElapsedCallback	16	static
../Core/Src/main.c:1028:6:menu_handler	40	static
../Core/Src/main.c:1290:6:device_settings	48	static
../Core/Src/main.c:1445:6:HAL_I2C_SlaveRxCpltCallback	24	static
../Core/Src/main.c:1489:6:Error_Handler	24	static,ignoring_inline_asm
