../Core/Src/main.c:150:5:main	112	static
../Core/Src/main.c:384:6:SystemClock_Config	96	static
../Core/Src/main.c:432:13:MX_ADC_Init	24	static
../Core/Src/main.c:502:13:MX_CRC_Init	8	static
../Core/Src/main.c:532:13:MX_I2C1_Init	8	static
../Core/Src/main.c:580:13:MX_I2C2_Init	8	static
../Core/Src/main.c:628:13:MX_RTC_Init	8	static
../Core/Src/main.c:663:13:MX_SPI1_Init	8	static
../Core/Src/main.c:703:13:MX_TIM1_Init	80	static
../Core/Src/main.c:768:13:MX_TIM3_Init	64	static
../Core/Src/main.c:817:13:MX_TIM6_Init	8	static
../Core/Src/main.c:845:13:MX_DMA_Init	16	static
../Core/Src/main.c:866:13:MX_GPIO_Init	56	static
../Core/Src/main.c:941:6:HAL_TIM_PeriodElapsedCallback	16	static
../Core/Src/main.c:979:6:menu_handler	40	static
../Core/Src/main.c:1222:6:device_settings	48	static
../Core/Src/main.c:1377:6:HAL_I2C_SlaveRxCpltCallback	24	static
../Core/Src/main.c:1419:6:Error_Handler	8	static,ignoring_inline_asm
