../Core/Src/main.c:147:5:main	42
../Core/Src/main.c:433:6:SystemClock_Config	4
../Core/Src/main.c:481:13:MX_ADC_Init	5
../Core/Src/main.c:551:13:MX_CRC_Init	2
../Core/Src/main.c:581:13:MX_I2C1_Init	4
../Core/Src/main.c:629:13:MX_I2C2_Init	4
../Core/Src/main.c:677:13:MX_RTC_Init	2
../Core/Src/main.c:712:13:MX_SPI1_Init	2
../Core/Src/main.c:752:13:MX_TIM1_Init	5
../Core/Src/main.c:817:13:MX_TIM3_Init	3
../Core/Src/main.c:866:13:MX_TIM6_Init	2
../Core/Src/main.c:894:13:MX_DMA_Init	1
../Core/Src/main.c:915:13:MX_GPIO_Init	1
../Core/Src/main.c:990:6:HAL_TIM_PeriodElapsedCallback	12
../Core/Src/main.c:1028:6:menu_handler	67
../Core/Src/main.c:1290:6:device_settings	57
../Core/Src/main.c:1445:6:HAL_I2C_SlaveRxCpltCallback	6
../Core/Src/main.c:1489:6:Error_Handler	1
