../Drivers/STM32F0xx_HAL_Driver/Src/stm32f0xx_hal_rtc_ex.c:159:19:HAL_RTCEx_SetTimeStamp	32	static
../Drivers/STM32F0xx_HAL_Driver/Src/stm32f0xx_hal_rtc_ex.c:229:19:HAL_RTCEx_SetTimeStamp_IT	32	static
../Drivers/STM32F0xx_HAL_Driver/Src/stm32f0xx_hal_rtc_ex.c:293:19:HAL_RTCEx_DeactivateTimeStamp	24	static
../Drivers/STM32F0xx_HAL_Driver/Src/stm32f0xx_hal_rtc_ex.c:337:19:HAL_RTCEx_GetTimeStamp	32	static
../Drivers/STM32F0xx_HAL_Driver/Src/stm32f0xx_hal_rtc_ex.c:390:19:HAL_RTCEx_SetTamper	24	static
../Drivers/STM32F0xx_HAL_Driver/Src/stm32f0xx_hal_rtc_ex.c:464:19:HAL_RTCEx_SetTamper_IT	24	static
../Drivers/STM32F0xx_HAL_Driver/Src/stm32f0xx_hal_rtc_ex.c:548:19:HAL_RTCEx_DeactivateTamper	16	static
../Drivers/STM32F0xx_HAL_Driver/Src/stm32f0xx_hal_rtc_ex.c:574:6:HAL_RTCEx_TamperTimeStampIRQHandler	16	static
../Drivers/STM32F0xx_HAL_Driver/Src/stm32f0xx_hal_rtc_ex.c:664:13:HAL_RTCEx_TimeStampEventCallback	16	static
../Drivers/STM32F0xx_HAL_Driver/Src/stm32f0xx_hal_rtc_ex.c:680:13:HAL_RTCEx_Tamper1EventCallback	16	static
../Drivers/STM32F0xx_HAL_Driver/Src/stm32f0xx_hal_rtc_ex.c:696:13:HAL_RTCEx_Tamper2EventCallback	16	static
../Drivers/STM32F0xx_HAL_Driver/Src/stm32f0xx_hal_rtc_ex.c:731:19:HAL_RTCEx_PollForTimeStampEvent	24	static
../Drivers/STM32F0xx_HAL_Driver/Src/stm32f0xx_hal_rtc_ex.c:774:19:HAL_RTCEx_PollForTamper1Event	24	static
../Drivers/STM32F0xx_HAL_Driver/Src/stm32f0xx_hal_rtc_ex.c:810:19:HAL_RTCEx_PollForTamper2Event	24	static
../Drivers/STM32F0xx_HAL_Driver/Src/stm32f0xx_hal_rtc_ex.c:901:19:HAL_RTCEx_SetWakeUpTimer	32	static
../Drivers/STM32F0xx_HAL_Driver/Src/stm32f0xx_hal_rtc_ex.c:997:19:HAL_RTCEx_SetWakeUpTimer_IT	32	static
../Drivers/STM32F0xx_HAL_Driver/Src/stm32f0xx_hal_rtc_ex.c:1098:19:HAL_RTCEx_DeactivateWakeUpTimer	24	static
../Drivers/STM32F0xx_HAL_Driver/Src/stm32f0xx_hal_rtc_ex.c:1153:10:HAL_RTCEx_GetWakeUpTimer	16	static
../Drivers/STM32F0xx_HAL_Driver/Src/stm32f0xx_hal_rtc_ex.c:1165:6:HAL_RTCEx_WakeUpTimerIRQHandler	16	static
../Drivers/STM32F0xx_HAL_Driver/Src/stm32f0xx_hal_rtc_ex.c:1198:13:HAL_RTCEx_WakeUpTimerEventCallback	16	static
../Drivers/STM32F0xx_HAL_Driver/Src/stm32f0xx_hal_rtc_ex.c:1215:19:HAL_RTCEx_PollForWakeUpTimerEvent	24	static
../Drivers/STM32F0xx_HAL_Driver/Src/stm32f0xx_hal_rtc_ex.c:1341:19:HAL_RTCEx_SetSmoothCalib	32	static
../Drivers/STM32F0xx_HAL_Driver/Src/stm32f0xx_hal_rtc_ex.c:1413:19:HAL_RTCEx_SetSynchroShift	32	static
../Drivers/STM32F0xx_HAL_Driver/Src/stm32f0xx_hal_rtc_ex.c:1508:19:HAL_RTCEx_SetCalibrationOutPut	16	static
../Drivers/STM32F0xx_HAL_Driver/Src/stm32f0xx_hal_rtc_ex.c:1547:19:HAL_RTCEx_DeactivateCalibrationOutPut	16	static
../Drivers/STM32F0xx_HAL_Driver/Src/stm32f0xx_hal_rtc_ex.c:1577:19:HAL_RTCEx_SetRefClock	32	static
../Drivers/STM32F0xx_HAL_Driver/Src/stm32f0xx_hal_rtc_ex.c:1621:19:HAL_RTCEx_DeactivateRefClock	32	static
../Drivers/STM32F0xx_HAL_Driver/Src/stm32f0xx_hal_rtc_ex.c:1667:19:HAL_RTCEx_EnableBypassShadow	16	static
../Drivers/STM32F0xx_HAL_Driver/Src/stm32f0xx_hal_rtc_ex.c:1700:19:HAL_RTCEx_DisableBypassShadow	16	static
